<![CDATA[I/ThermalEngine(  519): ACTION: GPU - Setting GPU[0] to 600000000

]]><xtc-scenario name="[0-1106]CareerBuilder_Search.DroidFeatureTests.SavedJobsTests.StartingFilterShowsAllAndHasAllJobs" id="[0-1106]CareerBuilder_Search.DroidFeatureTests.SavedJobsTests.StartingFilterShowsAllAndHasAllJobs"><![CDATA[
I/ThermalEngine(  519): ACTION: GPU - Setting GPU[0] to 510000000

]]><xtc-step name="[0-1106]CareerBuilder_Search.DroidFeatureTests.SavedJobsTests.StartingFilterShowsAllAndHasAllJobs-StartingFilterShowsAllAndHasAllJobs" id="[0-1106]CareerBuilder_Search.DroidFeatureTests.SavedJobsTests.StartingFilterShowsAllAndHasAllJobs-StartingFilterShowsAllAndHasAllJobs"><![CDATA[
I/ActivityManager(  927): Killing 7488:com.android.chrome/u0a39 (adj 15): empty #17
I/ThermalEngine(  519): ACTION: GPU - Setting GPU[0] to 450000000
D/WifiStateMachine(  927): starting scan for "xtc-ag"WPA_PSK with 5240,5220,5180
D/AndroidRuntime( 8202): >>>>>> START com.android.internal.os.RuntimeInit uid 2000 <<<<<<
D/AndroidRuntime( 8202): CheckJNI is OFF
D/ICU     ( 8202): No timezone override file found: /data/misc/zoneinfo/current/icu/icu_tzdata.dat
I/Radio-JNI( 8202): register_android_hardware_Radio DONE
D/AndroidRuntime( 8202): Calling main entry com.android.commands.pm.Pm
I/art     ( 8202): System.exit called, status: 0
I/AndroidRuntime( 8202): VM exiting with result code 0.
I/ThermalEngine(  519): ACTION: GPU - Setting GPU[0] to 390000000
I/ThermalEngine(  519): ACTION: GPU - Setting GPU[0] to 450000000
I/ServiceManager(  539): Waiting for service AtCmdFwd...
I/ThermalEngine(  519): ACTION: GPU - Setting GPU[0] to 390000000
I/ServiceManager(  539): Waiting for service AtCmdFwd...
I/ServiceManager(  539): Waiting for service AtCmdFwd...
I/ThermalEngine(  519): ACTION: GPU - Setting GPU[0] to 450000000
I/ServiceManager(  539): Waiting for service AtCmdFwd...
I/ServiceManager(  539): Waiting for service AtCmdFwd...
W/Atfwd_Sendcmd(  539): AtCmdFwd service not published, waiting... retryCnt : 5
D/NetlinkSocketObserver(  927): NeighborEvent{elapsedMs=196400, 10.22.0.1, [B0FAEB975089], RTM_NEWNEIGH, NUD_STALE}
I/ThermalEngine(  519): ACTION: GPU - Setting GPU[0] to 390000000
I/Keyboard.Facilitator.LanguageModelFlusher( 3461): run()
I/Keyboard.Facilitator( 3461): flushDynamicLanguageModels()
I/ThermalEngine(  519): ACTION: GPU - Setting GPU[0] to 450000000
I/ThermalEngine(  519): ACTION: GPU - Setting GPU[0] to 390000000
I/ThermalEngine(  519): ACTION: GPU - Setting GPU[0] to 450000000
I/ThermalEngine(  519): ACTION: GPU - Setting GPU[0] to 390000000
I/ThermalEngine(  519): ACTION: GPU - Setting GPU[0] to 450000000
D/WifiStateMachine(  927): starting scan for "xtc-ag"WPA_PSK with 5240,5220,5180
I/Atfwd_Sendcmd(  539): AtCmdFwd service not ready - Exhausted retry attempts - :6
I/Atfwd_Daemon(  539): result : -1 	 ,Init step :2 	 ,qmiErrorCode: 0
W/ip      ( 8776): type=1400 audit(0.0:73): avc: denied { search } for name="net" dev="dm-2" ino=3440648 scontext=u:r:shell:s0 tcontext=u:object_r:net_data_file:s0 tclass=dir permissive=0
I/ThermalEngine(  519): ACTION: GPU - Setting GPU[0] to 390000000
D/AndroidRuntime( 8829): >>>>>> START com.android.internal.os.RuntimeInit uid 2000 <<<<<<
D/AndroidRuntime( 8829): CheckJNI is OFF
D/ICU     ( 8829): No timezone override file found: /data/misc/zoneinfo/current/icu/icu_tzdata.dat
I/Radio-JNI( 8829): register_android_hardware_Radio DONE
D/AndroidRuntime( 8829): Calling main entry com.android.commands.am.Am
W/ActivityManager(  927): Invalid packageName: com.careerbuilder.SugarDrone
D/AndroidRuntime( 8829): Shutting down VM
I/ThermalEngine(  519): ACTION: GPU - Setting GPU[0] to 450000000
I/ThermalEngine(  519): ACTION: GPU - Setting GPU[0] to 390000000
I/ServiceManager(  539): Waiting for service AtCmdFwd...
I/ServiceManager(  539): Waiting for service AtCmdFwd...
I/ThermalEngine(  519): ACTION: GPU - Setting GPU[0] to 450000000
I/ServiceManager(  539): Waiting for service AtCmdFwd...
I/ServiceManager(  539): Waiting for service AtCmdFwd...
I/ThermalEngine(  519): ACTION: GPU - Setting GPU[0] to 390000000
I/ServiceManager(  539): Waiting for service AtCmdFwd...
W/Atfwd_Sendcmd(  539): AtCmdFwd service not published, waiting... retryCnt : 1
D/WifiStateMachine(  927): starting scan for "xtc-ag"WPA_PSK with 5240,5220,5180
I/ServiceManager(  539): Waiting for service AtCmdFwd...
I/ThermalEngine(  519): ACTION: GPU - Setting GPU[0] to 450000000
I/ServiceManager(  539): Waiting for service AtCmdFwd...
I/ServiceManager(  539): Waiting for service AtCmdFwd...
I/ThermalEngine(  519): ACTION: GPU - Setting GPU[0] to 390000000
I/ServiceManager(  539): Waiting for service AtCmdFwd...
I/ServiceManager(  539): Waiting for service AtCmdFwd...
W/Atfwd_Sendcmd(  539): AtCmdFwd service not published, waiting... retryCnt : 2
I/ThermalEngine(  519): ACTION: GPU - Setting GPU[0] to 450000000
D/AndroidRuntime( 9220): >>>>>> START com.android.internal.os.RuntimeInit uid 2000 <<<<<<
D/AndroidRuntime( 9220): CheckJNI is OFF
D/ICU     ( 9220): No timezone override file found: /data/misc/zoneinfo/current/icu/icu_tzdata.dat
I/Radio-JNI( 9220): register_android_hardware_Radio DONE
D/AndroidRuntime( 9220): Calling main entry com.android.commands.pm.Pm
I/ActivityManager(  927): Start proc 9236:com.android.defcontainer/u0a7 for service com.android.defcontainer/.DefaultContainerService
D/DefContainer( 9236): Copying /data/local/tmp/0000003225 to base.apk
I/ThermalEngine(  519): ACTION: GPU - Setting GPU[0] to 390000000
I/PackageManager.DexOptimizer(  927): Running dexopt (dex2oat) on: /data/app/vmdl1006855912.tmp/base.apk pkg=com.careerbuilder.SugarDrone isa=arm vmSafeMode=false debuggable=true oatDir = /data/app/vmdl1006855912.tmp/oat bootComplete=true
I/dex2oat ( 9274): /system/bin/dex2oat -j2 --debuggable
W/dex2oat ( 9274): Before Android 4.1, method android.graphics.PorterDuffColorFilter android.support.graphics.drawable.VectorDrawableCompat.updateTintFilter(android.graphics.PorterDuffColorFilter, android.content.res.ColorStateList, android.graphics.PorterDuff$Mode) would have incorrectly overridden the package-private method in android.graphics.drawable.Drawable
W/dex2oat ( 9274): Before Android 4.1, method int android.support.v7.widget.ListViewCompat.lookForSelectablePosition(int, boolean) would have incorrectly overridden the package-private method in android.widget.ListView
I/ServiceManager(  539): Waiting for service AtCmdFwd...
I/ServiceManager(  539): Waiting for service AtCmdFwd...
I/ServiceManager(  539): Waiting for service AtCmdFwd...
W/dex2oat ( 9274): Compilation of void android.support.v7.widget.LinearLayoutManager.onLayoutChildren(android.support.v7.widget.RecyclerView$Recycler, android.support.v7.widget.RecyclerView$State) took 103.310ms
I/ServiceManager(  539): Waiting for service AtCmdFwd...
I/ServiceManager(  539): Waiting for service AtCmdFwd...
I/dex2oat ( 9274): dex2oat took 5.550s (threads: 2) arena alloc=642KB java alloc=5MB native alloc=20MB free=3MB
W/PackageManager(  927): Not granting permission android.permission.MANAGE_DOCUMENTS to package com.careerbuilder.SugarDrone (protectionLevel=2 flags=0x3808be46)
W/PackageManager(  927): Not granting permission android.permission.MOUNT_UNMOUNT_FILESYSTEMS to package com.careerbuilder.SugarDrone (protectionLevel=18 flags=0x3808be46)
V/BackupManagerService(  927): restoreAtInstall pkg=com.careerbuilder.SugarDrone token=5 restoreSet=0
V/BackupManagerService(  927): Finishing install immediately
W/Settings(  927): Setting install_non_market_apps has moved from android.provider.Settings.Global to android.provider.Settings.Secure, returning read-only value.
I/art     (  927): Starting a blocking GC Explicit
I/art     (  927): Explicit concurrent mark sweep GC freed 185713(11MB) AllocSpace objects, 51(2MB) LOS objects, 33% free, 30MB/46MB, paused 1.794ms total 124.781ms
I/art     ( 9220): System.exit called, status: 0
I/AndroidRuntime( 9220): VM exiting with result code 0.
I/InputReader(  927): Reconfiguring input devices.  changes=0x00000010
W/Atfwd_Sendcmd(  539): AtCmdFwd service not published, waiting... retryCnt : 3
D/CarrierServiceBindHelper( 3558): Receive action: android.intent.action.PACKAGE_ADDED
D/CarrierServiceBindHelper( 3558): mHandler: 3
D/CarrierConfigLoader( 3558): mHandler: 9 phoneId: 0
I/ActivityManager(  927): Start proc 9359:com.android.musicfx/u0a21 for broadcast com.android.musicfx/.Compatibility$Receiver
W/System  ( 9359): ClassLoader referenced unknown path: /system/priv-app/MusicFX/lib/arm64
I/ActivityManager(  927): Start proc 9377:com.android.vending/u0a22 for broadcast com.android.vending/com.google.android.finsky.receivers.PackageMonitorReceiver$RegisteredReceiver
I/ActivityManager(  927): Killing 7337:com.google.android.music:main/u0a59 (adj 15): empty #17
W/System  ( 9377): ClassLoader referenced unknown path: /system/priv-app/Phonesky/lib/arm64
W/Finsky  ( 9377): [1] FinskyApp.getCurrentAccount: No account configured on this device.
D/Finsky  ( 9377): [1] FinskyApp.onCreate: Initializing network with DFE https://android.clients.google.com/fdfe/
W/Finsky  ( 9377): [1] FinskyApp.getCurrentAccount: No account configured on this device.
W/Finsky  ( 9377): [1] FinskyApp.getCurrentAccount: No account configured on this device.
W/Finsky  ( 9377): [1] FinskyApp.getCurrentAccount: No account configured on this device.
W/Finsky  ( 9377): [1] FinskyApp.getCurrentAccount: No account configured on this device.
W/Finsky  ( 9377): [1] FinskyApp.getCurrentAccount: No account configured on this device.
W/Finsky  ( 9377): [1] FinskyApp.getCurrentAccount: No account configured on this device.
W/Finsky  ( 9377): [1] FinskyApp.getCurrentAccount: No account configured on this device.
D/Finsky  ( 9377): [1] DailyHygiene.goMakeHygieneIfDirty: No need to run daily hygiene.
W/Settings( 9377): Setting download_manager_max_bytes_over_mobile has moved from android.provider.Settings.Secure to android.provider.Settings.Global.
W/Settings( 9377): Setting download_manager_recommended_max_bytes_over_mobile has moved from android.provider.Settings.Secure to android.provider.Settings.Global.
W/Finsky  ( 9377): [1] FinskyApp.getCurrentAccount: No account configured on this device.
W/Finsky  ( 9377): [1] FinskyApp.getCurrentAccount: No account configured on this device.
W/Finsky  ( 9377): [1] FinskyApp.getDfeApi: No account configured on this device.
W/Finsky  ( 9377): [1] FinskyApp.getCurrentAccount: No account configured on this device.
I/ActivityManager(  927): Start proc 9418:com.google.android.apps.docs/u0a43 for broadcast com.google.android.apps.docs/.receivers.AppPackageAddRemoveReceiver
I/UpdateIcingCorporaServi( 7727): Updating corpora: APPS=com.careerbuilder.SugarDrone, CONTACTS=MAYBE
D/Ads     ( 9377): Skipping gmscore version check
W/System  ( 9418): ClassLoader referenced unknown path: /system/app/Drive/lib/arm64
W/IcingInternalCorpora( 4369): getNumBytesRead when not calculated.
D/Finsky  ( 9377): [1] ExternalReferrer.access$200: Package state data is missing for com.careerbuilder.SugarDrone
I/UpdateIcingCorporaServi( 7727): UpdateCorporaTask done [took 277 ms] updated apps [took 277 ms] 
W/Finsky  ( 9377): [1] FinskyApp.getCurrentAccount: No account configured on this device.
W/Finsky  ( 9377): [1] FinskyApp.getCurrentAccount: No account configured on this device.
D/Finsky  ( 9377): [1] GmsCoreHelper.cleanupNlp: result=false type=4
I/Icing   ( 4369): Usage reports 0 indexed 0 rejected 0 imm upload true
D/Finsky  ( 9377): [1] RestoreTracker.stopServiceIfDone: Restore complete with 0 success and 0 failed.
D/AndroidRuntime( 9391): >>>>>> START com.android.internal.os.RuntimeInit uid 2000 <<<<<<
D/AndroidRuntime( 9391): CheckJNI is OFF
D/ICU     ( 9391): No timezone override file found: /data/misc/zoneinfo/current/icu/icu_tzdata.dat
I/Radio-JNI( 9391): register_android_hardware_Radio DONE
D/AndroidRuntime( 9391): Calling main entry com.android.commands.settings.SettingsCmd
D/AndroidRuntime( 9391): Shutting down VM
I/GAv4    ( 9418): Google Analytics 7.8.95 is starting up. To enable debug logging on a device run:
I/GAv4    ( 9418):   adb shell setprop log.tag.GAv4 DEBUG
I/GAv4    ( 9418):   adb logcat -s GAv4
W/GAv4    ( 9418): AnalyticsReceiver is not registered or is disabled. Register the receiver for reliable dispatching on non-Google Play devices. See http://goo.gl/8Rd3yj for instructions.
W/GAv4    ( 9418): CampaignTrackingReceiver is not registered, not exported or is disabled. Installation campaign tracking is not possible. See http://goo.gl/8Rd3yj for instructions.
W/AnalyticsTrackerProxyImpl( 9418): Analytics setup for ID UA-21125203-2, app name Drive, version 2.3.327.05.46
W/GAv4    ( 9418): AnalyticsService not registered in the app manifest. Hits might not be delivered reliably. See http://goo.gl/8Rd3yj for instructions.
I/ActivityManager(  927): Killing 5146:com.google.android.talk/u0a53 (adj 15): empty #17
D/Wear_Controller( 4369): Received broadcast action=android.intent.action.PACKAGE_ADDED and uri=com.careerbuilder.SugarDrone
I/PeopleContactsSync( 4369): triggerPendingContactsCleanup: no accounts
I/Icing   ( 4369): Usage reports 0 indexed 0 rejected 0 imm upload false
I/Icing   ( 4369): Usage reports 0 indexed 0 rejected 0 imm upload false
I/Icing   ( 4369): Indexing 30F0BE597630D714C34463EDBCB0E07AE3414F19 from com.google.android.googlequicksearchbox
I/Icing   ( 4369): Indexing done 30F0BE597630D714C34463EDBCB0E07AE3414F19
D/AndroidRuntime( 9466): >>>>>> START com.android.internal.os.RuntimeInit uid 2000 <<<<<<
D/AndroidRuntime( 9466): CheckJNI is OFF
D/ICU     ( 9466): No timezone override file found: /data/misc/zoneinfo/current/icu/icu_tzdata.dat
I/Radio-JNI( 9466): register_android_hardware_Radio DONE
W/linker  ( 9418): /data/app/com.google.android.gms-2/lib/arm64/libconscrypt_gmscore_jni.so: unused DT entry: type 0x1d arg 0x80
V/JNIHelp ( 9418): Registering com/google/android/gms/org/conscrypt/NativeCrypto's 242 native methods...
D/AndroidRuntime( 9466): Calling main entry com.android.commands.settings.SettingsCmd
I/art     ( 9418): Rejecting re-init on previously-failed class java.lang.Class<com.google.android.gms.org.conscrypt.OpenSSLExtendedSessionImpl>
I/art     ( 9418): Rejecting re-init on previously-failed class java.lang.Class<com.google.android.gms.org.conscrypt.OpenSSLExtendedSessionImpl>
D/AndroidRuntime( 9466): Shutting down VM
I/ProviderInstaller( 9418): Installed default security provider GmsCore_OpenSSL
I/Icing   ( 4369): Indexing DD3FF9FE5EFE52F3C27F3CC5AE528200DF987AFE from com.google.android.gms
I/Icing   ( 4369): Indexing done DD3FF9FE5EFE52F3C27F3CC5AE528200DF987AFE
I/ActivityManager(  927): Killing 7509:com.google.android.apps.photos/u0a62 (adj 15): empty #17
D/AndroidRuntime( 9512): >>>>>> START com.android.internal.os.RuntimeInit uid 2000 <<<<<<
D/AndroidRuntime( 9512): CheckJNI is OFF
D/ICU     ( 9512): No timezone override file found: /data/misc/zoneinfo/current/icu/icu_tzdata.dat
I/Radio-JNI( 9512): register_android_hardware_Radio DONE
D/AndroidRuntime( 9512): Calling main entry com.android.commands.settings.SettingsCmd
D/AndroidRuntime( 9512): Shutting down VM
D/AndroidRuntime( 9537): >>>>>> START com.android.internal.os.RuntimeInit uid 2000 <<<<<<
D/AndroidRuntime( 9537): CheckJNI is OFF
D/ICU     ( 9537): No timezone override file found: /data/misc/zoneinfo/current/icu/icu_tzdata.dat
I/Radio-JNI( 9537): register_android_hardware_Radio DONE
D/AndroidRuntime( 9537): Calling main entry com.android.commands.settings.SettingsCmd
D/AndroidRuntime( 9537): Shutting down VM
D/NetlinkSocketObserver(  927): NeighborEvent{elapsedMs=265071, 10.22.0.1, [B0FAEB975089], RTM_NEWNEIGH, NUD_REACHABLE}
D/AndroidRuntime( 9559): >>>>>> START com.android.internal.os.RuntimeInit uid 2000 <<<<<<
D/AndroidRuntime( 9559): CheckJNI is OFF
D/ICU     ( 9559): No timezone override file found: /data/misc/zoneinfo/current/icu/icu_tzdata.dat
I/Radio-JNI( 9559): register_android_hardware_Radio DONE
D/AndroidRuntime( 9559): Calling main entry com.android.commands.settings.SettingsCmd
D/AndroidRuntime( 9559): Shutting down VM
D/AndroidRuntime( 9581): >>>>>> START com.android.internal.os.RuntimeInit uid 2000 <<<<<<
D/AndroidRuntime( 9581): CheckJNI is OFF
D/ICU     ( 9581): No timezone override file found: /data/misc/zoneinfo/current/icu/icu_tzdata.dat
I/Radio-JNI( 9581): register_android_hardware_Radio DONE
D/AndroidRuntime( 9581): Calling main entry com.android.commands.appops.AppOpsCommand
D/AndroidRuntime( 9581): Shutting down VM
D/AndroidRuntime( 9604): >>>>>> START com.android.internal.os.RuntimeInit uid 2000 <<<<<<
D/AndroidRuntime( 9604): CheckJNI is OFF
D/ICU     ( 9604): No timezone override file found: /data/misc/zoneinfo/current/icu/icu_tzdata.dat
I/Radio-JNI( 9604): register_android_hardware_Radio DONE
D/AndroidRuntime( 9604): Calling main entry com.android.commands.pm.Pm
I/art     ( 9604): System.exit called, status: 0
I/AndroidRuntime( 9604): VM exiting with result code 0.
I/ActivityManager(  927): Killing 7858:com.android.providers.calendar/u0a1 (adj 15): empty #17
D/AndroidRuntime( 9651): >>>>>> START com.android.internal.os.RuntimeInit uid 2000 <<<<<<
D/AndroidRuntime( 9651): CheckJNI is OFF
D/ICU     ( 9651): No timezone override file found: /data/misc/zoneinfo/current/icu/icu_tzdata.dat
I/Radio-JNI( 9651): register_android_hardware_Radio DONE
D/AndroidRuntime( 9651): Calling main entry com.android.commands.pm.Pm
I/art     ( 9651): System.exit called, status: 0
I/AndroidRuntime( 9651): VM exiting with result code 0.
D/AndroidRuntime( 9724): >>>>>> START com.android.internal.os.RuntimeInit uid 2000 <<<<<<
D/AndroidRuntime( 9724): CheckJNI is OFF
D/ICU     ( 9724): No timezone override file found: /data/misc/zoneinfo/current/icu/icu_tzdata.dat
I/Radio-JNI( 9724): register_android_hardware_Radio DONE
D/AndroidRuntime( 9724): Calling main entry com.android.commands.am.Am
W/ActivityManager(  927): Invalid packageName: com.careerbuilder.SugarDrone.test
D/AndroidRuntime( 9724): Shutting down VM
D/AndroidRuntime( 9751): >>>>>> START com.android.internal.os.RuntimeInit uid 2000 <<<<<<
D/AndroidRuntime( 9751): CheckJNI is OFF
D/ICU     ( 9751): No timezone override file found: /data/misc/zoneinfo/current/icu/icu_tzdata.dat
I/Radio-JNI( 9751): register_android_hardware_Radio DONE
D/AndroidRuntime( 9751): Calling main entry com.android.commands.pm.Pm
D/DefContainer( 9236): Copying /data/local/tmp/0000003226 to base.apk
I/PackageManager.DexOptimizer(  927): Running dexopt (dex2oat) on: /data/app/vmdl550019509.tmp/base.apk pkg=com.careerbuilder.SugarDrone.test isa=arm64 vmSafeMode=false debuggable=false oatDir = /data/app/vmdl550019509.tmp/oat bootComplete=true
I/dex2oat ( 9771): /system/bin/dex2oat -j2
I/ServiceManager(  539): Waiting for service AtCmdFwd...
W/dex2oat ( 9771): No verified method for method calling String.<init>: java.lang.String android.text.TextUtils.substring(java.lang.CharSequence, int, int)
W/dex2oat ( 9771): No verified method for method calling String.<init>: java.lang.String android.text.TextUtils.substring(java.lang.CharSequence, int, int)
D/Finsky  ( 9377): [400] AppStatesReplicator.handleContentSyncResponse: Completed 0 account content syncs with 0 successful.
D/Finsky  ( 9377): [1] ContentSyncService$5.onFinished: Installation state replication succeeded.
I/dex2oat ( 9771): Skipping compilation of void sh.calaba.org.codehaus.jackson.impl.Utf8StreamParser._skipString(): it contains a non natural loop
I/ServiceManager(  539): Waiting for service AtCmdFwd...
I/ServiceManager(  539): Waiting for service AtCmdFwd...
I/dex2oat ( 9771): dex2oat took 2.562s (threads: 2) arena alloc=1976KB java alloc=2MB native alloc=9MB free=2MB
W/PackageManager(  927): Not granting permission android.permission.ACCESS_MOCK_LOCATION to package com.careerbuilder.SugarDrone.test (protectionLevel=2 flags=0x1800be44)
V/BackupManagerService(  927): restoreAtInstall pkg=com.careerbuilder.SugarDrone.test token=6 restoreSet=0
V/BackupManagerService(  927): Finishing install immediately
W/Settings(  927): Setting install_non_market_apps has moved from android.provider.Settings.Global to android.provider.Settings.Secure, returning read-only value.
I/art     (  927): Starting a blocking GC Explicit
I/art     (  927): Explicit concurrent mark sweep GC freed 113349(7MB) AllocSpace objects, 17(384KB) LOS objects, 33% free, 30MB/45MB, paused 1.854ms total 111.093ms
I/art     ( 9751): System.exit called, status: 0
I/AndroidRuntime( 9751): VM exiting with result code 0.
I/InputReader(  927): Reconfiguring input devices.  changes=0x00000010
D/CarrierServiceBindHelper( 3558): Receive action: android.intent.action.PACKAGE_ADDED
D/CarrierServiceBindHelper( 3558): mHandler: 3
D/CarrierConfigLoader( 3558): mHandler: 9 phoneId: 0
D/Finsky  ( 9377): [1] ExternalReferrer.access$200: Package state data is missing for com.careerbuilder.SugarDrone.test
I/UpdateIcingCorporaServi( 7727): Updating corpora: APPS=com.careerbuilder.SugarDrone.test, CONTACTS=MAYBE
D/Wear_Controller( 4369): Received broadcast action=android.intent.action.PACKAGE_ADDED and uri=com.careerbuilder.SugarDrone.test
I/UpdateIcingCorporaServi( 7727): UpdateCorporaTask done [took 81 ms] updated apps [took 81 ms] 
I/PeopleContactsSync( 4369): triggerPendingContactsCleanup: no accounts
W/IcingInternalCorpora( 4369): getNumBytesRead when not calculated.
I/Icing   ( 4369): Usage reports 0 indexed 0 rejected 0 imm upload false
I/Icing   ( 4369): Usage reports 0 indexed 0 rejected 0 imm upload false
I/ServiceManager(  539): Waiting for service AtCmdFwd...
D/AndroidRuntime( 9846): >>>>>> START com.android.internal.os.RuntimeInit uid 2000 <<<<<<
D/AndroidRuntime( 9846): CheckJNI is OFF
D/ICU     ( 9846): No timezone override file found: /data/misc/zoneinfo/current/icu/icu_tzdata.dat
I/Radio-JNI( 9846): register_android_hardware_Radio DONE
D/AndroidRuntime( 9846): Calling main entry com.android.commands.settings.SettingsCmd
D/AndroidRuntime( 9846): Shutting down VM
I/Icing   ( 4369): Indexing DD3FF9FE5EFE52F3C27F3CC5AE528200DF987AFE from com.google.android.gms
I/Icing   ( 4369): Indexing done DD3FF9FE5EFE52F3C27F3CC5AE528200DF987AFE
I/ServiceManager(  539): Waiting for service AtCmdFwd...
D/AndroidRuntime( 9869): >>>>>> START com.android.internal.os.RuntimeInit uid 2000 <<<<<<
D/AndroidRuntime( 9869): CheckJNI is OFF
D/ICU     ( 9869): No timezone override file found: /data/misc/zoneinfo/current/icu/icu_tzdata.dat
I/Radio-JNI( 9869): register_android_hardware_Radio DONE
D/AndroidRuntime( 9869): Calling main entry com.android.commands.settings.SettingsCmd
D/AndroidRuntime( 9869): Shutting down VM
D/WifiStateMachine(  927): starting scan for "xtc-ag"WPA_PSK with 5240,5220,5180
W/Atfwd_Sendcmd(  539): AtCmdFwd service not published, waiting... retryCnt : 4
D/AndroidRuntime( 9894): >>>>>> START com.android.internal.os.RuntimeInit uid 2000 <<<<<<
D/AndroidRuntime( 9894): CheckJNI is OFF
D/ICU     ( 9894): No timezone override file found: /data/misc/zoneinfo/current/icu/icu_tzdata.dat
I/Radio-JNI( 9894): register_android_hardware_Radio DONE
D/AndroidRuntime( 9894): Calling main entry com.android.commands.settings.SettingsCmd
D/AndroidRuntime( 9894): Shutting down VM
W/ip      ( 9914): type=1400 audit(0.0:74): avc: denied { search } for name="net" dev="dm-2" ino=3440648 scontext=u:r:shell:s0 tcontext=u:object_r:net_data_file:s0 tclass=dir permissive=0
D/AndroidRuntime( 9919): >>>>>> START com.android.internal.os.RuntimeInit uid 2000 <<<<<<
D/AndroidRuntime( 9919): CheckJNI is OFF
D/ICU     ( 9919): No timezone override file found: /data/misc/zoneinfo/current/icu/icu_tzdata.dat
I/Radio-JNI( 9919): register_android_hardware_Radio DONE
D/AndroidRuntime( 9919): Calling main entry com.android.commands.settings.SettingsCmd
D/AndroidRuntime( 9919): Shutting down VM
D/AndroidRuntime( 9941): >>>>>> START com.android.internal.os.RuntimeInit uid 2000 <<<<<<
D/AndroidRuntime( 9941): CheckJNI is OFF
D/ICU     ( 9941): No timezone override file found: /data/misc/zoneinfo/current/icu/icu_tzdata.dat
I/Radio-JNI( 9941): register_android_hardware_Radio DONE
D/AndroidRuntime( 9941): Calling main entry com.android.commands.settings.SettingsCmd
D/AndroidRuntime( 9941): Shutting down VM
D/AndroidRuntime( 9963): >>>>>> START com.android.internal.os.RuntimeInit uid 2000 <<<<<<
D/AndroidRuntime( 9963): CheckJNI is OFF
D/ICU     ( 9963): No timezone override file found: /data/misc/zoneinfo/current/icu/icu_tzdata.dat
I/Radio-JNI( 9963): register_android_hardware_Radio DONE
D/AndroidRuntime( 9963): Calling main entry com.android.commands.appops.AppOpsCommand
D/AndroidRuntime( 9963): Shutting down VM
D/AndroidRuntime( 9986): >>>>>> START com.android.internal.os.RuntimeInit uid 2000 <<<<<<
D/AndroidRuntime( 9986): CheckJNI is OFF
D/ICU     ( 9986): No timezone override file found: /data/misc/zoneinfo/current/icu/icu_tzdata.dat
I/Radio-JNI( 9986): register_android_hardware_Radio DONE
D/AndroidRuntime( 9986): Calling main entry com.android.commands.pm.Pm
I/art     ( 9986): System.exit called, status: 0
I/AndroidRuntime( 9986): VM exiting with result code 0.
D/AndroidRuntime(10040): >>>>>> START com.android.internal.os.RuntimeInit uid 2000 <<<<<<
D/AndroidRuntime(10040): CheckJNI is OFF
D/ICU     (10040): No timezone override file found: /data/misc/zoneinfo/current/icu/icu_tzdata.dat
I/Radio-JNI(10040): register_android_hardware_Radio DONE
D/AndroidRuntime(10040): Calling main entry com.android.commands.pm.Pm
I/art     (10040): System.exit called, status: 0
I/AndroidRuntime(10040): VM exiting with result code 0.
D/AndroidRuntime(10115): >>>>>> START com.android.internal.os.RuntimeInit uid 2000 <<<<<<
D/AndroidRuntime(10115): CheckJNI is OFF
D/ICU     (10115): No timezone override file found: /data/misc/zoneinfo/current/icu/icu_tzdata.dat
I/Radio-JNI(10115): register_android_hardware_Radio DONE
D/AndroidRuntime(10115): Calling main entry com.android.commands.input.Input
I/Input   (10115): injectKeyEvent: KeyEvent { action=ACTION_DOWN, keyCode=KEYCODE_BACK, scanCode=0, metaState=0, flags=0x0, repeatCount=0, eventTime=291766, downTime=291766, deviceId=-1, source=0x101 }
I/Input   (10115): injectKeyEvent: KeyEvent { action=ACTION_UP, keyCode=KEYCODE_BACK, scanCode=0, metaState=0, flags=0x0, repeatCount=0, eventTime=291766, downTime=291766, deviceId=-1, source=0x101 }
D/EmojiAltPhysicalKeyDetector( 3461): onKeyUp() : KeyEvent { action=ACTION_UP, keyCode=KEYCODE_BACK, scanCode=0, metaState=0, flags=0x0, repeatCount=0, eventTime=291766, downTime=291766, deviceId=-1, source=0x101 }
D/EmojiAltPhysicalKeyDetector( 3461): onKeyUp() : Disabled
D/AndroidRuntime(10115): Shutting down VM
D/NetlinkSocketObserver(  927): NeighborEvent{elapsedMs=293600, 10.22.0.1, [B0FAEB975089], RTM_NEWNEIGH, NUD_STALE}
D/AndroidRuntime(10164): >>>>>> START com.android.internal.os.RuntimeInit uid 2000 <<<<<<
D/AndroidRuntime(10164): CheckJNI is OFF
D/ICU     (10164): No timezone override file found: /data/misc/zoneinfo/current/icu/icu_tzdata.dat
I/Radio-JNI(10164): register_android_hardware_Radio DONE
D/AndroidRuntime(10164): Calling main entry com.android.commands.input.Input
I/Input   (10164): injectKeyEvent: KeyEvent { action=ACTION_DOWN, keyCode=KEYCODE_HOME, scanCode=0, metaState=0, flags=0x0, repeatCount=0, eventTime=293750, downTime=293750, deviceId=-1, source=0x101 }
I/Input   (10164): injectKeyEvent: KeyEvent { action=ACTION_UP, keyCode=KEYCODE_HOME, scanCode=0, metaState=0, flags=0x0, repeatCount=0, eventTime=293750, downTime=293750, deviceId=-1, source=0x101 }
I/ActivityManager(  927): START u0 {act=android.intent.action.MAIN cat=[android.intent.category.HOME] flg=0x10200000 cmp=com.google.android.googlequicksearchbox/com.google.android.launcher.GEL (has extras)} from uid 1000 on display 0
D/AndroidRuntime(10164): Shutting down VM
I/GEL     ( 3592): handleIntent(Intent { act=android.intent.action.MAIN cat=[android.intent.category.HOME] flg=0x10200000 cmp=com.google.android.googlequicksearchbox/com.google.android.launcher.GEL (has extras) })
D/AndroidRuntime(10196): >>>>>> START com.android.internal.os.RuntimeInit uid 2000 <<<<<<
D/AndroidRuntime(10196): CheckJNI is OFF
D/ICU     (10196): No timezone override file found: /data/misc/zoneinfo/current/icu/icu_tzdata.dat
I/Radio-JNI(10196): register_android_hardware_Radio DONE
D/AndroidRuntime(10196): Calling main entry com.android.commands.input.Input
I/Input   (10196): injectKeyEvent: KeyEvent { action=ACTION_DOWN, keyCode=KEYCODE_BACK, scanCode=0, metaState=0, flags=0x0, repeatCount=0, eventTime=295295, downTime=295295, deviceId=-1, source=0x101 }
I/Input   (10196): injectKeyEvent: KeyEvent { action=ACTION_UP, keyCode=KEYCODE_BACK, scanCode=0, metaState=0, flags=0x0, repeatCount=0, eventTime=295295, downTime=295295, deviceId=-1, source=0x101 }
D/EmojiAltPhysicalKeyDetector( 3461): onKeyUp() : KeyEvent { action=ACTION_UP, keyCode=KEYCODE_BACK, scanCode=0, metaState=0, flags=0x0, repeatCount=0, eventTime=295295, downTime=295295, deviceId=-1, source=0x101 }
D/EmojiAltPhysicalKeyDetector( 3461): onKeyUp() : Disabled
D/AndroidRuntime(10196): Shutting down VM
I/hubconnection(  927): sensorhub said: 'flush 14'
I/hubconnection(  927): saw sensor 14 flushed
D/Finsky  ( 9377): [400] AppStatesReplicator.handleContentSyncResponse: Completed 0 account content syncs with 0 successful.
D/Finsky  ( 9377): [1] ContentSyncService$5.onFinished: Installation state replication succeeded.
D/AndroidRuntime(10232): >>>>>> START com.android.internal.os.RuntimeInit uid 2000 <<<<<<
D/AndroidRuntime(10232): CheckJNI is OFF
D/ICU     (10232): No timezone override file found: /data/misc/zoneinfo/current/icu/icu_tzdata.dat
I/Radio-JNI(10232): register_android_hardware_Radio DONE
D/AndroidRuntime(10232): Calling main entry com.android.commands.am.Am
I/ActivityManager(  927): Force stopping com.careerbuilder.SugarDrone appid=14684 user=0: start instr
I/ActivityManager(  927): Start proc 10250:com.careerbuilder.SugarDrone/u0a4684 for added application com.careerbuilder.SugarDrone
I/art     (10250): Late-enabling -Xcheck:jni
E/dex2oat (10265): Failed to create oat file: /data/dalvik-cache/arm/data@app@com.careerbuilder.SugarDrone.test-1@base.apk@classes.dex: Permission denied
I/dex2oat (10265): dex2oat took 930.104us (threads: 2) 
W/art     (10250): Failed execv(/system/bin/dex2oat --runtime-arg -classpath --runtime-arg  --instruction-set=arm --instruction-set-features=smp,div,-atomic_ldrd_strd --runtime-arg -Xrelocate --boot-image=/system/framework/boot.art --runtime-arg -Xms64m --runtime-arg -Xmx512m -j2 --instruction-set-variant=cortex-a7 --instruction-set-features=default --dex-file=/data/app/com.careerbuilder.SugarDrone.test-1/base.apk --oat-file=/data/dalvik-cache/arm/data@app@com.careerbuilder.SugarDrone.test-1@base.apk@classes.dex) because non-0 exit status
W/System  (10250): ClassLoader referenced unknown path: /data/app/com.careerbuilder.SugarDrone.test-1/lib/arm64
W/monodroid(10250): Using override path: /data/user/0/com.careerbuilder.SugarDrone/files/.__override__
W/monodroid(10250): Trying to load sgen from: /data/user/0/com.careerbuilder.SugarDrone/files/.__override__/libmonosgen-2.0.so
W/monodroid(10250): Trying to load sgen from: /storage/emulated/0/Android/data/com.careerbuilder.SugarDrone/files/.__override__/libmonosgen-2.0.so
W/monodroid(10250): Trying to load sgen from: /data/app/com.careerbuilder.SugarDrone-1/lib/arm/libmonosgen-2.0.so
D/Mono    (10250): Image addref mscorlib[0xea3ddea0] -> mscorlib.dll[0xeccf9a00]: 2
D/Mono    (10250): Prepared to set up assembly 'mscorlib' (mscorlib.dll)
D/Mono    (10250): AOT module 'mscorlib.dll.so' not found: dlopen failed: library "/data/app/com.careerbuilder.SugarDrone-1/lib/arm/libaot-mscorlib.dll.so" not found
D/Mono    (10250): AOT module '/Users/builder/data/lanes/4009/3a62f1ea/source/monodroid/builds/install/mono-armv6/lib/mono/aot-cache/arm/mscorlib.dll.so' not found: dlopen failed: library "/data/app/com.careerbuilder.SugarDrone-1/lib/arm/libaot-mscorlib.dll.so" not found
D/Mono    (10250): Config attempting to parse: 'mscorlib.dll.config'.
D/Mono    (10250): Config attempting to parse: '/Users/builder/data/lanes/4009/3a62f1ea/source/monodroid/builds/install/mono-armv6/etc/mono/assemblies/mscorlib/mscorlib.config'.
D/Mono    (10250): Assembly mscorlib[0xea3ddea0] added to domain RootDomain, ref_count=1
D/Mono    (10250): Image addref CareerBuilder_Search.Droid[0xea3ddf00] -> CareerBuilder_Search.Droid.dll[0xeccfc700]: 2
D/Mono    (10250): Prepared to set up assembly 'CareerBuilder_Search.Droid' (CareerBuilder_Search.Droid.dll)
D/Mono    (10250): Assembly CareerBuilder_Search.Droid[0xea3ddf00] added to domain RootDomain, ref_count=1
D/Mono    (10250): AOT module 'CareerBuilder_Search.Droid.dll.so' not found: dlopen failed: library "/data/app/com.careerbuilder.SugarDrone-1/lib/arm/libaot-CareerBuilder_Search.Droid.dll.so" not found
D/Mono    (10250): AOT module '/Users/builder/data/lanes/4009/3a62f1ea/source/monodroid/builds/install/mono-armv6/lib/mono/aot-cache/arm/CareerBuilder_Search.Droid.dll.so' not found: dlopen failed: library "/data/app/com.careerbuilder.SugarDrone-1/lib/arm/libaot-CareerBuilder_Search.Droid.dll.so" not found
D/Mono    (10250): Config attempting to parse: 'CareerBuilder_Search.Droid.dll.config'.
D/Mono    (10250): Config attempting to parse: '/Users/builder/data/lanes/4009/3a62f1ea/source/monodroid/builds/install/mono-armv6/etc/mono/assemblies/CareerBuilder_Search.Droid/CareerBuilder_Search.Droid.config'.
D/Mono    (10250): Image addref AppsFlyerXamarinBindingAndroid[0xea3ddf60] -> AppsFlyerXamarinBindingAndroid.dll[0xeccfcc00]: 2
D/Mono    (10250): Prepared to set up assembly 'AppsFlyerXamarinBindingAndroid' (AppsFlyerXamarinBindingAndroid.dll)
D/Mono    (10250): Assembly AppsFlyerXamarinBindingAndroid[0xea3ddf60] added to domain RootDomain, ref_count=1
D/Mono    (10250): AOT module 'AppsFlyerXamarinBindingAndroid.dll.so' not found: dlopen failed: library "/data/app/com.careerbuilder.SugarDrone-1/lib/arm/libaot-AppsFlyerXamarinBindingAndroid.dll.so" not found
D/Mono    (10250): AOT module '/Users/builder/data/lanes/4009/3a62f1ea/source/monodroid/builds/install/mono-armv6/lib/mono/aot-cache/arm/AppsFlyerXamarinBindingAndroid.dll.so' not found: dlopen failed: library "/data/app/com.careerbuilder.SugarDrone-1/lib/arm/libaot-AppsFlyerXamarinBindingAndroid.dll.so" not found
D/Mono    (10250): Config attempting to parse: 'AppsFlyerXamarinBindingAndroid.dll.config'.
D/Mono    (10250): Config attempting to parse: '/Users/builder/data/lanes/4009/3a62f1ea/source/monodroid/builds/install/mono-armv6/etc/mono/assemblies/AppsFlyerXamarinBindingAndroid/AppsFlyerXamarinBindingAndroid.config'.
D/Mono    (10250): Image addref HockeySDK[0xea3ddfc0] -> HockeySDK.dll[0xeccfd100]: 2
D/Mono    (10250): Prepared to set up assembly 'HockeySDK' (HockeySDK.dll)
D/Mono    (10250): Assembly HockeySDK[0xea3ddfc0] added to domain RootDomain, ref_count=1
D/Mono    (10250): AOT module 'HockeySDK.dll.so' not found: dlopen failed: library "/data/app/com.careerbuilder.SugarDrone-1/lib/arm/libaot-HockeySDK.dll.so" not found
D/Mono    (10250): AOT module '/Users/builder/data/lanes/4009/3a62f1ea/source/monodroid/builds/install/mono-armv6/lib/mono/aot-cache/arm/HockeySDK.dll.so' not found: dlopen failed: library "/data/app/com.careerbuilder.SugarDrone-1/lib/arm/libaot-HockeySDK.dll.so" not found
D/Mono    (10250): Config attempting to parse: 'HockeySDK.dll.config'.
D/Mono    (10250): Config attempting to parse: '/Users/builder/data/lanes/4009/3a62f1ea/source/monodroid/builds/install/mono-armv6/etc/mono/assemblies/HockeySDK/HockeySDK.config'.
D/Mono    (10250): Image addref Akavache[0xea3de020] -> Akavache.dll[0xeccfd600]: 2
D/Mono    (10250): Prepared to set up assembly 'Akavache' (Akavache.dll)
D/Mono    (10250): Assembly Akavache[0xea3de020] added to domain RootDomain, ref_count=1
D/Mono    (10250): AOT module 'Akavache.dll.so' not found: dlopen failed: library "/data/app/com.careerbuilder.SugarDrone-1/lib/arm/libaot-Akavache.dll.so" not found
D/Mono    (10250): AOT module '/Users/builder/data/lanes/4009/3a62f1ea/source/monodroid/builds/install/mono-armv6/lib/mono/aot-cache/arm/Akavache.dll.so' not found: dlopen failed: library "/data/app/com.careerbuilder.SugarDrone-1/lib/arm/libaot-Akavache.dll.so" not found
D/Mono    (10250): Config attempting to parse: 'Akavache.dll.config'.
D/Mono    (10250): Config attempting to parse: '/Users/builder/data/lanes/4009/3a62f1ea/source/monodroid/builds/install/mono-armv6/etc/mono/assemblies/Akavache/Akavache.config'.
D/Mono    (10250): Image addref Akavache.Sqlite3[0xea3de080] -> Akavache.Sqlite3.dll[0xeccfdb00]: 2
D/Mono    (10250): Prepared to set up assembly 'Akavache.Sqlite3' (Akavache.Sqlite3.dll)
D/Mono    (10250): Assembly Akavache.Sqlite3[0xea3de080] added to domain RootDomain, ref_count=1
D/Mono    (10250): AOT module 'Akavache.Sqlite3.dll.so' not found: dlopen failed: library "/data/app/com.careerbuilder.SugarDrone-1/lib/arm/libaot-Akavache.Sqlite3.dll.so" not found
D/Mono    (10250): AOT module '/Users/builder/data/lanes/4009/3a62f1ea/source/monodroid/builds/install/mono-armv6/lib/mono/aot-cache/arm/Akavache.Sqlite3.dll.so' not found: dlopen failed: library "/data/app/com.careerbuilder.SugarDrone-1/lib/arm/libaot-Akavache.Sqlite3.dll.so" not found
W/        (10250): Symbol file LoadedFromMemory doesn't match image Akavache.Sqlite3.dll
D/Mono    (10250): Config attempting to parse: 'Akavache.Sqlite3.dll.config'.
D/Mono    (10250): Config attempting to parse: '/Users/builder/data/lanes/4009/3a62f1ea/source/monodroid/builds/install/mono-armv6/etc/mono/assemblies/Akavache.Sqlite3/Akavache.Sqlite3.config'.
D/Mono    (10250): Image addref Splat[0xea3de0e0] -> Splat.dll[0xf4e76a00]: 2
D/Mono    (10250): Prepared to set up assembly 'Splat' (Splat.dll)
D/Mono    (10250): Assembly Splat[0xea3de0e0] added to domain RootDomain, ref_count=1
D/Mono    (10250): AOT module 'Splat.dll.so' not found: dlopen failed: library "/data/app/com.careerbuilder.SugarDrone-1/lib/arm/libaot-Splat.dll.so" not found
D/Mono    (10250): AOT module '/Users/builder/data/lanes/4009/3a62f1ea/source/monodroid/builds/install/mono-armv6/lib/mono/aot-cache/arm/Splat.dll.so' not found: dlopen failed: library "/data/app/com.careerbuilder.SugarDrone-1/lib/arm/libaot-Splat.dll.so" not found
D/Mono    (10250): Config attempting to parse: 'Splat.dll.config'.
D/Mono    (10250): Config attempting to parse: '/Users/builder/data/lanes/4009/3a62f1ea/source/monodroid/builds/install/mono-armv6/etc/mono/assemblies/Splat/Splat.config'.
D/Mono    (10250): Image addref Microsoft.Practices.ServiceLocation[0xea3de140] -> Microsoft.Practices.ServiceLocation.dll[0xf4e76f00]: 2
D/Mono    (10250): Prepared to set up assembly 'Microsoft.Practices.ServiceLocation' (Microsoft.Practices.ServiceLocation.dll)
D/Mono    (10250): Assembly Microsoft.Practices.ServiceLocation[0xea3de140] added to domain RootDomain, ref_count=1
D/Mono    (10250): AOT module 'Microsoft.Practices.ServiceLocation.dll.so' not found: dlopen failed: library "/data/app/com.careerbuilder.SugarDrone-1/lib/arm/libaot-Microsoft.Practices.ServiceLocation.dll.so" not found
D/Mono    (10250): AOT module '/Users/builder/data/lanes/4009/3a62f1ea/source/monodroid/builds/install/mono-armv6/lib/mono/aot-cache/arm/Microsoft.Practices.ServiceLocation.dll.so' not found: dlopen failed: library "/data/app/com.careerbuilder.SugarDrone-1/lib/arm/libaot-Microsoft.Practices.ServiceLocation.dll.so" not found
D/Mono    (10250): Config attempting to parse: 'Microsoft.Practices.ServiceLocation.dll.config'.
D/Mono    (10250): Config attempting to parse: '/Users/builder/data/lanes/4009/3a62f1ea/source/monodroid/builds/install/mono-armv6/etc/mono/assemblies/Microsoft.Practices.ServiceLocation/Microsoft.Practices.ServiceLocation.config'.
D/Mono    (10250): Image addref Microsoft.Practices.Unity[0xea3de1a0] -> Microsoft.Practices.Unity.dll[0xf4e77400]: 2
D/Mono    (10250): Prepared to set up assembly 'Microsoft.Practices.Unity' (Microsoft.Practices.Unity.dll)
D/Mono    (10250): Assembly Microsoft.Practices.Unity[0xea3de1a0] added to domain RootDomain, ref_count=1
D/Mono    (10250): AOT module 'Microsoft.Practices.Unity.dll.so' not found: dlopen failed: library "/data/app/com.careerbuilder.SugarDrone-1/lib/arm/libaot-Microsoft.Practices.Unity.dll.so" not found
D/Mono    (10250): AOT module '/Users/builder/data/lanes/4009/3a62f1ea/source/monodroid/builds/install/mono-armv6/lib/mono/aot-cache/arm/Microsoft.Practices.Unity.dll.so' not found: dlopen failed: library "/data/app/com.careerbuilder.SugarDrone-1/lib/arm/libaot-Microsoft.Practices.Unity.dll.so" not found
D/Mono    (10250): Config attempting to parse: 'Microsoft.Practices.Unity.dll.config'.
D/Mono    (10250): Config attempting to parse: '/Users/builder/data/lanes/4009/3a62f1ea/source/monodroid/builds/install/mono-armv6/etc/mono/assemblies/Microsoft.Practices.Unity/Microsoft.Practices.Unity.config'.
D/Mono    (10250): Image addref Plugin.CurrentActivity[0xea3de200] -> Plugin.CurrentActivity.dll[0xf4e77900]: 2
D/Mono    (10250): Prepared to set up assembly 'Plugin.CurrentActivity' (Plugin.CurrentActivity.dll)
D/Mono    (10250): Assembly Plugin.CurrentActivity[0xea3de200] added to domain RootDomain, ref_count=1
D/Mono    (10250): AOT module 'Plugin.CurrentActivity.dll.so' not found: dlopen failed: library "/data/app/com.careerbuilder.SugarDrone-1/lib/arm/libaot-Plugin.CurrentActivity.dll.so" not found
D/Mono    (10250): AOT module '/Users/builder/data/lanes/4009/3a62f1ea/source/monodroid/builds/install/mono-armv6/lib/mono/aot-cache/arm/Plugin.CurrentActivity.dll.so' not found: dlopen failed: library "/data/app/com.careerbuilder.SugarDrone-1/lib/arm/libaot-Plugin.CurrentActivity.dll.so" not found
D/Mono    (10250): Config attempting to parse: 'Plugin.CurrentActivity.dll.config'.
D/Mono    (10250): Config attempting to parse: '/Users/builder/data/lanes/4009/3a62f1ea/source/monodroid/builds/install/mono-armv6/etc/mono/assemblies/Plugin.CurrentActivity/Plugin.CurrentActivity.config'.
D/Mono    (10250): Image addref Plugin.Permissions[0xea3de260] -> Plugin.Permissions.dll[0xea251000]: 2
D/Mono    (10250): Prepared to set up assembly 'Plugin.Permissions' (Plugin.Permissions.dll)
D/Mono    (10250): Assembly Plugin.Permissions[0xea3de260] added to domain RootDomain, ref_count=1
D/Mono    (10250): AOT module 'Plugin.Permissions.dll.so' not found: dlopen failed: library "/data/app/com.careerbuilder.SugarDrone-1/lib/arm/libaot-Plugin.Permissions.dll.so" not found
D/Mono    (10250): AOT module '/Users/builder/data/lanes/4009/3a62f1ea/source/monodroid/builds/install/mono-armv6/lib/mono/aot-cache/arm/Plugin.Permissions.dll.so' not found: dlopen failed: library "/data/app/com.careerbuilder.SugarDrone-1/lib/arm/libaot-Plugin.Permissions.dll.so" not found
D/Mono    (10250): Config attempting to parse: 'Plugin.Permissions.dll.config'.
D/Mono    (10250): Config attempting to parse: '/Users/builder/data/lanes/4009/3a62f1ea/source/monodroid/builds/install/mono-armv6/etc/mono/assemblies/Plugin.Permissions/Plugin.Permissions.config'.
D/Mono    (10250): Image addref Plugin.Permissions.Abstractions[0xea3de2c0] -> Plugin.Permissions.Abstractions.dll[0xea251500]: 2
D/Mono    (10250): Prepared to set up assembly 'Plugin.Permissions.Abstractions' (Plugin.Permissions.Abstractions.dll)
D/Mono    (10250): Assembly Plugin.Permissions.Abstractions[0xea3de2c0] added to domain RootDomain, ref_count=1
D/Mono    (10250): AOT module 'Plugin.Permissions.Abstractions.dll.so' not found: dlopen failed: library "/data/app/com.careerbuilder.SugarDrone-1/lib/arm/libaot-Plugin.Permissions.Abstractions.dll.so" not found
D/Mono    (10250): AOT module '/Users/builder/data/lanes/4009/3a62f1ea/source/monodroid/builds/install/mono-armv6/lib/mono/aot-cache/arm/Plugin.Permissions.Abstractions.dll.so' not found: dlopen failed: library "/data/app/com.careerbuilder.SugarDrone-1/lib/arm/libaot-Plugin.Permissions.Abstractions.dll.so" not found
D/Mono    (10250): Config attempting to parse: 'Plugin.Permissions.Abstractions.dll.config'.
D/Mono    (10250): Config attempting to parse: '/Users/builder/data/lanes/4009/3a62f1ea/source/monodroid/builds/install/mono-armv6/etc/mono/assemblies/Plugin.Permissions.Abstractions/Plugin.Permissions.Abstractions.config'.
D/Mono    (10250): Image addref Plugin.Geolocator[0xea3de320] -> Plugin.Geolocator.dll[0xea251a00]: 2
D/Mono    (10250): Prepared to set up assembly 'Plugin.Geolocator' (Plugin.Geolocator.dll)
D/Mono    (10250): Assembly Plugin.Geolocator[0xea3de320] added to domain RootDomain, ref_count=1
D/Mono    (10250): AOT module 'Plugin.Geolocator.dll.so' not found: dlopen failed: library "/data/app/com.careerbuilder.SugarDrone-1/lib/arm/libaot-Plugin.Geolocator.dll.so" not found
D/Mono    (10250): AOT module '/Users/builder/data/lanes/4009/3a62f1ea/source/monodroid/builds/install/mono-armv6/lib/mono/aot-cache/arm/Plugin.Geolocator.dll.so' not found: dlopen failed: library "/data/app/com.careerbuilder.SugarDrone-1/lib/arm/libaot-Plugin.Geolocator.dll.so" not found
D/Mono    (10250): Config attempting to parse: 'Plugin.Geolocator.dll.config'.
D/Mono    (10250): Config attempting to parse: '/Users/builder/data/lanes/4009/3a62f1ea/source/monodroid/builds/install/mono-armv6/etc/mono/assemblies/Plugin.Geolocator/Plugin.Geolocator.config'.
D/Mono    (10250): Image addref Plugin.Geolocator.Abstractions[0xea3de380] -> Plugin.Geolocator.Abstractions.dll[0xea251f00]: 2
D/Mono    (10250): Prepared to set up assembly 'Plugin.Geolocator.Abstractions' (Plugin.Geolocator.Abstractions.dll)
D/Mono    (10250): Assembly Plugin.Geolocator.Abstractions[0xea3de380] added to domain RootDomain, ref_count=1
D/Mono    (10250): AOT module 'Plugin.Geolocator.Abstractions.dll.so' not found: dlopen failed: library "/data/app/com.careerbuilder.SugarDrone-1/lib/arm/libaot-Plugin.Geolocator.Abstractions.dll.so" not found
D/Mono    (10250): AOT module '/Users/builder/data/lanes/4009/3a62f1ea/source/monodroid/builds/install/mono-armv6/lib/mono/aot-cache/arm/Plugin.Geolocator.Abstractions.dll.so' not found: dlopen failed: library "/data/app/com.careerbuilder.SugarDrone-1/lib/arm/libaot-Plugin.Geolocator.Abstractions.dll.so" not found
D/Mono    (10250): Config attempting to parse: 'Plugin.Geolocator.Abstractions.dll.config'.
D/Mono    (10250): Config attempting to parse: '/Users/builder/data/lanes/4009/3a62f1ea/source/monodroid/builds/install/mono-armv6/etc/mono/assemblies/Plugin.Geolocator.Abstractions/Plugin.Geolocator.Abstractions.config'.
D/Mono    (10250): Image addref Plugin.DeviceInfo[0xea3de3e0] -> Plugin.DeviceInfo.dll[0xea252400]: 2
D/Mono    (10250): Prepared to set up assembly 'Plugin.DeviceInfo' (Plugin.DeviceInfo.dll)
D/Mono    (10250): Assembly Plugin.DeviceInfo[0xea3de3e0] added to domain RootDomain, ref_count=1
D/Mono    (10250): AOT module 'Plugin.DeviceInfo.dll.so' not found: dlopen failed: library "/data/app/com.careerbuilder.SugarDrone-1/lib/arm/libaot-Plugin.DeviceInfo.dll.so" not found
D/Mono    (10250): AOT module '/Users/builder/data/lanes/4009/3a62f1ea/source/monodroid/builds/install/mono-armv6/lib/mono/aot-cache/arm/Plugin.DeviceInfo.dll.so' not found: dlopen failed: library "/data/app/com.careerbuilder.SugarDrone-1/lib/arm/libaot-Plugin.DeviceInfo.dll.so" not found
D/Mono    (10250): Config attempting to parse: 'Plugin.DeviceInfo.dll.config'.
D/Mono    (10250): Config attempting to parse: '/Users/builder/data/lanes/4009/3a62f1ea/source/monodroid/builds/install/mono-armv6/etc/mono/assemblies/Plugin.DeviceInfo/Plugin.DeviceInfo.config'.
D/Mono    (10250): Image addref Plugin.DeviceInfo.Abstractions[0xea3de440] -> Plugin.DeviceInfo.Abstractions.dll[0xea252900]: 2
D/Mono    (10250): Prepared to set up assembly 'Plugin.DeviceInfo.Abstractions' (Plugin.DeviceInfo.Abstractions.dll)
D/Mono    (10250): Assembly Plugin.DeviceInfo.Abstractions[0xea3de440] added to domain RootDomain, ref_count=1
D/Mono    (10250): AOT module 'Plugin.DeviceInfo.Abstractions.dll.so' not found: dlopen failed: library "/data/app/com.careerbuilder.SugarDrone-1/lib/arm/libaot-Plugin.DeviceInfo.Abstractions.dll.so" not found
D/Mono    (10250): AOT module '/Users/builder/data/lanes/4009/3a62f1ea/source/monodroid/builds/install/mono-armv6/lib/mono/aot-cache/arm/Plugin.DeviceInfo.Abstractions.dll.so' not found: dlopen failed: library "/data/app/com.careerbuilder.SugarDrone-1/lib/arm/libaot-Plugin.DeviceInfo.Abstractions.dll.so" not found
D/Mono    (10250): Config attempting to parse: 'Plugin.DeviceInfo.Abstractions.dll.config'.
D/Mono    (10250): Config attempting to parse: '/Users/builder/data/lanes/4009/3a62f1ea/source/monodroid/builds/install/mono-armv6/etc/mono/assemblies/Plugin.DeviceInfo.Abstractions/Plugin.DeviceInfo.Abstractions.config'.
D/Mono    (10250): Image addref Xamarin.GooglePlayServices.Analytics[0xea3de4a0] -> Xamarin.GooglePlayServices.Analytics.dll[0xea252e00]: 2
D/Mono    (10250): Prepared to set up assembly 'Xamarin.GooglePlayServices.Analytics' (Xamarin.GooglePlayServices.Analytics.dll)
D/Mono    (10250): Assembly Xamarin.GooglePlayServices.Analytics[0xea3de4a0] added to domain RootDomain, ref_count=1
D/Mono    (10250): AOT module 'Xamarin.GooglePlayServices.Analytics.dll.so' not found: dlopen failed: library "/data/app/com.careerbuilder.SugarDrone-1/lib/arm/libaot-Xamarin.GooglePlayServices.Analytics.dll.so" not found
D/Mono    (10250): AOT module '/Users/builder/data/lanes/4009/3a62f1ea/source/monodroid/builds/install/mono-armv6/lib/mono/aot-cache/arm/Xamarin.GooglePlayServices.Analytics.dll.so' not found: dlopen failed: library "/data/app/com.careerbuilder.SugarDrone-1/lib/arm/libaot-Xamarin.GooglePlayServices.Analytics.dll.so" not found
D/Mono    (10250): Config attempting to parse: 'Xamarin.GooglePlayServices.Analytics.dll.config'.
