I/System.out( 9951): header: {content-length=57, host=devicehost151.prod, x-session-token=token-token-1b91a953-159e-4739-8b64-50f05b1f5dd4, x-forwarded-for=10.222.150.32, content-type=application/json; charset=utf-8, connection=close}
I/System.out( 9951): params: {json={"command":"touch_coordinate","arguments":[720.0,2273.0]}
I/System.out( 9951): }
I/System.out( 9951): ProP json = {"command":"touch_coordinate","arguments":[720.0,2273.0]}
I/System.out( 9951): files: {}
I/System.out( 9951): command: {"command":"touch_coordinate","arguments":[720.0,2273.0]}
D/Mono    ( 9951): Unloading image System.dll [0xd725a700].
D/Mono    ( 9951): Image addref System[0xda8b48e0] -> System.dll[0xea9b1100]: 5
D/Mono    ( 9951): Config attempting to parse: 'System.dll.config'.
D/Mono    ( 9951): Config attempting to parse: '/Users/builder/data/lanes/4009/3a62f1ea/source/monodroid/builds/install/mono-armv6/etc/mono/assemblies/System/System.config'.
I/InstrumentationBackend( 9951): Got command:'Command:'Line:null,touch_coordinate', arguments:'[720.0, 2273.0]'
D/Mono    ( 9951): Unloading image System.dll [0xd725a700].
D/Mono    ( 9951): Image addref System[0xda8b35c0] -> System.dll[0xea9b1100]: 6
D/Mono    ( 9951): Config attempting to parse: 'System.dll.config'.
D/Mono    ( 9951): Config attempting to parse: '/Users/builder/data/lanes/4009/3a62f1ea/source/monodroid/builds/install/mono-armv6/etc/mono/assemblies/System/System.config'.
D/Mono    ( 9951): Unloading image System.dll [0xd725a700].
D/Mono    ( 9951): Image addref System[0xda8b35c0] -> System.dll[0xea9b1100]: 7
D/Mono    ( 9951): Config attempting to parse: 'System.dll.config'.
D/Mono    ( 9951): Config attempting to parse: '/Users/builder/data/lanes/4009/3a62f1ea/source/monodroid/builds/install/mono-armv6/etc/mono/assemblies/System/System.config'.
D/Mono    ( 9951): Unloading image System.dll [0xd725a700].
D/Mono    ( 9951): Image addref System[0xda8b35c0] -> System.dll[0xea9b1100]: 8
D/Mono    ( 9951): Config attempting to parse: 'System.dll.config'.
D/Mono    ( 9951): Config attempting to parse: '/Users/builder/data/lanes/4009/3a62f1ea/source/monodroid/builds/install/mono-armv6/etc/mono/assemblies/System/System.config'.
D/Mono    ( 9951): DllImport searching in: '__Internal' ('(null)').
D/Mono    ( 9951): Searching for 'java_interop_jnienv_is_assignable_from'.
D/Mono    ( 9951): Probing 'java_interop_jnienv_is_assignable_from'.
D/Mono    ( 9951): Found as 'java_interop_jnienv_is_assignable_from'.
D/Mono    ( 9951): DllImport searching in: '__Internal' ('(null)').
D/Mono    ( 9951): Searching for 'java_interop_jnienv_get_byte_array_region'.
D/Mono    ( 9951): Probing 'java_interop_jnienv_get_byte_array_region'.
D/Mono    ( 9951): Found as 'java_interop_jnienv_get_byte_array_region'.
D/Mono    ( 9951): DllImport searching in: '__Internal' ('(null)').
D/Mono    ( 9951): Searching for 'java_interop_jnienv_set_byte_array_region'.
D/Mono    ( 9951): Probing 'java_interop_jnienv_set_byte_array_region'.
D/Mono    ( 9951): Found as 'java_interop_jnienv_set_byte_array_region'.
W/Mono    ( 9951): The request to load the assembly System.Core v4.0.0.0 was remapped to v2.0.5.0
D/Mono    ( 9951): Unloading image System.Core.dll [0xd8894600].
D/Mono    ( 9951): Image addref System.Core[0xd83537c0] -> System.Core.dll[0xdc068000]: 5
D/Mono    ( 9951): Config attempting to parse: 'System.Core.dll.config'.
D/Mono    ( 9951): Config attempting to parse: '/Users/builder/data/lanes/4009/3a62f1ea/source/monodroid/builds/install/mono-armv6/etc/mono/assemblies/System.Core/System.Core.config'.
W/Mono    ( 9951): The request to load the assembly System.Core v4.0.0.0 was remapped to v2.0.5.0
D/Mono    ( 9951): Unloading image System.Core.dll [0xd8894600].
D/Mono    ( 9951): Image addref System.Core[0xd83b0300] -> System.Core.dll[0xdc068000]: 6
D/Mono    ( 9951): Config attempting to parse: 'System.Core.dll.config'.
D/Mono    ( 9951): Config attempting to parse: '/Users/builder/data/lanes/4009/3a62f1ea/source/monodroid/builds/install/mono-armv6/etc/mono/assemblies/System.Core/System.Core.config'.
D/audio_hw_primary(  511): out_set_parameters: enter: usecase(1: low-latency-playback) kvpairs: routing=2
I/calabash( 9951): execStartActivity 4
I/ActivityManager(  922): START u0 {cmp=com.careerbuilder.SugarDrone/md537fd6201b6818e2e180d2f7606e21a83.ValuePropActivity} from uid 16094 on display 0
D/audio_hw_primary(  511): select_devices: out_snd_device(2: speaker) in_snd_device(0: none)
D/msm8974_platform(  511): platform_send_audio_calibration: sending audio calibration for snd_device(2) acdb_id(15)
I/soundtrigger(  511): audio_extn_sound_trigger_update_device_status: device 0x2 of type 0 for Event 1
I/calabash( 9951): newActivity1
D/audio_hw_primary(  511): enable_snd_device: snd_device(2: speaker)
D/audio_hw_primary(  511): enable_audio_route: apply and update mixer path: low-latency-playback speaker
D/Mono    ( 9951): Assembly Ref addref CareerBuilder_Search.Droid[0xeb76d080] -> System.Core[0xeb76e700]: 14
D/Mono    ( 9951): DllImport searching in: '__Internal' ('(null)').
D/Mono    ( 9951): Searching for 'java_interop_jnienv_call_nonvirtual_object_method'.
D/Mono    ( 9951): Probing 'java_interop_jnienv_call_nonvirtual_object_method'.
D/Mono    ( 9951): Found as 'java_interop_jnienv_call_nonvirtual_object_method'.
I/System.out( 9951): result:{"bonusInformation":[],"message":"","success":true}
D/Mono    ( 9951): Assembly Ref addref CareerBuilder_Search.Droid[0xeb76d080] -> Newtonsoft.Json[0xeb76dce0]: 4
I/System.out( 9951): URI: /backdoor
I/System.out( 9951): params: {json={"method_name":"APISetup","arguments":[200]}
I/System.out( 9951): }
I/ServiceManager(  569): Waiting for service AtCmdFwd...
D/Mono    ( 9951): DllImport searching in: '__Internal' ('(null)').
D/Mono    ( 9951): Searching for 'java_interop_jnienv_new_byte_array'.
D/Mono    ( 9951): Probing 'java_interop_jnienv_new_byte_array'.
D/Mono    ( 9951): Found as 'java_interop_jnienv_new_byte_array'.
D/audio_hw_primary(  511): disable_audio_route: reset and update mixer path: low-latency-playback speaker
D/audio_hw_primary(  511): disable_snd_device: snd_device(2: speaker)
I/soundtrigger(  511): audio_extn_sound_trigger_update_device_status: device 0x2 of type 0 for Event 0
D/Mono    ( 9951): [0xd983f930] hill climbing, change max number of threads 9
W/FragmentManager( 9951): moveToState: Fragment state for ValuePropFragment{d28e736 #0 id=0x7f0a0148 android:switcher:2131362120:1} not updated inline; expected state 3 found 2
I/Choreographer( 9951): Skipped 43 frames!  The application may be doing too much work on its main thread.
I/ActivityManager(  922): Displayed com.careerbuilder.SugarDrone/md537fd6201b6818e2e180d2f7606e21a83.ValuePropActivity: +989ms
I/Keyboard.Facilitator( 3440): onFinishInput()
I/System.out( 9951): URI: /backdoor
I/System.out( 9951): params: {json={"method_name":"MyCBBackdoor","arguments":[]}
I/System.out( 9951): }
D/Mono    ( 9951): Assembly Ref addref CareerBuilder_Search.Droid[0xeb76d080] -> Xamarin.Android.Support.Design[0xeb76dc20]: 2
I/calabash( 9951): execStartActivity 4
I/ActivityManager(  922): START u0 {cmp=com.careerbuilder.SugarDrone/md5a4824aa66c0dc4d104077b72c1916a44.MasterNavActivity} from uid 16094 on display 0
W/SurfaceFlinger(  381): couldn't log to binary event log: overflow.
I/calabash( 9951): newActivity1
I/ServiceManager(  569): Waiting for service AtCmdFwd...
D/Mono    ( 9951): DllImport searching in: '__Internal' ('(null)').
D/Mono    ( 9951): Searching for 'java_interop_jnienv_call_int_method'.
D/Mono    ( 9951): Probing 'java_interop_jnienv_call_int_method'.
D/Mono    ( 9951): Found as 'java_interop_jnienv_call_int_method'.
I/System.out( 9951): URI: /map
I/System.out( 9951): params: {json={"query":"* marked:'Search'","operation":{"method_name":"query","arguments":[]}}
I/System.out( 9951): }
D/Mono    ( 9951): Assembly Ref addref Xamarin.Android.Support.Design[0xeb76dc20] -> Xamarin.Android.Support.v4[0xeb76da40]: 4
D/Mono    ( 9951): Assembly Ref addref CareerBuilder_Search.Droid[0xeb76d080] -> Xamarin.Android.Support.v7.RecyclerView[0xeb76daa0]: 2
D/Mono    ( 9951): Assembly Ref addref Xamarin.Android.Support.v7.RecyclerView[0xeb76daa0] -> Xamarin.Android.Support.v4[0xeb76da40]: 5
D/Mono    ( 9951): Assembly Ref addref CareerBuilder_Search.Droid[0xeb76d080] -> FloatingActionButton-Xamarin[0xeb76d9e0]: 2
D/Mono    ( 9951): Unloading image System.IO.dll [0xd4143400].
D/Mono    ( 9951): Image addref System.IO[0xd92f21a0] -> System.IO.dll[0xd9eace00]: 6
D/Mono    ( 9951): Config attempting to parse: 'System.IO.dll.config'.
D/Mono    ( 9951): Config attempting to parse: '/Users/builder/data/lanes/4009/3a62f1ea/source/monodroid/builds/install/mono-armv6/etc/mono/assemblies/System.IO/System.IO.config'.
D/Mono    ( 9951): Assembly Ref addref CareerBuilder_Search[0xeb76e0a0] -> System.IO[0xda8b3800]: 4
W/FragmentManager( 9951): moveToState: Fragment state for SavedJobsFragment{343233 #0 id=0x7f0a0148 android:switcher:2131362120:1} not updated inline; expected state 3 found 2
D/Mono    ( 9951): Assembly Ref addref CareerBuilder_Search.Droid[0xeb76d080] -> System[0xeb76e3a0]: 13
W/FragmentManager( 9951): moveToState: Fragment state for ResumeManagementFragment{3f719f0 #1 id=0x7f0a0148 android:switcher:2131362120:2} not updated inline; expected state 3 found 2
D/Mono    ( 9951): Unloading image System.Linq.dll [0xd8894600].
D/Mono    ( 9951): Image addref System.Linq[0xd8353880] -> System.Linq.dll[0xdc069e00]: 9
D/Mono    ( 9951): Config attempting to parse: 'System.Linq.dll.config'.
D/Mono    ( 9951): Config attempting to parse: '/Users/builder/data/lanes/4009/3a62f1ea/source/monodroid/builds/install/mono-armv6/etc/mono/assemblies/System.Linq/System.Linq.config'.
D/Mono    ( 9951): Assembly Ref addref CareerBuilder_Search[0xeb76e0a0] -> System.Linq[0xeb76e580]: 7
D/Mono    ( 9951): DllImport attempting to load: '/system/lib/liblog.so'.
D/Mono    ( 9951): DllImport loaded library '/system/lib/liblog.so'.
D/Mono    ( 9951): DllImport searching in: '/system/lib/liblog.so' ('/system/lib/liblog.so').
D/Mono    ( 9951): Searching for '__android_log_print'.
D/Mono    ( 9951): Probing '__android_log_print'.
D/Mono    ( 9951): Found as '__android_log_print'.
I/mono-stdout( 9951): uri is: https://api.careerbuilder.com/consumer/resumes?OAuthToken=&HostSite=US&DeveloperKey=WDHR8FC6P2JZ1Y61KLM5
D/Mono    ( 9951): DllImport searching in: '__Internal' ('(null)').
D/Mono    ( 9951): Searching for 'java_interop_jnienv_call_nonvirtual_void_method'.
D/Mono    ( 9951): Probing 'java_interop_jnienv_call_nonvirtual_void_method'.
D/Mono    ( 9951): Found as 'java_interop_jnienv_call_nonvirtual_void_method'.
D/Mono    ( 9951): Unloading image System.Collections.dll [0xd4145200].
D/Mono    ( 9951): Image addref System.Collections[0xd83537c0] -> System.Collections.dll[0xea9b1b00]: 10
D/Mono    ( 9951): Config attempting to parse: 'System.Collections.dll.config'.
D/Mono    ( 9951): Config attempting to parse: '/Users/builder/data/lanes/4009/3a62f1ea/source/monodroid/builds/install/mono-armv6/etc/mono/assemblies/System.Collections/System.Collections.config'.
D/Mono    ( 9951): Assembly Ref addref System.Reactive.Linq[0xeb76de60] -> System.Collections[0xeb76e460]: 8
I/mono-stdout( 9951): uri is: https://api.careerbuilder.com/consumer/saved-jobs/?DeveloperKey=WDHR8FC6P2JZ1Y61KLM5
I/mono-stdout( 9951): uri is: https://api.careerbuilder.com/consumer/jobs/search/?Keywords=&Location=&UseFacets=true&PageNumber=1&ExcludeNational=true&DeveloperKey=WDHR8FC6P2JZ1Y61KLM5
I/mono-stdout( 9951): uri is: https://api.careerbuilder.com/consumer/resumes?OAuthToken=&HostSite=US&DeveloperKey=WDHR8FC6P2JZ1Y61KLM5
I/ServiceManager(  569): Waiting for service AtCmdFwd...
D/Mono    ( 9951): Image addref System.Net.Primitives[0xd8353880] -> System.Net.Primitives.dll[0xd93f9b00]: 2
D/Mono    ( 9951): Prepared to set up assembly 'System.Net.Primitives' (System.Net.Primitives.dll)
D/Mono    ( 9951): Assembly System.Net.Primitives[0xd8353880] added to domain RootDomain, ref_count=1
D/Mono    ( 9951): Unloading image System.Net.Primitives.dll [0xd4146b00].
D/Mono    ( 9951): Image addref System.Net.Primitives[0xd92f11e0] -> System.Net.Primitives.dll[0xd93f9b00]: 4
D/Mono    ( 9951): Config attempting to parse: 'System.Net.Primitives.dll.config'.
D/Mono    ( 9951): Config attempting to parse: '/Users/builder/data/lanes/4009/3a62f1ea/source/monodroid/builds/install/mono-armv6/etc/mono/assemblies/System.Net.Primitives/System.Net.Primitives.config'.
D/Mono    ( 9951): Assembly Ref addref CareerBuilder_Search[0xeb76e0a0] -> System.Net.Primitives[0xd8353880]: 2
D/Mono    ( 9951): Assembly Ref addref System.Net.Primitives[0xd8353880] -> System[0xeb76e3a0]: 14
D/Mono    ( 9951): AOT module 'System.Net.Primitives.dll.so' not found: dlopen failed: library "/data/app/com.careerbuilder.SugarDrone-1/lib/arm/libaot-System.Net.Primitives.dll.so" not found
D/Mono    ( 9951): AOT module '/Users/builder/data/lanes/4009/3a62f1ea/source/monodroid/builds/install/mono-armv6/lib/mono/aot-cache/arm/System.Net.Primitives.dll.so' not found: dlopen failed: library "/data/app/com.careerbuilder.SugarDrone-1/lib/arm/libaot-System.Net.Primitives.dll.so" not found
D/Mono    ( 9951): Config attempting to parse: 'System.Net.Primitives.dll.config'.
D/Mono    ( 9951): Config attempting to parse: '/Users/builder/data/lanes/4009/3a62f1ea/source/monodroid/builds/install/mono-armv6/etc/mono/assemblies/System.Net.Primitives/System.Net.Primitives.config'.
D/Mono    ( 9951): Unloading image System.Net.Primitives.dll [0xd4144300].
D/Mono    ( 9951): Image addref System.Net.Primitives[0xd83b1440] -> System.Net.Primitives.dll[0xd93f9b00]: 6
D/Mono    ( 9951): Config attempting to parse: 'System.Net.Primitives.dll.config'.
D/Mono    ( 9951): Config attempting to parse: '/Users/builder/data/lanes/4009/3a62f1ea/source/monodroid/builds/install/mono-armv6/etc/mono/assemblies/System.Net.Primitives/System.Net.Primitives.config'.
D/Mono    ( 9951): Unloading image System.Text.Encoding.dll [0xd93f8c00].
D/Mono    ( 9951): Image addref System.Text.Encoding[0xd83b01e0] -> System.Text.Encoding.dll[0xd9eab500]: 5
D/Mono    ( 9951): Config attempting to parse: 'System.Text.Encoding.dll.config'.
D/Mono    ( 9951): Config attempting to parse: '/Users/builder/data/lanes/4009/3a62f1ea/source/monodroid/builds/install/mono-armv6/etc/mono/assemblies/System.Text.Encoding/System.Text.Encoding.config'.
D/Mono    ( 9951): Assembly Ref addref CareerBuilder_Search[0xeb76e0a0] -> System.Text.Encoding[0xda8b2e40]: 3
D/Mono    ( 9951): Unloading image System.Net.Primitives.dll [0xd4188500].
D/Mono    ( 9951): Image addref System.Net.Primitives[0xd92f1900] -> System.Net.Primitives.dll[0xd93f9b00]: 7
D/Mono    ( 9951): Config attempting to parse: 'System.Net.Primitives.dll.config'.
I/mono-stdout( 9951): making api call to: /consumer/resumes?OAuthToken=&HostSite=US&DeveloperKey=WDHR8FC6P2JZ1Y61KLM5
D/Mono    ( 9951): Config attempting to parse: '/Users/builder/data/lanes/4009/3a62f1ea/source/monodroid/builds/install/mono-armv6/etc/mono/assemblies/System.Net.Primitives/System.Net.Primitives.config'.
D/Mono    ( 9951): Unloading image System.Text.Encoding.dll [0xd4146b00].
D/Mono    ( 9951): Image addref System.Text.Encoding[0xd92f1c60] -> System.Text.Encoding.dll[0xd9eab500]: 6
D/Mono    ( 9951): Config attempting to parse: 'System.Text.Encoding.dll.config'.
D/Mono    ( 9951): Config attempting to parse: '/Users/builder/data/lanes/4009/3a62f1ea/source/monodroid/builds/install/mono-armv6/etc/mono/assemblies/System.Text.Encoding/System.Text.Encoding.config'.
I/mono-stdout( 9951): making api call to: /consumer/resumes?OAuthToken=&HostSite=US&DeveloperKey=WDHR8FC6P2JZ1Y61KLM5
I/mono-stdout( 9951): making api call to: /consumer/saved-jobs/?DeveloperKey=WDHR8FC6P2JZ1Y61KLM5
I/mono-stdout( 9951): making api call to: /consumer/jobs/search/?Keywords=&Location=&UseFacets=true&PageNumber=1&ExcludeNational=true&DeveloperKey=WDHR8FC6P2JZ1Y61KLM5
I/mono-stdout( 9951): Method: GET, RequestUri: 'https://api.careerbuilder.com/consumer/saved-jobs/?DeveloperKey=WDHR8FC6P2JZ1Y61KLM5', Version: 1.1, Content: <null>, Headers:

I/mono-stdout( 9951): {

I/mono-stdout( 9951): DeveloperKey: WDHR8FC6P2JZ1Y61KLM5

I/mono-stdout( 9951): Accept: application/json

I/mono-stdout( 9951): Authorization: Bearer test

I/mono-stdout( 9951): HostSite: US

I/mono-stdout( 9951): }
D/WifiStateMachine(  922): starting scan for "xtc-ag"WPA_PSK with 5240,5180,5220,5200
I/art     ( 9951): Starting a blocking GC Explicit
I/mono-stdout( 9951): Current State = 1,2,6,7
I/mono-stdout( 9951): applied jobs = 6
I/mono-stdout( 9951): expired jobs = 7
I/mono-stdout( 9951): saved jobs = Saved,Saved,Applied,Saved
I/art     ( 9951): Explicit concurrent mark sweep GC freed 1621(114KB) AllocSpace objects, 0(0B) LOS objects, 29% free, 38MB/54MB, paused 954us total 45.383ms
I/art     ( 9951): Starting a blocking GC Explicit
I/art     ( 9951): Explicit concurrent mark sweep GC freed 106(4KB) AllocSpace objects, 0(0B) LOS objects, 29% free, 38MB/54MB, paused 952us total 29.155ms
I/art     ( 9951): Starting a blocking GC Explicit
I/art     ( 9951): Explicit concurrent mark sweep GC freed 10(688B) AllocSpace objects, 0(0B) LOS objects, 29% free, 38MB/54MB, paused 922us total 32.837ms
I/art     ( 9951): Starting a blocking GC Explicit
I/art     ( 9951): Explicit concurrent mark sweep GC freed 10(688B) AllocSpace objects, 0(0B) LOS objects, 29% free, 38MB/54MB, paused 934us total 23.463ms
I/art     ( 9951): Starting a blocking GC Explicit
I/art     ( 9951): Explicit concurrent mark sweep GC freed 10(688B) AllocSpace objects, 0(0B) LOS objects, 29% free, 38MB/54MB, paused 945us total 26.681ms
I/mono-stdout( 9951): done making call to: /consumer/resumes?OAuthToken=&HostSite=US&DeveloperKey=WDHR8FC6P2JZ1Y61KLM5
I/mono-stdout( 9951): done making call to: /consumer/resumes?OAuthToken=&HostSite=US&DeveloperKey=WDHR8FC6P2JZ1Y61KLM5
I/mono-stdout( 9951): The resume  with hash has been set as latest
I/mono-stdout( 9951): The resume  with hash has been set as latest
I/art     ( 9951): Starting a blocking GC Explicit
I/art     ( 9951): Explicit concurrent mark sweep GC freed 1765(103KB) AllocSpace objects, 1(20KB) LOS objects, 29% free, 38MB/54MB, paused 787us total 23.923ms
D/Mono    ( 9951): GC_TAR_BRIDGE bridges 173 objects 371 opaque 122 colors 173 colors-bridged 173 colors-visible 173 xref 5 cache-hit 0 cache-semihit 0 cache-miss 0 setup 0.11ms tarjan 0.48ms scc-setup 0.14ms gather-xref 0.01ms xref-setup 0.02ms cleanup 0.06ms
D/Mono    ( 9951): GC_BRIDGE: Complete, was running for 27.18ms
D/Mono    ( 9951): GC_MINOR: (Nursery full) time 23.20ms, stw 23.84ms promoted 901K major size: 1904K in use: 1183K los size: 1024K in use: 370K
I/mono-stdout( 9951): done making call to: /consumer/saved-jobs/?DeveloperKey=WDHR8FC6P2JZ1Y61KLM5
W/Atfwd_Sendcmd(  569): AtCmdFwd service not published, waiting... retryCnt : 4
I/mono-stdout( 9951): done making call to: /consumer/jobs/search/?Keywords=&Location=&UseFacets=true&PageNumber=1&ExcludeNational=true&DeveloperKey=WDHR8FC6P2JZ1Y61KLM5
E/RecyclerView( 9951): No adapter attached; skipping layout
W/art     ( 9951): JNI RegisterNativeMethods: attempt to register 0 native methods for md539c3d548fb000cea9f34163fa7e112ea.ProgressListItemViewHolder
W/ResourceType( 9951): No known package when getting name for resource number 0xffffffff
W/ResourceType( 9951): No known package when getting name for resource number 0xffffffff
W/ResourceType( 9951): No known package when getting name for resource number 0xffffffff
W/ResourceType( 9951): No known package when getting name for resource number 0xffffffff
W/ResourceType( 9951): No known package when getting name for resource number 0xffffffff
W/ResourceType( 9951): No known package when getting name for resource number 0xffffffff
W/ResourceType( 9951): No known package when getting name for resource number 0xffffffff
W/ResourceType( 9951): No known package when getting name for resource number 0xffffffff
W/ResourceType( 9951): No known package when getting name for resource number 0xffffffff
W/ResourceType( 9951): No known package when getting name for resource number 0xffffffff
W/ResourceType( 9951): No known package when getting name for resource number 0xffffffff
W/ResourceType( 9951): No known package when getting name for resource number 0xffffffff
I/mono-stdout( 9951): uri is: https://api.careerbuilder.com/consumer/saved-jobs/?DeveloperKey=WDHR8FC6P2JZ1Y61KLM5
I/mono-stdout( 9951): making api call to: /consumer/saved-jobs/?DeveloperKey=WDHR8FC6P2JZ1Y61KLM5
I/mono-stdout( 9951): Method: GET, RequestUri: 'https://api.careerbuilder.com/consumer/saved-jobs/?DeveloperKey=WDHR8FC6P2JZ1Y61KLM5', Version: 1.1, Content: <null>, Headers:

I/mono-stdout( 9951): {

I/mono-stdout( 9951): DeveloperKey: WDHR8FC6P2JZ1Y61KLM5

I/mono-stdout( 9951): Accept: application/json

I/mono-stdout( 9951): Authorization: Bearer test

I/mono-stdout( 9951): HostSite: US

I/mono-stdout( 9951): }
I/mono-stdout( 9951): Current State = 1,2,6,7
I/mono-stdout( 9951): applied jobs = 6
I/mono-stdout( 9951): expired jobs = 7
I/mono-stdout( 9951): saved jobs = Saved,Saved,Applied,Saved
W/ResourceType( 9951): No known package when getting name for resource number 0xffffffff
W/ResourceType( 9951): No known package when getting name for resource number 0xffffffff
W/ResourceType( 9951): No known package when getting name for resource number 0xffffffff
W/ResourceType( 9951): No known package when getting name for resource number 0xffffffff
W/ResourceType( 9951): No known package when getting name for resource number 0xffffffff
D/Mono    ( 9951): Assembly Ref addref Xamarin.Android.Support.v7.AppCompat[0xeb76dbc0] -> System.Core[0xeb76e700]: 15
I/Choreographer( 9951): Skipped 111 frames!  The application may be doing too much work on its main thread.
E/RecyclerView( 9951): No adapter attached; skipping layout
I/Keyboard.Facilitator( 3440): onFinishInput()
I/ActivityManager(  922): Displayed com.careerbuilder.SugarDrone/md5a4824aa66c0dc4d104077b72c1916a44.MasterNavActivity: +2s487ms
D/Mono    ( 9951): DllImport searching in: '__Internal' ('(null)').
D/Mono    ( 9951): Searching for 'java_interop_jnienv_call_void_method'.
D/Mono    ( 9951): Probing 'java_interop_jnienv_call_void_method'.
D/Mono    ( 9951): Found as 'java_interop_jnienv_call_void_method'.
E/RecyclerView( 9951): No adapter attached; skipping layout
I/System.out( 9951): URI: /map
I/System.out( 9951): params: {json={"query":"* marked:'Search'","operation":{"method_name":"query","arguments":[]}}
I/System.out( 9951): }
W/ResourceType( 9951): No known package when getting name for resource number 0xffffffff
W/ResourceType( 9951): No known package when getting name for resource number 0xffffffff
W/ResourceType( 9951): No known package when getting name for resource number 0xffffffff
W/ResourceType( 9951): No known package when getting name for resource number 0xffffffff
W/ResourceType( 9951): No known package when getting name for resource number 0xffffffff
W/ResourceType( 9951): No known package when getting name for resource number 0xffffffff
W/ResourceType( 9951): No known package when getting name for resource number 0xffffffff
W/ResourceType( 9951): No known package when getting name for resource number 0xffffffff
W/ResourceType( 9951): No known package when getting name for resource number 0xffffffff
W/ResourceType( 9951): No known package when getting name for resource number 0xffffffff
W/ResourceType( 9951): No known package when getting name for resource number 0xffffffff
I/mono-stdout( 9951): done making call to: /consumer/saved-jobs/?DeveloperKey=WDHR8FC6P2JZ1Y61KLM5
W/ResourceType( 9951): No known package when getting name for resource number 0xffffffff
W/ResourceType( 9951): No known package when getting name for resource number 0xffffffff
W/ResourceType( 9951): No known package when getting name for resource number 0xffffffff
W/ResourceType( 9951): No known package when getting name for resource number 0xffffffff
W/ResourceType( 9951): No known package when getting name for resource number 0xffffffff
W/ResourceType( 9951): No known package when getting name for resource number 0xffffffff
W/ResourceType( 9951): No known package when getting name for resource number 0xffffffff
W/ResourceType( 9951): No known package when getting name for resource number 0xffffffff
W/ResourceType( 9951): No known package when getting name for resource number 0xffffffff
W/ResourceType( 9951): No known package when getting name for resource number 0xffffffff
W/ResourceType( 9951): No known package when getting name for resource number 0xffffffff
W/ResourceType( 9951): No known package when getting name for resource number 0xffffffff
W/ResourceType( 9951): No known package when getting name for resource number 0xffffffff
W/ResourceType( 9951): No known package when getting name for resource number 0xffffffff
W/ResourceType( 9951): No known package when getting name for resource number 0xffffffff
W/ResourceType( 9951): No known package when getting name for resource number 0xffffffff
W/ResourceType( 9951): No known package when getting name for resource number 0xffffffff
W/ResourceType( 9951): No known package when getting name for resource number 0xffffffff
W/ResourceType( 9951): No known package when getting name for resource number 0xffffffff
W/ResourceType( 9951): No known package when getting name for resource number 0xffffffff
W/ResourceType( 9951): No known package when getting name for resource number 0xffffffff
W/ResourceType( 9951): No known package when getting name for resource number 0xffffffff
W/ResourceType( 9951): No known package when getting name for resource number 0xffffffff
W/ResourceType( 9951): No known package when getting name for resource number 0xffffffff
W/ResourceType( 9951): No known package when getting name for resource number 0xffffffff
W/ResourceType( 9951): No known package when getting name for resource number 0xffffffff
W/ResourceType( 9951): No known package when getting name for resource number 0xffffffff
W/ResourceType( 9951): No known package when getting name for resource number 0xffffffff
W/ResourceType( 9951): No known package when getting name for resource number 0xffffffff
W/ResourceType( 9951): No known package when getting name for resource number 0xffffffff
W/ResourceType( 9951): No known package when getting name for resource number 0xffffffff
W/ResourceType( 9951): No known package when getting name for resource number 0xffffffff
W/ResourceType( 9951): No known package when getting name for resource number 0xffffffff
W/ResourceType( 9951): No known package when getting name for resource number 0xffffffff
W/ResourceType( 9951): No known package when getting name for resource number 0xffffffff
W/ResourceType( 9951): No known package when getting name for resource number 0xffffffff
W/ResourceType( 9951): No known package when getting name for resource number 0xffffffff
W/ResourceType( 9951): No known package when getting name for resource number 0xffffffff
W/ResourceType( 9951): No known package when getting name for resource number 0xffffffff
W/ResourceType( 9951): No known package when getting name for resource number 0xffffffff
W/ResourceType( 9951): No known package when getting name for resource number 0xffffffff
W/ResourceType( 9951): No known package when getting name for resource number 0xffffffff
W/ResourceType( 9951): No known package when getting name for resource number 0xffffffff
D/Mono    ( 9951): DllImport searching in: '__Internal' ('(null)').
D/Mono    ( 9951): Searching for 'java_interop_jnienv_set_int_field'.
D/Mono    ( 9951): Probing 'java_interop_jnienv_set_int_field'.
D/Mono    ( 9951): Found as 'java_interop_jnienv_set_int_field'.
E/RecyclerView( 9951): No adapter attached; skipping layout
I/System.out( 9951): URI: /map
I/System.out( 9951): params: {json={"query":"* marked:'Search'","operation":{"method_name":"query","arguments":[]}}
I/System.out( 9951): }
W/art     ( 9951): JNI RegisterNativeMethods: attempt to register 0 native methods for md539c3d548fb000cea9f34163fa7e112ea.JobResultViewHolder
W/art     ( 9951): JNI RegisterNativeMethods: attempt to register 0 native methods for md543b91ad655f5c020e54c78f692da973f.SnapshotView
W/ResourceType( 9951): No known package when getting name for resource number 0xffffffff
W/ResourceType( 9951): No known package when getting name for resource number 0xffffffff
W/ResourceType( 9951): No known package when getting name for resource number 0xffffffff
W/ResourceType( 9951): No known package when getting name for resource number 0xffffffff
W/ResourceType( 9951): No known package when getting name for resource number 0xffffffff
W/ResourceType( 9951): No known package when getting name for resource number 0xffffffff
W/ResourceType( 9951): No known package when getting name for resource number 0xffffffff
W/ResourceType( 9951): No known package when getting name for resource number 0xffffffff
W/ResourceType( 9951): No known package when getting name for resource number 0xffffffff
W/ResourceType( 9951): No known package when getting name for resource number 0xffffffff
W/ResourceType( 9951): No known package when getting name for resource number 0xffffffff
W/ResourceType( 9951): No known package when getting name for resource number 0xffffffff
W/ResourceType( 9951): No known package when getting name for resource number 0xffffffff
W/ResourceType( 9951): No known package when getting name for resource number 0xffffffff
W/ResourceType( 9951): No known package when getting name for resource number 0xffffffff
W/ResourceType( 9951): No known package when getting name for resource number 0xffffffff
W/ResourceType( 9951): No known package when getting name for resource number 0xffffffff
W/ResourceType( 9951): No known package when getting name for resource number 0xffffffff
W/ResourceType( 9951): No known package when getting name for resource number 0xffffffff
W/ResourceType( 9951): No known package when getting name for resource number 0xffffffff
W/ResourceType( 9951): No known package when getting name for resource number 0xffffffff
W/ResourceType( 9951): No known package when getting name for resource number 0xffffffff
W/ResourceType( 9951): No known package when getting name for resource number 0xffffffff
W/ResourceType( 9951): No known package when getting name for resource number 0xffffffff
W/ResourceType( 9951): No known package when getting name for resource number 0xffffffff
W/ResourceType( 9951): No known package when getting name for resource number 0xffffffff
W/ResourceType( 9951): No known package when getting name for resource number 0xffffffff
W/ResourceType( 9951): No known package when getting name for resource number 0xffffffff
W/ResourceType( 9951): No known package when getting name for resource number 0xffffffff
W/ResourceType( 9951): No known package when getting name for resource number 0xffffffff
W/ResourceType( 9951): No known package when getting name for resource number 0xffffffff
W/ResourceType( 9951): No known package when getting name for resource number 0xffffffff
W/ResourceType( 9951): No known package when getting name for resource number 0xffffffff
W/ResourceType( 9951): No known package when getting name for resource number 0xffffffff
W/ResourceType( 9951): No known package when getting name for resource number 0xffffffff
W/ResourceType( 9951): No known package when getting name for resource number 0xffffffff
W/ResourceType( 9951): No known package when getting name for resource number 0xffffffff
W/ResourceType( 9951): No known package when getting name for resource number 0xffffffff
W/ResourceType( 9951): No known package when getting name for resource number 0xffffffff
W/ResourceType( 9951): No known package when getting name for resource number 0xffffffff
W/ResourceType( 9951): No known package when getting name for resource number 0xffffffff
W/ResourceType( 9951): No known package when getting name for resource number 0xffffffff
W/ResourceType( 9951): No known package when getting name for resource number 0xffffffff
W/ResourceType( 9951): No known package when getting name for resource number 0xffffffff
W/ResourceType( 9951): No known package when getting name for resource number 0xffffffff
W/ResourceType( 9951): No known package when getting name for resource number 0xffffffff
W/ResourceType( 9951): No known package when getting name for resource number 0xffffffff
W/ResourceType( 9951): No known package when getting name for resource number 0xffffffff
W/ResourceType( 9951): No known package when getting name for resource number 0xffffffff
W/ResourceType( 9951): No known package when getting name for resource number 0xffffffff
W/ResourceType( 9951): No known package when getting name for resource number 0xffffffff
W/ResourceType( 9951): No known package when getting name for resource number 0xffffffff
W/ResourceType( 9951): No known package when getting name for resource number 0xffffffff
W/ResourceType( 9951): No known package when getting name for resource number 0xffffffff
W/ResourceType( 9951): No known package when getting name for resource number 0xffffffff
W/ResourceType( 9951): No known package when getting name for resource number 0xffffffff
W/ResourceType( 9951): No known package when getting name for resource number 0xffffffff
W/ResourceType( 9951): No known package when getting name for resource number 0xffffffff
W/ResourceType( 9951): No known package when getting name for resource number 0xffffffff
W/ResourceType( 9951): No known package when getting name for resource number 0xffffffff
W/ResourceType( 9951): No known package when getting name for resource number 0xffffffff
W/ResourceType( 9951): No known package when getting name for resource number 0xffffffff
W/ResourceType( 9951): No known package when getting name for resource number 0xffffffff
W/ResourceType( 9951): No known package when getting name for resource number 0xffffffff
W/ResourceType( 9951): No known package when getting name for resource number 0xffffffff
W/ResourceType( 9951): No known package when getting name for resource number 0xffffffff
W/ResourceType( 9951): No known package when getting name for resource number 0xffffffff
I/System.out( 9951): URI: /map
I/System.out( 9951): params: {json={"query":"* marked:'Search'","operation":{"method_name":"query","arguments":[]}}
I/System.out( 9951): }
W/ResourceType( 9951): No known package when getting name for resource number 0xffffffff
W/ResourceType( 9951): No known package when getting name for resource number 0xffffffff
W/ResourceType( 9951): No known package when getting name for resource number 0xffffffff
W/ResourceType( 9951): No known package when getting name for resource number 0xffffffff
W/ResourceType( 9951): No known package when getting name for resource number 0xffffffff
W/ResourceType( 9951): No known package when getting name for resource number 0xffffffff
W/ResourceType( 9951): No known package when getting name for resource number 0xffffffff
W/ResourceType( 9951): No known package when getting name for resource number 0xffffffff
W/ResourceType( 9951): No known package when getting name for resource number 0xffffffff
W/ResourceType( 9951): No known package when getting name for resource number 0xffffffff
W/ResourceType( 9951): No known package when getting name for resource number 0xffffffff
W/ResourceType( 9951): No known package when getting name for resource number 0xffffffff
W/ResourceType( 9951): No known package when getting name for resource number 0xffffffff
W/ResourceType( 9951): No known package when getting name for resource number 0xffffffff
W/ResourceType( 9951): No known package when getting name for resource number 0xffffffff
W/ResourceType( 9951): No known package when getting name for resource number 0xffffffff
W/ResourceType( 9951): No known package when getting name for resource number 0xffffffff
W/ResourceType( 9951): No known package when getting name for resource number 0xffffffff
W/ResourceType( 9951): No known package when getting name for resource number 0xffffffff
W/ResourceType( 9951): No known package when getting name for resource number 0xffffffff
W/ResourceType( 9951): No known package when getting name for resource number 0xffffffff
W/ResourceType( 9951): No known package when getting name for resource number 0xffffffff
W/ResourceType( 9951): No known package when getting name for resource number 0xffffffff
W/ResourceType( 9951): No known package when getting name for resource number 0xffffffff
W/ResourceType( 9951): No known package when getting name for resource number 0xffffffff
W/ResourceType( 9951): No known package when getting name for resource number 0xffffffff
W/ResourceType( 9951): No known package when getting name for resource number 0xffffffff
W/ResourceType( 9951): No known package when getting name for resource number 0xffffffff
W/ResourceType( 9951): No known package when getting name for resource number 0xffffffff
W/ResourceType( 9951): No known package when getting name for resource number 0xffffffff
W/ResourceType( 9951): No known package when getting name for resource number 0xffffffff
W/ResourceType( 9951): No known package when getting name for resource number 0xffffffff
W/ResourceType( 9951): No known package when getting name for resource number 0xffffffff
W/ResourceType( 9951): No known package when getting name for resource number 0xffffffff
W/ResourceType( 9951): No known package when getting name for resource number 0xffffffff
W/ResourceType( 9951): No known package when getting name for resource number 0xffffffff
W/ResourceType( 9951): No known package when getting name for resource number 0xffffffff
W/ResourceType( 9951): No known package when getting name for resource number 0xffffffff
W/ResourceType( 9951): No known package when getting name for resource number 0xffffffff
W/ResourceType( 9951): No known package when getting name for resource number 0xffffffff
W/ResourceType( 9951): No known package when getting name for resource number 0xffffffff
W/ResourceType( 9951): No known package when getting name for resource number 0xffffffff
W/ResourceType( 9951): No known package when getting name for resource number 0xffffffff
W/ResourceType( 9951): No known package when getting name for resource number 0xffffffff
W/ResourceType( 9951): No known package when getting name for resource number 0xffffffff
W/ResourceType( 9951): No known package when getting name for resource number 0xffffffff
W/ResourceType( 9951): No known package when getting name for resource number 0xffffffff
W/ResourceType( 9951): No known package when getting name for resource number 0xffffffff
W/ResourceType( 9951): No known package when getting name for resource number 0xffffffff
W/ResourceType( 9951): No known package when getting name for resource number 0xffffffff
W/ResourceType( 9951): No known package when getting name for resource number 0xffffffff
W/ResourceType( 9951): No known package when getting name for resource number 0xffffffff
W/ResourceType( 9951): No known package when getting name for resource number 0xffffffff
W/ResourceType( 9951): No known package when getting name for resource number 0xffffffff
W/ResourceType( 9951): No known package when getting name for resource number 0xffffffff
W/ResourceType( 9951): No known package when getting name for resource number 0xffffffff
W/ResourceType( 9951): No known package when getting name for resource number 0xffffffff
W/ResourceType( 9951): No known package when getting name for resource number 0xffffffff
W/ResourceType( 9951): No known package when getting name for resource number 0xffffffff
W/ResourceType( 9951): No known package when getting name for resource number 0xffffffff
W/ResourceType( 9951): No known package when getting name for resource number 0xffffffff
W/ResourceType( 9951): No known package when getting name for resource number 0xffffffff
W/ResourceType( 9951): No known package when getting name for resource number 0xffffffff
W/ResourceType( 9951): No known package when getting name for resource number 0xffffffff
W/ResourceType( 9951): No known package when getting name for resource number 0xffffffff
W/ResourceType( 9951): No known package when getting name for resource number 0xffffffff
W/ResourceType( 9951): No known package when getting name for resource number 0xffffffff
W/ip      (10304): type=1400 audit(0.0:70): avc: denied { search } for name="net" dev="dm-2" ino=719496 scontext=u:r:shell:s0 tcontext=u:object_r:net_data_file:s0 tclass=dir permissive=0
I/System.out( 9951): URI: /map
I/System.out( 9951): params: {json={"query":"all * index:0","operation":{"method_name":"query","arguments":[]}}
I/System.out( 9951): }
W/ResourceType( 9951): No known package when getting name for resource number 0xffffffff
I/System.out( 9951): URI: /map
I/System.out( 9951): params: {json={"query":"all * index:0","operation":{"method_name":"query","arguments":[]}}
I/System.out( 9951): }
W/ResourceType( 9951): No known package when getting name for resource number 0xffffffff
I/System.out( 9951): URI: /gesture
I/System.out( 9951): params: {json={"gestures":[{"touches":[{"query_string":null,"offset_x":1332,"offset_y":1196,"wait":0.0,"time":0.244,"x":0,"y":0,"release":false},{"query_string":null,"offset_x":108,"offset_y":1196,"wait":0.0,"time":0.0,"x":0,"y":0,"release":false}]}],"query_timeout":5.0}
I/System.out( 9951): }
I/mono-stdout( 9951): uri is: https://api.careerbuilder.com/consumer/saved-jobs/?DeveloperKey=WDHR8FC6P2JZ1Y61KLM5
I/mono-stdout( 9951): making api call to: /consumer/saved-jobs/?DeveloperKey=WDHR8FC6P2JZ1Y61KLM5
I/mono-stdout( 9951): Method: GET, RequestUri: 'https://api.careerbuilder.com/consumer/saved-jobs/?DeveloperKey=WDHR8FC6P2JZ1Y61KLM5', Version: 1.1, Content: <null>, Headers:

I/mono-stdout( 9951): {

I/mono-stdout( 9951): DeveloperKey: WDHR8FC6P2JZ1Y61KLM5

I/mono-stdout( 9951): Accept: application/json

I/mono-stdout( 9951): Authorization: Bearer test

I/mono-stdout( 9951): HostSite: US

I/mono-stdout( 9951): }
I/mono-stdout( 9951): Current State = 1,2,6,7
I/mono-stdout( 9951): applied jobs = 6
I/mono-stdout( 9951): expired jobs = 7
I/mono-stdout( 9951): saved jobs = Saved,Saved,Applied,Saved
E/RecyclerView( 9951): No adapter attached; skipping layout
I/Keyboard.Facilitator( 3440): onFinishInput()
I/art     ( 9951): Starting a blocking GC Explicit
I/art     ( 9951): Explicit concurrent mark sweep GC freed 42921(2MB) AllocSpace objects, 6(120KB) LOS objects, 28% free, 39MB/55MB, paused 806us total 36.839ms
I/art     ( 9951): Starting a blocking GC Explicit
I/art     ( 9951): Explicit concurrent mark sweep GC freed 332(16KB) AllocSpace objects, 0(0B) LOS objects, 28% free, 39MB/55MB, paused 904us total 28.010ms
I/art     ( 9951): Starting a blocking GC Explicit
I/art     ( 9951): Explicit concurrent mark sweep GC freed 18(1440B) AllocSpace objects, 0(0B) LOS objects, 28% free, 39MB/55MB, paused 852us total 26.611ms
I/art     ( 9951): Starting a blocking GC Explicit
I/System.out( 9951): URI: /map
I/System.out( 9951): params: {json={"query":"*","operation":{"method_name":"query","arguments":[]}}
I/System.out( 9951): }
I/art     ( 9951): Explicit concurrent mark sweep GC freed 5370(199KB) AllocSpace objects, 1(20KB) LOS objects, 28% free, 39MB/55MB, paused 867us total 32.518ms
I/art     ( 9951): Starting a blocking GC Explicit
I/art     ( 9951): Explicit concurrent mark sweep GC freed 8844(380KB) AllocSpace objects, 0(0B) LOS objects, 28% free, 39MB/55MB, paused 1.055ms total 36.925ms
I/mono-stdout( 9951): done making call to: /consumer/saved-jobs/?DeveloperKey=WDHR8FC6P2JZ1Y61KLM5
W/art     ( 9951): JNI RegisterNativeMethods: attempt to register 0 native methods for md539c3d548fb000cea9f34163fa7e112ea.SavedJobViewHolder
W/ResourceType( 9951): No known package when getting name for resource number 0xffffffff
W/ResourceType( 9951): No known package when getting name for resource number 0xffffffff
W/ResourceType( 9951): No known package when getting name for resource number 0xffffffff
W/ResourceType( 9951): No known package when getting name for resource number 0xffffffff
W/ResourceType( 9951): No known package when getting name for resource number 0xffffffff
W/ResourceType( 9951): No known package when getting name for resource number 0xffffffff
W/ResourceType( 9951): No known package when getting name for resource number 0xffffffff
W/ResourceType( 9951): No known package when getting name for resource number 0xffffffff
W/ResourceType( 9951): No known package when getting name for resource number 0xffffffff
W/ResourceType( 9951): No known package when getting name for resource number 0xffffffff
W/ResourceType( 9951): No known package when getting name for resource number 0xffffffff
W/ResourceType( 9951): No known package when getting name for resource number 0xffffffff
W/ResourceType( 9951): No known package when getting name for resource number 0xffffffff
W/ResourceType( 9951): No known package when getting name for resource number 0xffffffff
W/ResourceType( 9951): No known package when getting name for resource number 0xffffffff
W/ResourceType( 9951): No known package when getting name for resource number 0xffffffff
W/ResourceType( 9951): No known package when getting name for resource number 0xffffffff
I/System.out( 9951): URI: /map
I/System.out( 9951): params: {json={"query":"*","operation":{"method_name":"query","arguments":[]}}
I/System.out( 9951): }
W/ResourceType( 9951): No known package when getting name for resource number 0xffffffff
W/ResourceType( 9951): No known package when getting name for resource number 0xffffffff
W/ResourceType( 9951): No known package when getting name for resource number 0xffffffff
W/ResourceType( 9951): No known package when getting name for resource number 0xffffffff
W/ResourceType( 9951): No known package when getting name for resource number 0xffffffff
W/ResourceType( 9951): No known package when getting name for resource number 0xffffffff
W/ResourceType( 9951): No known package when getting name for resource number 0xffffffff
W/ResourceType( 9951): No known package when getting name for resource number 0xffffffff
W/ResourceType( 9951): No known package when getting name for resource number 0xffffffff
W/ResourceType( 9951): No known package when getting name for resource number 0xffffffff
W/ResourceType( 9951): No known package when getting name for resource number 0xffffffff
W/ResourceType( 9951): No known package when getting name for resource number 0xffffffff
W/ResourceType( 9951): No known package when getting name for resource number 0xffffffff
W/ResourceType( 9951): No known package when getting name for resource number 0xffffffff
W/ResourceType( 9951): No known package when getting name for resource number 0xffffffff
W/ResourceType( 9951): No known package when getting name for resource number 0xffffffff
W/ResourceType( 9951): No known package when getting name for resource number 0xffffffff
I/System.out( 9951): URI: /map
I/System.out( 9951): params: {json={"query":"*","operation":{"method_name":"query","arguments":[]}}
I/System.out( 9951): }
W/ResourceType( 9951): No known package when getting name for resource number 0xffffffff
W/ResourceType( 9951): No known package when getting name for resource number 0xffffffff
W/ResourceType( 9951): No known package when getting name for resource number 0xffffffff
W/ResourceType( 9951): No known package when getting name for resource number 0xffffffff
W/ResourceType( 9951): No known package when getting name for resource number 0xffffffff
W/ResourceType( 9951): No known package when getting name for resource number 0xffffffff
W/ResourceType( 9951): No known package when getting name for resource number 0xffffffff
W/ResourceType( 9951): No known package when getting name for resource number 0xffffffff
W/ResourceType( 9951): No known package when getting name for resource number 0xffffffff
W/ResourceType( 9951): No known package when getting name for resource number 0xffffffff
W/ResourceType( 9951): No known package when getting name for resource number 0xffffffff
W/ResourceType( 9951): No known package when getting name for resource number 0xffffffff
W/ResourceType( 9951): No known package when getting name for resource number 0xffffffff
W/ResourceType( 9951): No known package when getting name for resource number 0xffffffff
W/ResourceType( 9951): No known package when getting name for resource number 0xffffffff
I/art     ( 9951): Starting a blocking GC Explicit
I/art     ( 9951): Explicit concurrent mark sweep GC freed 86953(2MB) AllocSpace objects, 2(40KB) LOS objects, 28% free, 39MB/55MB, paused 891us total 38.343ms
I/art     ( 9951): Starting a blocking GC Explicit
I/art     ( 9951): Explicit concurrent mark sweep GC freed 6145(181KB) AllocSpace objects, 0(0B) LOS objects, 28% free, 39MB/55MB, paused 1.030ms total 28.992ms
I/art     ( 9951): Starting a blocking GC Explicit
I/art     ( 9951): Explicit concurrent mark sweep GC freed 4704(138KB) AllocSpace objects, 0(0B) LOS objects, 28% free, 39MB/55MB, paused 929us total 27.246ms
I/art     ( 9951): Starting a blocking GC Explicit
I/art     ( 9951): Explicit concurrent mark sweep GC freed 4097(120KB) AllocSpace objects, 0(0B) LOS objects, 28% free, 39MB/55MB, paused 970us total 28.317ms
I/art     ( 9951): Starting a blocking GC Explicit
I/art     ( 9951): Explicit concurrent mark sweep GC freed 4646(135KB) AllocSpace objects, 0(0B) LOS objects, 28% free, 39MB/55MB, paused 922us total 28.219ms
W/ResourceType( 9951): No known package when getting name for resource number 0xffffffff
W/ResourceType( 9951): No known package when getting name for resource number 0xffffffff
I/ThermalEngine(  517): ACTION: GPU - Setting GPU[0] to 450000000
I/ThermalEngine(  517): ACTION: GPU - Setting GPU[0] to 390000000
I/hubconnection(  922): sensorhub said: 'set_bias 3: -6.7968, 0.0000, 0.0000'
