W/ResourceType(10246): No known package when getting name for resource number 0xffffffff
W/ResourceType(10246): No known package when getting name for resource number 0xffffffff
W/ResourceType(10246): No known package when getting name for resource number 0xffffffff
W/ResourceType(10246): No known package when getting name for resource number 0xffffffff
W/ResourceType(10246): No known package when getting name for resource number 0xffffffff
W/ResourceType(10246): No known package when getting name for resource number 0xffffffff
W/ResourceType(10246): No known package when getting name for resource number 0xffffffff
W/ResourceType(10246): No known package when getting name for resource number 0xffffffff
W/ResourceType(10246): No known package when getting name for resource number 0xffffffff
W/ResourceType(10246): No known package when getting name for resource number 0xffffffff
W/ResourceType(10246): No known package when getting name for resource number 0xffffffff
W/ResourceType(10246): No known package when getting name for resource number 0xffffffff
W/ResourceType(10246): No known package when getting name for resource number 0xffffffff
W/ResourceType(10246): No known package when getting name for resource number 0xffffffff
W/ResourceType(10246): No known package when getting name for resource number 0xffffffff
W/ResourceType(10246): No known package when getting name for resource number 0xffffffff
W/ResourceType(10246): No known package when getting name for resource number 0xffffffff
W/ResourceType(10246): No known package when getting name for resource number 0xffffffff
W/ResourceType(10246): No known package when getting name for resource number 0xffffffff
W/ResourceType(10246): No known package when getting name for resource number 0xffffffff
W/ResourceType(10246): No known package when getting name for resource number 0xffffffff
W/ResourceType(10246): No known package when getting name for resource number 0xffffffff
W/ResourceType(10246): No known package when getting name for resource number 0xffffffff
W/ResourceType(10246): No known package when getting name for resource number 0xffffffff
W/ResourceType(10246): No known package when getting name for resource number 0xffffffff
W/ResourceType(10246): No known package when getting name for resource number 0xffffffff
W/ResourceType(10246): No known package when getting name for resource number 0xffffffff
W/ResourceType(10246): No known package when getting name for resource number 0xffffffff
W/ResourceType(10246): No known package when getting name for resource number 0xffffffff
W/ResourceType(10246): No known package when getting name for resource number 0xffffffff
W/ResourceType(10246): No known package when getting name for resource number 0xffffffff
W/ResourceType(10246): No known package when getting name for resource number 0xffffffff
W/ResourceType(10246): No known package when getting name for resource number 0xffffffff
W/ResourceType(10246): No known package when getting name for resource number 0xffffffff
W/ResourceType(10246): No known package when getting name for resource number 0xffffffff
W/ResourceType(10246): No known package when getting name for resource number 0xffffffff
W/ResourceType(10246): No known package when getting name for resource number 0xffffffff
W/ResourceType(10246): No known package when getting name for resource number 0xffffffff
W/ResourceType(10246): No known package when getting name for resource number 0xffffffff
W/ResourceType(10246): No known package when getting name for resource number 0xffffffff
W/ResourceType(10246): No known package when getting name for resource number 0xffffffff
W/ResourceType(10246): No known package when getting name for resource number 0xffffffff
W/ResourceType(10246): No known package when getting name for resource number 0xffffffff
W/ResourceType(10246): No known package when getting name for resource number 0xffffffff
W/ResourceType(10246): No known package when getting name for resource number 0xffffffff
W/ResourceType(10246): No known package when getting name for resource number 0xffffffff
W/ResourceType(10246): No known package when getting name for resource number 0xffffffff
W/ResourceType(10246): No known package when getting name for resource number 0xffffffff
W/ResourceType(10246): No known package when getting name for resource number 0xffffffff
W/ResourceType(10246): No known package when getting name for resource number 0xffffffff
W/ResourceType(10246): No known package when getting name for resource number 0xffffffff
W/ResourceType(10246): No known package when getting name for resource number 0xffffffff
W/ResourceType(10246): No known package when getting name for resource number 0xffffffff
W/ResourceType(10246): No known package when getting name for resource number 0xffffffff
W/ResourceType(10246): No known package when getting name for resource number 0xffffffff
W/ResourceType(10246): No known package when getting name for resource number 0xffffffff
W/ResourceType(10246): No known package when getting name for resource number 0xffffffff
W/ResourceType(10246): No known package when getting name for resource number 0xffffffff
W/ResourceType(10246): No known package when getting name for resource number 0xffffffff
W/ResourceType(10246): No known package when getting name for resource number 0xffffffff
W/ResourceType(10246): No known package when getting name for resource number 0xffffffff
W/ResourceType(10246): No known package when getting name for resource number 0xffffffff
W/ResourceType(10246): No known package when getting name for resource number 0xffffffff
W/ResourceType(10246): No known package when getting name for resource number 0xffffffff
I/System.out(10246): URI: /map
I/System.out(10246): params: {json={"query":"* marked:'filterAll'","operation":{"method_name":"query","arguments":[]}}
I/System.out(10246): }
W/ResourceType(10246): No known package when getting name for resource number 0xffffffff
W/ResourceType(10246): No known package when getting name for resource number 0xffffffff
W/ResourceType(10246): No known package when getting name for resource number 0xffffffff
W/ResourceType(10246): No known package when getting name for resource number 0xffffffff
W/ResourceType(10246): No known package when getting name for resource number 0xffffffff
W/ResourceType(10246): No known package when getting name for resource number 0xffffffff
W/ResourceType(10246): No known package when getting name for resource number 0xffffffff
W/ResourceType(10246): No known package when getting name for resource number 0xffffffff
W/ResourceType(10246): No known package when getting name for resource number 0xffffffff
W/ResourceType(10246): No known package when getting name for resource number 0xffffffff
W/ResourceType(10246): No known package when getting name for resource number 0xffffffff
W/ResourceType(10246): No known package when getting name for resource number 0xffffffff
W/ResourceType(10246): No known package when getting name for resource number 0xffffffff
W/ResourceType(10246): No known package when getting name for resource number 0xffffffff
W/ResourceType(10246): No known package when getting name for resource number 0xffffffff
W/ResourceType(10246): No known package when getting name for resource number 0xffffffff
W/ResourceType(10246): No known package when getting name for resource number 0xffffffff
W/ResourceType(10246): No known package when getting name for resource number 0xffffffff
W/ResourceType(10246): No known package when getting name for resource number 0xffffffff
W/ResourceType(10246): No known package when getting name for resource number 0xffffffff
W/ResourceType(10246): No known package when getting name for resource number 0xffffffff
W/ResourceType(10246): No known package when getting name for resource number 0xffffffff
W/ResourceType(10246): No known package when getting name for resource number 0xffffffff
W/ResourceType(10246): No known package when getting name for resource number 0xffffffff
W/ResourceType(10246): No known package when getting name for resource number 0xffffffff
W/ResourceType(10246): No known package when getting name for resource number 0xffffffff
W/ResourceType(10246): No known package when getting name for resource number 0xffffffff
W/ResourceType(10246): No known package when getting name for resource number 0xffffffff
W/ResourceType(10246): No known package when getting name for resource number 0xffffffff
W/ResourceType(10246): No known package when getting name for resource number 0xffffffff
W/ResourceType(10246): No known package when getting name for resource number 0xffffffff
W/ResourceType(10246): No known package when getting name for resource number 0xffffffff
W/ResourceType(10246): No known package when getting name for resource number 0xffffffff
W/ResourceType(10246): No known package when getting name for resource number 0xffffffff
W/ResourceType(10246): No known package when getting name for resource number 0xffffffff
W/ResourceType(10246): No known package when getting name for resource number 0xffffffff
W/ResourceType(10246): No known package when getting name for resource number 0xffffffff
W/ResourceType(10246): No known package when getting name for resource number 0xffffffff
W/ResourceType(10246): No known package when getting name for resource number 0xffffffff
W/ResourceType(10246): No known package when getting name for resource number 0xffffffff
W/ResourceType(10246): No known package when getting name for resource number 0xffffffff
W/ResourceType(10246): No known package when getting name for resource number 0xffffffff
W/ResourceType(10246): No known package when getting name for resource number 0xffffffff
W/ResourceType(10246): No known package when getting name for resource number 0xffffffff
W/ResourceType(10246): No known package when getting name for resource number 0xffffffff
W/ResourceType(10246): No known package when getting name for resource number 0xffffffff
W/ResourceType(10246): No known package when getting name for resource number 0xffffffff
W/ResourceType(10246): No known package when getting name for resource number 0xffffffff
W/ResourceType(10246): No known package when getting name for resource number 0xffffffff
W/ResourceType(10246): No known package when getting name for resource number 0xffffffff
W/ResourceType(10246): No known package when getting name for resource number 0xffffffff
W/ResourceType(10246): No known package when getting name for resource number 0xffffffff
W/ResourceType(10246): No known package when getting name for resource number 0xffffffff
W/ResourceType(10246): No known package when getting name for resource number 0xffffffff
W/ResourceType(10246): No known package when getting name for resource number 0xffffffff
W/ResourceType(10246): No known package when getting name for resource number 0xffffffff
W/ResourceType(10246): No known package when getting name for resource number 0xffffffff
W/ResourceType(10246): No known package when getting name for resource number 0xffffffff
W/ResourceType(10246): No known package when getting name for resource number 0xffffffff
W/ResourceType(10246): No known package when getting name for resource number 0xffffffff
W/ResourceType(10246): No known package when getting name for resource number 0xffffffff
W/ResourceType(10246): No known package when getting name for resource number 0xffffffff
W/ResourceType(10246): No known package when getting name for resource number 0xffffffff
W/ResourceType(10246): No known package when getting name for resource number 0xffffffff
W/ResourceType(10246): No known package when getting name for resource number 0xffffffff
W/ResourceType(10246): No known package when getting name for resource number 0xffffffff
I/System.out(10246): URI: /map
I/System.out(10246): params: {json={"query":"* marked:'filterExpired'","operation":{"method_name":"query","arguments":[]}}
I/System.out(10246): }
W/ResourceType(10246): No known package when getting name for resource number 0xffffffff
W/ResourceType(10246): No known package when getting name for resource number 0xffffffff
W/ResourceType(10246): No known package when getting name for resource number 0xffffffff
W/ResourceType(10246): No known package when getting name for resource number 0xffffffff
W/ResourceType(10246): No known package when getting name for resource number 0xffffffff
W/ResourceType(10246): No known package when getting name for resource number 0xffffffff
W/ResourceType(10246): No known package when getting name for resource number 0xffffffff
W/ResourceType(10246): No known package when getting name for resource number 0xffffffff
W/ResourceType(10246): No known package when getting name for resource number 0xffffffff
W/ResourceType(10246): No known package when getting name for resource number 0xffffffff
W/ResourceType(10246): No known package when getting name for resource number 0xffffffff
W/ResourceType(10246): No known package when getting name for resource number 0xffffffff
W/ResourceType(10246): No known package when getting name for resource number 0xffffffff
W/ResourceType(10246): No known package when getting name for resource number 0xffffffff
W/ResourceType(10246): No known package when getting name for resource number 0xffffffff
W/ResourceType(10246): No known package when getting name for resource number 0xffffffff
W/ResourceType(10246): No known package when getting name for resource number 0xffffffff
W/ResourceType(10246): No known package when getting name for resource number 0xffffffff
W/ResourceType(10246): No known package when getting name for resource number 0xffffffff
W/ResourceType(10246): No known package when getting name for resource number 0xffffffff
W/ResourceType(10246): No known package when getting name for resource number 0xffffffff
W/ResourceType(10246): No known package when getting name for resource number 0xffffffff
W/ResourceType(10246): No known package when getting name for resource number 0xffffffff
W/ResourceType(10246): No known package when getting name for resource number 0xffffffff
W/ResourceType(10246): No known package when getting name for resource number 0xffffffff
W/ResourceType(10246): No known package when getting name for resource number 0xffffffff
W/ResourceType(10246): No known package when getting name for resource number 0xffffffff
W/ResourceType(10246): No known package when getting name for resource number 0xffffffff
W/ResourceType(10246): No known package when getting name for resource number 0xffffffff
W/ResourceType(10246): No known package when getting name for resource number 0xffffffff
W/ResourceType(10246): No known package when getting name for resource number 0xffffffff
W/ResourceType(10246): No known package when getting name for resource number 0xffffffff
W/ResourceType(10246): No known package when getting name for resource number 0xffffffff
W/ResourceType(10246): No known package when getting name for resource number 0xffffffff
W/ResourceType(10246): No known package when getting name for resource number 0xffffffff
W/ResourceType(10246): No known package when getting name for resource number 0xffffffff
W/ResourceType(10246): No known package when getting name for resource number 0xffffffff
W/ResourceType(10246): No known package when getting name for resource number 0xffffffff
W/ResourceType(10246): No known package when getting name for resource number 0xffffffff
W/ResourceType(10246): No known package when getting name for resource number 0xffffffff
W/ResourceType(10246): No known package when getting name for resource number 0xffffffff
W/ResourceType(10246): No known package when getting name for resource number 0xffffffff
W/ResourceType(10246): No known package when getting name for resource number 0xffffffff
W/ResourceType(10246): No known package when getting name for resource number 0xffffffff
W/ResourceType(10246): No known package when getting name for resource number 0xffffffff
W/ResourceType(10246): No known package when getting name for resource number 0xffffffff
W/ResourceType(10246): No known package when getting name for resource number 0xffffffff
W/ResourceType(10246): No known package when getting name for resource number 0xffffffff
W/ResourceType(10246): No known package when getting name for resource number 0xffffffff
W/ResourceType(10246): No known package when getting name for resource number 0xffffffff
W/ResourceType(10246): No known package when getting name for resource number 0xffffffff
W/ResourceType(10246): No known package when getting name for resource number 0xffffffff
W/ResourceType(10246): No known package when getting name for resource number 0xffffffff
W/ResourceType(10246): No known package when getting name for resource number 0xffffffff
W/ResourceType(10246): No known package when getting name for resource number 0xffffffff
W/ResourceType(10246): No known package when getting name for resource number 0xffffffff
W/ResourceType(10246): No known package when getting name for resource number 0xffffffff
W/ResourceType(10246): No known package when getting name for resource number 0xffffffff
W/ResourceType(10246): No known package when getting name for resource number 0xffffffff
W/ResourceType(10246): No known package when getting name for resource number 0xffffffff
W/ResourceType(10246): No known package when getting name for resource number 0xffffffff
W/ResourceType(10246): No known package when getting name for resource number 0xffffffff
W/ResourceType(10246): No known package when getting name for resource number 0xffffffff
W/ResourceType(10246): No known package when getting name for resource number 0xffffffff
W/ResourceType(10246): No known package when getting name for resource number 0xffffffff
W/ResourceType(10246): No known package when getting name for resource number 0xffffffff
I/System.out(10246): URI: /map
I/System.out(10246): params: {json={"query":"* marked:'filterApplied'","operation":{"method_name":"query","arguments":[]}}
I/System.out(10246): }
W/ResourceType(10246): No known package when getting name for resource number 0xffffffff
W/ResourceType(10246): No known package when getting name for resource number 0xffffffff
W/ResourceType(10246): No known package when getting name for resource number 0xffffffff
W/ResourceType(10246): No known package when getting name for resource number 0xffffffff
W/ResourceType(10246): No known package when getting name for resource number 0xffffffff
W/ResourceType(10246): No known package when getting name for resource number 0xffffffff
W/ResourceType(10246): No known package when getting name for resource number 0xffffffff
W/ResourceType(10246): No known package when getting name for resource number 0xffffffff
W/ResourceType(10246): No known package when getting name for resource number 0xffffffff
W/ResourceType(10246): No known package when getting name for resource number 0xffffffff
W/ResourceType(10246): No known package when getting name for resource number 0xffffffff
W/ResourceType(10246): No known package when getting name for resource number 0xffffffff
W/ResourceType(10246): No known package when getting name for resource number 0xffffffff
W/ResourceType(10246): No known package when getting name for resource number 0xffffffff
W/ResourceType(10246): No known package when getting name for resource number 0xffffffff
W/ResourceType(10246): No known package when getting name for resource number 0xffffffff
W/ResourceType(10246): No known package when getting name for resource number 0xffffffff
W/ResourceType(10246): No known package when getting name for resource number 0xffffffff
W/ResourceType(10246): No known package when getting name for resource number 0xffffffff
W/ResourceType(10246): No known package when getting name for resource number 0xffffffff
W/ResourceType(10246): No known package when getting name for resource number 0xffffffff
W/ResourceType(10246): No known package when getting name for resource number 0xffffffff
W/ResourceType(10246): No known package when getting name for resource number 0xffffffff
W/ResourceType(10246): No known package when getting name for resource number 0xffffffff
W/ResourceType(10246): No known package when getting name for resource number 0xffffffff
W/ResourceType(10246): No known package when getting name for resource number 0xffffffff
W/ResourceType(10246): No known package when getting name for resource number 0xffffffff
W/ResourceType(10246): No known package when getting name for resource number 0xffffffff
W/ResourceType(10246): No known package when getting name for resource number 0xffffffff
W/ResourceType(10246): No known package when getting name for resource number 0xffffffff
W/ResourceType(10246): No known package when getting name for resource number 0xffffffff
W/ResourceType(10246): No known package when getting name for resource number 0xffffffff
W/ResourceType(10246): No known package when getting name for resource number 0xffffffff
W/ResourceType(10246): No known package when getting name for resource number 0xffffffff
W/ResourceType(10246): No known package when getting name for resource number 0xffffffff
W/ResourceType(10246): No known package when getting name for resource number 0xffffffff
W/ResourceType(10246): No known package when getting name for resource number 0xffffffff
W/ResourceType(10246): No known package when getting name for resource number 0xffffffff
W/ResourceType(10246): No known package when getting name for resource number 0xffffffff
W/ResourceType(10246): No known package when getting name for resource number 0xffffffff
W/ResourceType(10246): No known package when getting name for resource number 0xffffffff
W/ResourceType(10246): No known package when getting name for resource number 0xffffffff
W/ResourceType(10246): No known package when getting name for resource number 0xffffffff
W/ResourceType(10246): No known package when getting name for resource number 0xffffffff
W/ResourceType(10246): No known package when getting name for resource number 0xffffffff
W/ResourceType(10246): No known package when getting name for resource number 0xffffffff
W/ResourceType(10246): No known package when getting name for resource number 0xffffffff
W/ResourceType(10246): No known package when getting name for resource number 0xffffffff
W/ResourceType(10246): No known package when getting name for resource number 0xffffffff
W/ResourceType(10246): No known package when getting name for resource number 0xffffffff
W/ResourceType(10246): No known package when getting name for resource number 0xffffffff
W/ResourceType(10246): No known package when getting name for resource number 0xffffffff
W/ResourceType(10246): No known package when getting name for resource number 0xffffffff
W/ResourceType(10246): No known package when getting name for resource number 0xffffffff
W/ResourceType(10246): No known package when getting name for resource number 0xffffffff
W/ResourceType(10246): No known package when getting name for resource number 0xffffffff
W/ResourceType(10246): No known package when getting name for resource number 0xffffffff
W/ResourceType(10246): No known package when getting name for resource number 0xffffffff
W/ResourceType(10246): No known package when getting name for resource number 0xffffffff
W/ResourceType(10246): No known package when getting name for resource number 0xffffffff
W/ResourceType(10246): No known package when getting name for resource number 0xffffffff
W/ResourceType(10246): No known package when getting name for resource number 0xffffffff
W/ResourceType(10246): No known package when getting name for resource number 0xffffffff
W/ResourceType(10246): No known package when getting name for resource number 0xffffffff
W/ResourceType(10246): No known package when getting name for resource number 0xffffffff
W/ResourceType(10246): No known package when getting name for resource number 0xffffffff
I/ThermalEngine(  519): ACTION: GPU - Setting GPU[0] to 450000000
I/System.out(10246): URI: /map
I/System.out(10246): params: {json={"query":"* marked:'filterSaved'","operation":{"method_name":"query","arguments":[]}}
I/System.out(10246): }
W/ResourceType(10246): No known package when getting name for resource number 0xffffffff
W/ResourceType(10246): No known package when getting name for resource number 0xffffffff
W/ResourceType(10246): No known package when getting name for resource number 0xffffffff
W/ResourceType(10246): No known package when getting name for resource number 0xffffffff
W/ResourceType(10246): No known package when getting name for resource number 0xffffffff
W/ResourceType(10246): No known package when getting name for resource number 0xffffffff
W/ResourceType(10246): No known package when getting name for resource number 0xffffffff
W/ResourceType(10246): No known package when getting name for resource number 0xffffffff
W/ResourceType(10246): No known package when getting name for resource number 0xffffffff
W/ResourceType(10246): No known package when getting name for resource number 0xffffffff
W/ResourceType(10246): No known package when getting name for resource number 0xffffffff
W/ResourceType(10246): No known package when getting name for resource number 0xffffffff
W/ResourceType(10246): No known package when getting name for resource number 0xffffffff
W/ResourceType(10246): No known package when getting name for resource number 0xffffffff
W/ResourceType(10246): No known package when getting name for resource number 0xffffffff
W/ResourceType(10246): No known package when getting name for resource number 0xffffffff
W/ResourceType(10246): No known package when getting name for resource number 0xffffffff
W/ResourceType(10246): No known package when getting name for resource number 0xffffffff
W/ResourceType(10246): No known package when getting name for resource number 0xffffffff
W/ResourceType(10246): No known package when getting name for resource number 0xffffffff
W/ResourceType(10246): No known package when getting name for resource number 0xffffffff
W/ResourceType(10246): No known package when getting name for resource number 0xffffffff
W/ResourceType(10246): No known package when getting name for resource number 0xffffffff
W/ResourceType(10246): No known package when getting name for resource number 0xffffffff
W/ResourceType(10246): No known package when getting name for resource number 0xffffffff
W/ResourceType(10246): No known package when getting name for resource number 0xffffffff
W/ResourceType(10246): No known package when getting name for resource number 0xffffffff
W/ResourceType(10246): No known package when getting name for resource number 0xffffffff
W/ResourceType(10246): No known package when getting name for resource number 0xffffffff
W/ResourceType(10246): No known package when getting name for resource number 0xffffffff
W/ResourceType(10246): No known package when getting name for resource number 0xffffffff
W/ResourceType(10246): No known package when getting name for resource number 0xffffffff
W/ResourceType(10246): No known package when getting name for resource number 0xffffffff
W/ResourceType(10246): No known package when getting name for resource number 0xffffffff
W/ResourceType(10246): No known package when getting name for resource number 0xffffffff
W/ResourceType(10246): No known package when getting name for resource number 0xffffffff
W/ResourceType(10246): No known package when getting name for resource number 0xffffffff
W/ResourceType(10246): No known package when getting name for resource number 0xffffffff
W/ResourceType(10246): No known package when getting name for resource number 0xffffffff
W/ResourceType(10246): No known package when getting name for resource number 0xffffffff
W/ResourceType(10246): No known package when getting name for resource number 0xffffffff
W/ResourceType(10246): No known package when getting name for resource number 0xffffffff
W/ResourceType(10246): No known package when getting name for resource number 0xffffffff
W/ResourceType(10246): No known package when getting name for resource number 0xffffffff
W/ResourceType(10246): No known package when getting name for resource number 0xffffffff
W/ResourceType(10246): No known package when getting name for resource number 0xffffffff
W/ResourceType(10246): No known package when getting name for resource number 0xffffffff
W/ResourceType(10246): No known package when getting name for resource number 0xffffffff
W/ResourceType(10246): No known package when getting name for resource number 0xffffffff
W/ResourceType(10246): No known package when getting name for resource number 0xffffffff
W/ResourceType(10246): No known package when getting name for resource number 0xffffffff
W/ResourceType(10246): No known package when getting name for resource number 0xffffffff
W/ResourceType(10246): No known package when getting name for resource number 0xffffffff
W/ResourceType(10246): No known package when getting name for resource number 0xffffffff
W/ResourceType(10246): No known package when getting name for resource number 0xffffffff
W/ResourceType(10246): No known package when getting name for resource number 0xffffffff
W/ResourceType(10246): No known package when getting name for resource number 0xffffffff
W/ResourceType(10246): No known package when getting name for resource number 0xffffffff
W/ResourceType(10246): No known package when getting name for resource number 0xffffffff
W/ResourceType(10246): No known package when getting name for resource number 0xffffffff
W/ResourceType(10246): No known package when getting name for resource number 0xffffffff
W/ResourceType(10246): No known package when getting name for resource number 0xffffffff
W/ResourceType(10246): No known package when getting name for resource number 0xffffffff
W/ResourceType(10246): No known package when getting name for resource number 0xffffffff
W/ResourceType(10246): No known package when getting name for resource number 0xffffffff
W/ResourceType(10246): No known package when getting name for resource number 0xffffffff
I/art     (10246): Starting a blocking GC Explicit
I/art     (10246): Explicit concurrent mark sweep GC freed 56956(2MB) AllocSpace objects, 4(80KB) LOS objects, 28% free, 39MB/55MB, paused 805us total 34.541ms
I/art     (10246): Starting a blocking GC Explicit
I/art     (10246): Explicit concurrent mark sweep GC freed 67(3KB) AllocSpace objects, 0(0B) LOS objects, 28% free, 39MB/55MB, paused 791us total 25.297ms
I/art     (10246): Starting a blocking GC Explicit
I/art     (10246): Explicit concurrent mark sweep GC freed 17(1408B) AllocSpace objects, 0(0B) LOS objects, 28% free, 39MB/55MB, paused 619us total 23.001ms
I/art     (10246): Starting a blocking GC Explicit
I/art     (10246): Explicit concurrent mark sweep GC freed 17(1408B) AllocSpace objects, 0(0B) LOS objects, 28% free, 39MB/55MB, paused 525us total 21.920ms
I/art     (10246): Starting a blocking GC Explicit
I/art     (10246): Explicit concurrent mark sweep GC freed 3(96B) AllocSpace objects, 0(0B) LOS objects, 28% free, 39MB/55MB, paused 535us total 21.997ms
I/ThermalEngine(  519): ACTION: GPU - Setting GPU[0] to 390000000
D/WifiStateMachine(  928): starting scan for "xtc-ag"WPA_PSK with 5240,5180,5220,5200
I/art     (10246): Starting a blocking GC Explicit
I/art     (10246): Explicit concurrent mark sweep GC freed 2820(213KB) AllocSpace objects, 1(20KB) LOS objects, 28% free, 39MB/55MB, paused 885us total 29.737ms
I/art     (10246): Starting a blocking GC Explicit
I/art     (10246): Explicit concurrent mark sweep GC freed 37(2128B) AllocSpace objects, 0(0B) LOS objects, 28% free, 39MB/55MB, paused 892us total 27.226ms
I/art     (10246): Starting a blocking GC Explicit
I/art     (10246): Explicit concurrent mark sweep GC freed 17(1408B) AllocSpace objects, 0(0B) LOS objects, 28% free, 39MB/55MB, paused 901us total 27.661ms
I/art     (10246): Starting a blocking GC Explicit
I/art     (10246): Explicit concurrent mark sweep GC freed 17(1408B) AllocSpace objects, 0(0B) LOS objects, 28% free, 39MB/55MB, paused 778us total 25.377ms
I/art     (10246): Starting a blocking GC Explicit
I/art     (10246): Explicit concurrent mark sweep GC freed 17(1408B) AllocSpace objects, 0(0B) LOS objects, 28% free, 39MB/55MB, paused 855us total 26.541ms
I/ThermalEngine(  519): ACTION: GPU - Setting GPU[0] to 450000000

]]><xtc-duration value="125.8864581"/></xtc-step><!-- name: "undefined", id: "undefined" --><![CDATA[

]]><xtc-step name="[0-1109]CareerBuilder_Search.DroidFeatureTests.SavedJobsTests.TappingFilterButtonOpensFilterMenu-0-NA-FinalScreenShot" id="[0-1109]CareerBuilder_Search.DroidFeatureTests.SavedJobsTests.TappingFilterButtonOpensFilterMenu-0-NA-FinalScreenShot"><![CDATA[
W/SQLiteConnectionPool( 4398): A SQLiteConnection object for database '/data/user/0/com.google.android.gms/databases/networkstatistics.sqlite' was leaked!  Please fix your application to end transactions in progress properly and to close the database when it is no longer needed.

]]><xtc-duration value="1.7712249999999998"/></xtc-step><!-- name: "undefined", id: "undefined" --><![CDATA[
I/art     (10246): Starting a blocking GC Explicit
I/art     (10246): Explicit concurrent mark sweep GC freed 2789(211KB) AllocSpace objects, 1(20KB) LOS objects, 28% free, 39MB/55MB, paused 524us total 23.774ms
I/art     (10246): Starting a blocking GC Explicit
I/art     (10246): Explicit concurrent mark sweep GC freed 59(2776B) AllocSpace objects, 0(0B) LOS objects, 28% free, 39MB/55MB, paused 614us total 22.784ms
I/art     (10246): Starting a blocking GC Explicit
I/art     (10246): Explicit concurrent mark sweep GC freed 17(1408B) AllocSpace objects, 0(0B) LOS objects, 28% free, 39MB/55MB, paused 657us total 23.573ms
I/art     (10246): Starting a blocking GC Explicit
I/art     (10246): Explicit concurrent mark sweep GC freed 3(96B) AllocSpace objects, 0(0B) LOS objects, 28% free, 39MB/55MB, paused 537us total 22.001ms
I/art     (10246): Starting a blocking GC Explicit
I/art     (10246): Explicit concurrent mark sweep GC freed 17(1408B) AllocSpace objects, 0(0B) LOS objects, 28% free, 39MB/55MB, paused 520us total 21.862ms
I/ServiceManager(  541): Waiting for service AtCmdFwd...

]]><xtc-duration value="136.0858098" skip="false"/></xtc-scenario><!-- name: "undefined", id: "undefined" --><![CDATA[
I/ThermalEngine(  519): ACTION: GPU - Setting GPU[0] to 390000000
D/Mono    (10246): [0xd7beb930] worker finishing
I/ServiceManager(  541): Waiting for service AtCmdFwd...
I/ServiceManager(  541): Waiting for service AtCmdFwd...
I/ServiceManager(  541): Waiting for service AtCmdFwd...
I/ThermalEngine(  519): ACTION: GPU - Setting GPU[0] to 450000000
I/ServiceManager(  541): Waiting for service AtCmdFwd...
I/art     (10246): Starting a blocking GC Explicit
I/art     (10246): Explicit concurrent mark sweep GC freed 2813(213KB) AllocSpace objects, 1(20KB) LOS objects, 28% free, 39MB/55MB, paused 581us total 31.504ms
I/art     (10246): Starting a blocking GC Explicit
I/art     (10246): Explicit concurrent mark sweep GC freed 34(2008B) AllocSpace objects, 0(0B) LOS objects, 28% free, 39MB/55MB, paused 533us total 23.777ms
I/art     (10246): Starting a blocking GC Explicit
I/art     (10246): Explicit concurrent mark sweep GC freed 3(96B) AllocSpace objects, 0(0B) LOS objects, 28% free, 39MB/55MB, paused 544us total 24.473ms
I/art     (10246): Starting a blocking GC Explicit
I/art     (10246): Explicit concurrent mark sweep GC freed 17(1408B) AllocSpace objects, 0(0B) LOS objects, 28% free, 39MB/55MB, paused 562us total 24.689ms
I/art     (10246): Starting a blocking GC Explicit
I/art     (10246): Explicit concurrent mark sweep GC freed 17(1408B) AllocSpace objects, 0(0B) LOS objects, 28% free, 39MB/55MB, paused 553us total 25.063ms
W/Atfwd_Sendcmd(  541): AtCmdFwd service not published, waiting... retryCnt : 5
I/ThermalEngine(  519): ACTION: GPU - Setting GPU[0] to 510000000
I/art     (10246): Starting a blocking GC Explicit
I/art     (10246): Explicit concurrent mark sweep GC freed 2803(212KB) AllocSpace objects, 1(20KB) LOS objects, 28% free, 39MB/55MB, paused 481us total 26.904ms
I/art     (10246): Starting a blocking GC Explicit
I/art     (10246): Explicit concurrent mark sweep GC freed 34(2008B) AllocSpace objects, 0(0B) LOS objects, 28% free, 39MB/55MB, paused 401us total 18.692ms
I/art     (10246): Starting a blocking GC Explicit
I/art     (10246): Explicit concurrent mark sweep GC freed 3(96B) AllocSpace objects, 0(0B) LOS objects, 28% free, 39MB/55MB, paused 401us total 18.475ms
I/art     (10246): Starting a blocking GC Explicit
I/art     (10246): Explicit concurrent mark sweep GC freed 17(1408B) AllocSpace objects, 0(0B) LOS objects, 28% free, 39MB/55MB, paused 397us total 18.583ms
I/art     (10246): Starting a blocking GC Explicit
I/art     (10246): Explicit concurrent mark sweep GC freed 17(1408B) AllocSpace objects, 0(0B) LOS objects, 28% free, 39MB/55MB, paused 398us total 18.445ms
D/WifiStateMachine(  928): starting scan for "xtc-ag"WPA_PSK with 5240,5180,5220,5200
