<![CDATA[I/ThermalEngine(  516): ACTION: GPU - Setting GPU[0] to 600000000
D/WifiStateMachine(  925): starting scan for "xtc-ag"WPA_PSK with 5240,5220,5180

]]><xtc-scenario name="[0-1112]CareerBuilder_Search.DroidFeatureTests.SavedJobsTests.TappingJobGoesToJDPAndBackComesBack" id="[0-1112]CareerBuilder_Search.DroidFeatureTests.SavedJobsTests.TappingJobGoesToJDPAndBackComesBack"><![CDATA[
I/ThermalEngine(  516): ACTION: GPU - Setting GPU[0] to 510000000

]]><xtc-step name="[0-1112]CareerBuilder_Search.DroidFeatureTests.SavedJobsTests.TappingJobGoesToJDPAndBackComesBack-TappingJobGoesToJDPAndBackComesBack" id="[0-1112]CareerBuilder_Search.DroidFeatureTests.SavedJobsTests.TappingJobGoesToJDPAndBackComesBack-TappingJobGoesToJDPAndBackComesBack"><![CDATA[
I/ActivityManager(  925): Killing 7494:com.android.chrome/u0a39 (adj 15): empty #17
I/ThermalEngine(  516): ACTION: GPU - Setting GPU[0] to 450000000
D/AndroidRuntime( 8285): >>>>>> START com.android.internal.os.RuntimeInit uid 2000 <<<<<<
D/AndroidRuntime( 8285): CheckJNI is OFF
D/ICU     ( 8285): No timezone override file found: /data/misc/zoneinfo/current/icu/icu_tzdata.dat
I/Radio-JNI( 8285): register_android_hardware_Radio DONE
D/AndroidRuntime( 8285): Calling main entry com.android.commands.pm.Pm
I/art     ( 8285): System.exit called, status: 0
I/AndroidRuntime( 8285): VM exiting with result code 0.
I/ServiceManager(  538): Waiting for service AtCmdFwd...
D/NetlinkSocketObserver(  925): NeighborEvent{elapsedMs=191680, 10.22.0.1, [B0FAEB975089], RTM_NEWNEIGH, NUD_STALE}
I/ServiceManager(  538): Waiting for service AtCmdFwd...
I/hubconnection(  925): sensorhub said: 'set_bias 3: -8.1600, 0.0000, 0.0000'
I/ServiceManager(  538): Waiting for service AtCmdFwd...
I/ServiceManager(  538): Waiting for service AtCmdFwd...
I/ServiceManager(  538): Waiting for service AtCmdFwd...
W/Atfwd_Sendcmd(  538): AtCmdFwd service not published, waiting... retryCnt : 5
D/AlarmManagerService(  925): Setting time of day to sec=1489692770
W/AlarmManagerService(  925): Unable to set rtc to 1489692770: Invalid argument
I/hubconnection(  925): sensorhub said: 'set_bias 3: -6.0384, 0.0000, 0.0000'
D/NetlinkSocketObserver(  925): NeighborEvent{elapsedMs=203500, 10.22.0.1, [B0FAEB975089], RTM_NEWNEIGH, NUD_PROBE}
I/Keyboard.Facilitator.LanguageModelFlusher( 3394): run()
I/Keyboard.Facilitator( 3394): flushDynamicLanguageModels()
D/AndroidRuntime( 8695): >>>>>> START com.android.internal.os.RuntimeInit uid 2000 <<<<<<
D/AndroidRuntime( 8695): CheckJNI is OFF
D/ICU     ( 8695): No timezone override file found: /data/misc/zoneinfo/current/icu/icu_tzdata.dat
I/Radio-JNI( 8695): register_android_hardware_Radio DONE
D/AndroidRuntime( 8695): Calling main entry com.android.commands.am.Am
W/ActivityManager(  925): Invalid packageName: com.careerbuilder.SugarDrone
D/AndroidRuntime( 8695): Shutting down VM
D/WifiStateMachine(  925): starting scan for "xtc-ag"WPA_PSK with 5240,5180,5220,5200
I/ThermalEngine(  516): ACTION: GPU - Setting GPU[0] to 390000000
I/Atfwd_Sendcmd(  538): AtCmdFwd service not ready - Exhausted retry attempts - :6
I/Atfwd_Daemon(  538): result : -1 	 ,Init step :2 	 ,qmiErrorCode: 0
I/ThermalEngine(  516): ACTION: GPU - Setting GPU[0] to 450000000
W/ip      ( 8899): type=1400 audit(0.0:75): avc: denied { search } for name="net" dev="dm-2" ino=719496 scontext=u:r:shell:s0 tcontext=u:object_r:net_data_file:s0 tclass=dir permissive=0
I/ThermalEngine(  516): ACTION: GPU - Setting GPU[0] to 390000000
D/NetlinkSocketObserver(  925): NeighborEvent{elapsedMs=227760, 10.22.0.1, [B0FAEB975089], RTM_NEWNEIGH, NUD_STALE}
I/ThermalEngine(  516): ACTION: GPU - Setting GPU[0] to 450000000
I/ServiceManager(  538): Waiting for service AtCmdFwd...
I/ServiceManager(  538): Waiting for service AtCmdFwd...
I/ThermalEngine(  516): ACTION: GPU - Setting GPU[0] to 390000000
I/hubconnection(  925): sensorhub said: 'set_bias 3: -6.5760, 0.0000, 0.0000'
I/ServiceManager(  538): Waiting for service AtCmdFwd...
I/ServiceManager(  538): Waiting for service AtCmdFwd...
D/AndroidRuntime( 9068): >>>>>> START com.android.internal.os.RuntimeInit uid 2000 <<<<<<
D/AndroidRuntime( 9068): CheckJNI is OFF
D/ICU     ( 9068): No timezone override file found: /data/misc/zoneinfo/current/icu/icu_tzdata.dat
I/ServiceManager(  538): Waiting for service AtCmdFwd...
I/Radio-JNI( 9068): register_android_hardware_Radio DONE
D/AndroidRuntime( 9068): Calling main entry com.android.commands.pm.Pm
I/ActivityManager(  925): Start proc 9089:com.android.defcontainer/u0a7 for service com.android.defcontainer/.DefaultContainerService
D/DefContainer( 9089): Copying /data/local/tmp/0000004925 to base.apk
I/ThermalEngine(  516): ACTION: GPU - Setting GPU[0] to 450000000
W/Atfwd_Sendcmd(  538): AtCmdFwd service not published, waiting... retryCnt : 1
I/PackageManager.DexOptimizer(  925): Running dexopt (dex2oat) on: /data/app/vmdl1705598305.tmp/base.apk pkg=com.careerbuilder.SugarDrone isa=arm vmSafeMode=false debuggable=true oatDir = /data/app/vmdl1705598305.tmp/oat bootComplete=true
I/dex2oat ( 9127): /system/bin/dex2oat -j2 --debuggable
W/dex2oat ( 9127): Before Android 4.1, method android.graphics.PorterDuffColorFilter android.support.graphics.drawable.VectorDrawableCompat.updateTintFilter(android.graphics.PorterDuffColorFilter, android.content.res.ColorStateList, android.graphics.PorterDuff$Mode) would have incorrectly overridden the package-private method in android.graphics.drawable.Drawable
W/dex2oat ( 9127): Before Android 4.1, method int android.support.v7.widget.ListViewCompat.lookForSelectablePosition(int, boolean) would have incorrectly overridden the package-private method in android.widget.ListView
I/ThermalEngine(  516): ACTION: GPU - Setting GPU[0] to 390000000
W/dex2oat ( 9127): Compilation of boolean com.google.android.gms.tagmanager.zzq.zzFW() took 117.751ms
I/ServiceManager(  538): Waiting for service AtCmdFwd...
I/ServiceManager(  538): Waiting for service AtCmdFwd...
I/dex2oat ( 9127): dex2oat took 5.740s (threads: 2) arena alloc=532KB java alloc=5MB native alloc=20MB free=2MB
W/PackageManager(  925): Not granting permission android.permission.MANAGE_DOCUMENTS to package com.careerbuilder.SugarDrone (protectionLevel=2 flags=0x3808be46)
W/PackageManager(  925): Not granting permission android.permission.MOUNT_UNMOUNT_FILESYSTEMS to package com.careerbuilder.SugarDrone (protectionLevel=18 flags=0x3808be46)
V/BackupManagerService(  925): restoreAtInstall pkg=com.careerbuilder.SugarDrone token=5 restoreSet=0
V/BackupManagerService(  925): Finishing install immediately
W/Settings(  925): Setting install_non_market_apps has moved from android.provider.Settings.Global to android.provider.Settings.Secure, returning read-only value.
I/art     (  925): Starting a blocking GC Explicit
I/art     (  925): Explicit concurrent mark sweep GC freed 25622(1750KB) AllocSpace objects, 4(80KB) LOS objects, 33% free, 30MB/45MB, paused 1.790ms total 91.601ms
I/art     ( 9068): System.exit called, status: 0
I/AndroidRuntime( 9068): VM exiting with result code 0.
I/InputReader(  925): Reconfiguring input devices.  changes=0x00000010
D/CarrierServiceBindHelper( 3536): Receive action: android.intent.action.PACKAGE_ADDED
D/CarrierServiceBindHelper( 3536): mHandler: 3
D/CarrierConfigLoader( 3536): mHandler: 9 phoneId: 0
I/ActivityManager(  925): Start proc 9205:com.android.musicfx/u0a21 for broadcast com.android.musicfx/.Compatibility$Receiver
I/ServiceManager(  538): Waiting for service AtCmdFwd...
W/System  ( 9205): ClassLoader referenced unknown path: /system/priv-app/MusicFX/lib/arm64
I/ActivityManager(  925): Start proc 9223:com.android.vending/u0a22 for broadcast com.android.vending/com.google.android.finsky.receivers.PackageMonitorReceiver$RegisteredReceiver
I/ActivityManager(  925): Killing 7387:com.google.android.music:main/u0a59 (adj 15): empty #17
W/System  ( 9223): ClassLoader referenced unknown path: /system/priv-app/Phonesky/lib/arm64
W/Finsky  ( 9223): [1] FinskyApp.getCurrentAccount: No account configured on this device.
D/Finsky  ( 9223): [1] FinskyApp.onCreate: Initializing network with DFE https://android.clients.google.com/fdfe/
W/Finsky  ( 9223): [1] FinskyApp.getCurrentAccount: No account configured on this device.
W/Finsky  ( 9223): [1] FinskyApp.getCurrentAccount: No account configured on this device.
W/Finsky  ( 9223): [1] FinskyApp.getCurrentAccount: No account configured on this device.
W/Finsky  ( 9223): [1] FinskyApp.getCurrentAccount: No account configured on this device.
W/Finsky  ( 9223): [1] FinskyApp.getCurrentAccount: No account configured on this device.
W/Finsky  ( 9223): [1] FinskyApp.getCurrentAccount: No account configured on this device.
W/Finsky  ( 9223): [1] FinskyApp.getCurrentAccount: No account configured on this device.
D/Finsky  ( 9223): [1] DailyHygiene.goMakeHygieneIfDirty: No need to run daily hygiene.
W/Settings( 9223): Setting download_manager_max_bytes_over_mobile has moved from android.provider.Settings.Secure to android.provider.Settings.Global.
W/Settings( 9223): Setting download_manager_recommended_max_bytes_over_mobile has moved from android.provider.Settings.Secure to android.provider.Settings.Global.
W/Finsky  ( 9223): [1] FinskyApp.getCurrentAccount: No account configured on this device.
W/Finsky  ( 9223): [1] FinskyApp.getCurrentAccount: No account configured on this device.
W/Finsky  ( 9223): [1] FinskyApp.getDfeApi: No account configured on this device.
W/Finsky  ( 9223): [1] FinskyApp.getCurrentAccount: No account configured on this device.
I/ActivityManager(  925): Start proc 9265:com.google.android.apps.docs/u0a43 for broadcast com.google.android.apps.docs/.receivers.AppPackageAddRemoveReceiver
I/UpdateIcingCorporaServi( 7752): Updating corpora: APPS=com.careerbuilder.SugarDrone, CONTACTS=MAYBE
W/System  ( 9265): ClassLoader referenced unknown path: /system/app/Drive/lib/arm64
D/Ads     ( 9223): Skipping gmscore version check
D/Finsky  ( 9223): [1] ExternalReferrer.access$200: Package state data is missing for com.careerbuilder.SugarDrone
W/IcingInternalCorpora( 4340): getNumBytesRead when not calculated.
D/Finsky  ( 9223): [1] GmsCoreHelper.cleanupNlp: result=false type=4
D/Finsky  ( 9223): [1] RestoreTracker.stopServiceIfDone: Restore complete with 0 success and 0 failed.
I/UpdateIcingCorporaServi( 7752): UpdateCorporaTask done [took 299 ms] updated apps [took 299 ms] 
W/Finsky  ( 9223): [1] FinskyApp.getCurrentAccount: No account configured on this device.
W/Finsky  ( 9223): [1] FinskyApp.getCurrentAccount: No account configured on this device.
I/Icing   ( 4340): Usage reports 0 indexed 0 rejected 0 imm upload true
D/AndroidRuntime( 9237): >>>>>> START com.android.internal.os.RuntimeInit uid 2000 <<<<<<
D/AndroidRuntime( 9237): CheckJNI is OFF
D/ICU     ( 9237): No timezone override file found: /data/misc/zoneinfo/current/icu/icu_tzdata.dat
I/Radio-JNI( 9237): register_android_hardware_Radio DONE
I/ServiceManager(  538): Waiting for service AtCmdFwd...
D/AndroidRuntime( 9237): Calling main entry com.android.commands.settings.SettingsCmd
D/AndroidRuntime( 9237): Shutting down VM
I/GAv4    ( 9265): Google Analytics 7.8.95 is starting up. To enable debug logging on a device run:
I/GAv4    ( 9265):   adb shell setprop log.tag.GAv4 DEBUG
I/GAv4    ( 9265):   adb logcat -s GAv4
W/GAv4    ( 9265): AnalyticsReceiver is not registered or is disabled. Register the receiver for reliable dispatching on non-Google Play devices. See http://goo.gl/8Rd3yj for instructions.
W/GAv4    ( 9265): CampaignTrackingReceiver is not registered, not exported or is disabled. Installation campaign tracking is not possible. See http://goo.gl/8Rd3yj for instructions.
W/AnalyticsTrackerProxyImpl( 9265): Analytics setup for ID UA-21125203-2, app name Drive, version 2.3.327.05.46
W/GAv4    ( 9265): AnalyticsService not registered in the app manifest. Hits might not be delivered reliably. See http://goo.gl/8Rd3yj for instructions.
I/ActivityManager(  925): Killing 7917:com.android.providers.calendar/u0a1 (adj 15): empty #17
D/Wear_Controller( 4340): Received broadcast action=android.intent.action.PACKAGE_ADDED and uri=com.careerbuilder.SugarDrone
I/PeopleContactsSync( 4340): triggerPendingContactsCleanup: no accounts
I/Icing   ( 4340): Usage reports 0 indexed 0 rejected 0 imm upload false
I/Icing   ( 4340): Usage reports 0 indexed 0 rejected 0 imm upload false
I/Icing   ( 4340): Indexing E58B09958320B6A0799CC60F59E604FF729F846D from com.google.android.googlequicksearchbox
W/linker  ( 9265): /data/app/com.google.android.gms-2/lib/arm64/libconscrypt_gmscore_jni.so: unused DT entry: type 0x1d arg 0x80
I/Icing   ( 4340): Indexing done E58B09958320B6A0799CC60F59E604FF729F846D
V/JNIHelp ( 9265): Registering com/google/android/gms/org/conscrypt/NativeCrypto's 242 native methods...
I/art     ( 9265): Rejecting re-init on previously-failed class java.lang.Class<com.google.android.gms.org.conscrypt.OpenSSLExtendedSessionImpl>
I/art     ( 9265): Rejecting re-init on previously-failed class java.lang.Class<com.google.android.gms.org.conscrypt.OpenSSLExtendedSessionImpl>
I/ProviderInstaller( 9265): Installed default security provider GmsCore_OpenSSL
D/AndroidRuntime( 9325): >>>>>> START com.android.internal.os.RuntimeInit uid 2000 <<<<<<
D/AndroidRuntime( 9325): CheckJNI is OFF
I/ServiceManager(  538): Waiting for service AtCmdFwd...
D/ICU     ( 9325): No timezone override file found: /data/misc/zoneinfo/current/icu/icu_tzdata.dat
I/Radio-JNI( 9325): register_android_hardware_Radio DONE
D/AndroidRuntime( 9325): Calling main entry com.android.commands.settings.SettingsCmd
D/AndroidRuntime( 9325): Shutting down VM
I/Icing   ( 4340): Indexing 75B7FD9F840F1C7D00F9D2E12E7D163EBD92D69A from com.google.android.gms
I/Icing   ( 4340): Indexing done 75B7FD9F840F1C7D00F9D2E12E7D163EBD92D69A
I/ActivityManager(  925): Killing 7183:com.google.android.talk/u0a53 (adj 15): empty #17
W/Atfwd_Sendcmd(  538): AtCmdFwd service not published, waiting... retryCnt : 2
D/AndroidRuntime( 9362): >>>>>> START com.android.internal.os.RuntimeInit uid 2000 <<<<<<
D/AndroidRuntime( 9362): CheckJNI is OFF
D/ICU     ( 9362): No timezone override file found: /data/misc/zoneinfo/current/icu/icu_tzdata.dat
I/Radio-JNI( 9362): register_android_hardware_Radio DONE
D/AndroidRuntime( 9362): Calling main entry com.android.commands.settings.SettingsCmd
D/AndroidRuntime( 9362): Shutting down VM
D/AndroidRuntime( 9387): >>>>>> START com.android.internal.os.RuntimeInit uid 2000 <<<<<<
D/AndroidRuntime( 9387): CheckJNI is OFF
D/ICU     ( 9387): No timezone override file found: /data/misc/zoneinfo/current/icu/icu_tzdata.dat
I/Radio-JNI( 9387): register_android_hardware_Radio DONE
D/AndroidRuntime( 9387): Calling main entry com.android.commands.settings.SettingsCmd
D/AndroidRuntime( 9387): Shutting down VM
D/AndroidRuntime( 9408): >>>>>> START com.android.internal.os.RuntimeInit uid 2000 <<<<<<
D/AndroidRuntime( 9408): CheckJNI is OFF
D/ICU     ( 9408): No timezone override file found: /data/misc/zoneinfo/current/icu/icu_tzdata.dat
I/Radio-JNI( 9408): register_android_hardware_Radio DONE
D/AndroidRuntime( 9408): Calling main entry com.android.commands.settings.SettingsCmd
D/AndroidRuntime( 9408): Shutting down VM
D/AndroidRuntime( 9432): >>>>>> START com.android.internal.os.RuntimeInit uid 2000 <<<<<<
D/AndroidRuntime( 9432): CheckJNI is OFF
D/ICU     ( 9432): No timezone override file found: /data/misc/zoneinfo/current/icu/icu_tzdata.dat
I/Radio-JNI( 9432): register_android_hardware_Radio DONE
D/AndroidRuntime( 9432): Calling main entry com.android.commands.appops.AppOpsCommand
D/AndroidRuntime( 9432): Shutting down VM
I/ThermalEngine(  516): ACTION: GPU - Setting GPU[0] to 450000000
D/AndroidRuntime( 9455): >>>>>> START com.android.internal.os.RuntimeInit uid 2000 <<<<<<
D/AndroidRuntime( 9455): CheckJNI is OFF
D/ICU     ( 9455): No timezone override file found: /data/misc/zoneinfo/current/icu/icu_tzdata.dat
I/Radio-JNI( 9455): register_android_hardware_Radio DONE
D/AndroidRuntime( 9455): Calling main entry com.android.commands.pm.Pm
I/art     ( 9455): System.exit called, status: 0
I/AndroidRuntime( 9455): VM exiting with result code 0.
D/NetlinkSocketObserver(  925): NeighborEvent{elapsedMs=251080, 10.22.0.1, [B0FAEB975089], RTM_NEWNEIGH, NUD_REACHABLE}
I/ThermalEngine(  516): ACTION: GPU - Setting GPU[0] to 390000000
I/ActivityManager(  925): Killing 7544:com.google.android.apps.photos/u0a62 (adj 15): empty #17
D/AndroidRuntime( 9505): >>>>>> START com.android.internal.os.RuntimeInit uid 2000 <<<<<<
D/AndroidRuntime( 9505): CheckJNI is OFF
D/ICU     ( 9505): No timezone override file found: /data/misc/zoneinfo/current/icu/icu_tzdata.dat
I/Radio-JNI( 9505): register_android_hardware_Radio DONE
D/AndroidRuntime( 9505): Calling main entry com.android.commands.pm.Pm
I/art     ( 9505): System.exit called, status: 0
I/AndroidRuntime( 9505): VM exiting with result code 0.
I/ThermalEngine(  516): ACTION: GPU - Setting GPU[0] to 450000000
D/AndroidRuntime( 9583): >>>>>> START com.android.internal.os.RuntimeInit uid 2000 <<<<<<
D/AndroidRuntime( 9583): CheckJNI is OFF
D/ICU     ( 9583): No timezone override file found: /data/misc/zoneinfo/current/icu/icu_tzdata.dat
I/Radio-JNI( 9583): register_android_hardware_Radio DONE
D/AndroidRuntime( 9583): Calling main entry com.android.commands.am.Am
W/ActivityManager(  925): Invalid packageName: com.careerbuilder.SugarDrone.test
D/AndroidRuntime( 9583): Shutting down VM
I/ServiceManager(  538): Waiting for service AtCmdFwd...
D/AndroidRuntime( 9611): >>>>>> START com.android.internal.os.RuntimeInit uid 2000 <<<<<<
I/ServiceManager(  538): Waiting for service AtCmdFwd...
D/AndroidRuntime( 9611): CheckJNI is OFF
D/ICU     ( 9611): No timezone override file found: /data/misc/zoneinfo/current/icu/icu_tzdata.dat
I/Radio-JNI( 9611): register_android_hardware_Radio DONE
D/AndroidRuntime( 9611): Calling main entry com.android.commands.pm.Pm
D/DefContainer( 9089): Copying /data/local/tmp/0000004929 to base.apk
I/PackageManager.DexOptimizer(  925): Running dexopt (dex2oat) on: /data/app/vmdl2114680451.tmp/base.apk pkg=com.careerbuilder.SugarDrone.test isa=arm64 vmSafeMode=false debuggable=false oatDir = /data/app/vmdl2114680451.tmp/oat bootComplete=true
I/dex2oat ( 9633): /system/bin/dex2oat -j2
I/ServiceManager(  538): Waiting for service AtCmdFwd...
D/WifiStateMachine(  925): starting scan for "xtc-ag"WPA_PSK with 5240,5180,5220,5200
W/dex2oat ( 9633): No verified method for method calling String.<init>: java.lang.String android.text.TextUtils.substring(java.lang.CharSequence, int, int)
W/dex2oat ( 9633): No verified method for method calling String.<init>: java.lang.String android.text.TextUtils.substring(java.lang.CharSequence, int, int)
I/ThermalEngine(  516): ACTION: GPU - Setting GPU[0] to 390000000
D/Finsky  ( 9223): [400] AppStatesReplicator.handleContentSyncResponse: Completed 0 account content syncs with 0 successful.
D/Finsky  ( 9223): [1] ContentSyncService$5.onFinished: Installation state replication succeeded.
I/dex2oat ( 9633): Skipping compilation of void sh.calaba.org.codehaus.jackson.impl.Utf8StreamParser._skipString(): it contains a non natural loop
I/ServiceManager(  538): Waiting for service AtCmdFwd...
I/dex2oat ( 9633): dex2oat took 2.439s (threads: 2) arena alloc=2MB java alloc=2MB native alloc=9MB free=2MB
W/PackageManager(  925): Not granting permission android.permission.ACCESS_MOCK_LOCATION to package com.careerbuilder.SugarDrone.test (protectionLevel=2 flags=0x1800be44)
V/BackupManagerService(  925): restoreAtInstall pkg=com.careerbuilder.SugarDrone.test token=6 restoreSet=0
V/BackupManagerService(  925): Finishing install immediately
W/Settings(  925): Setting install_non_market_apps has moved from android.provider.Settings.Global to android.provider.Settings.Secure, returning read-only value.
I/art     (  925): Starting a blocking GC Explicit
I/ServiceManager(  538): Waiting for service AtCmdFwd...
I/art     (  925): Explicit concurrent mark sweep GC freed 104227(6MB) AllocSpace objects, 18(440KB) LOS objects, 33% free, 30MB/45MB, paused 2.009ms total 111.603ms
I/art     ( 9611): System.exit called, status: 0
I/AndroidRuntime( 9611): VM exiting with result code 0.
I/InputReader(  925): Reconfiguring input devices.  changes=0x00000010
D/Finsky  ( 9223): [1] ExternalReferrer.access$200: Package state data is missing for com.careerbuilder.SugarDrone.test
D/CarrierServiceBindHelper( 3536): Receive action: android.intent.action.PACKAGE_ADDED
D/CarrierServiceBindHelper( 3536): mHandler: 3
D/CarrierConfigLoader( 3536): mHandler: 9 phoneId: 0
I/UpdateIcingCorporaServi( 7752): Updating corpora: APPS=com.careerbuilder.SugarDrone.test, CONTACTS=MAYBE
I/UpdateIcingCorporaServi( 7752): UpdateCorporaTask done [took 90 ms] updated apps [took 89 ms] 
D/Wear_Controller( 4340): Received broadcast action=android.intent.action.PACKAGE_ADDED and uri=com.careerbuilder.SugarDrone.test
I/PeopleContactsSync( 4340): triggerPendingContactsCleanup: no accounts
W/IcingInternalCorpora( 4340): getNumBytesRead when not calculated.
I/Icing   ( 4340): Usage reports 0 indexed 0 rejected 0 imm upload false
I/Icing   ( 4340): Usage reports 0 indexed 0 rejected 0 imm upload false
D/AndroidRuntime( 9701): >>>>>> START com.android.internal.os.RuntimeInit uid 2000 <<<<<<
D/AndroidRuntime( 9701): CheckJNI is OFF
D/ICU     ( 9701): No timezone override file found: /data/misc/zoneinfo/current/icu/icu_tzdata.dat
W/Atfwd_Sendcmd(  538): AtCmdFwd service not published, waiting... retryCnt : 3
I/Radio-JNI( 9701): register_android_hardware_Radio DONE
D/AndroidRuntime( 9701): Calling main entry com.android.commands.settings.SettingsCmd
D/AndroidRuntime( 9701): Shutting down VM
I/Icing   ( 4340): Indexing 75B7FD9F840F1C7D00F9D2E12E7D163EBD92D69A from com.google.android.gms
I/Icing   ( 4340): Indexing done 75B7FD9F840F1C7D00F9D2E12E7D163EBD92D69A
D/AndroidRuntime( 9729): >>>>>> START com.android.internal.os.RuntimeInit uid 2000 <<<<<<
D/AndroidRuntime( 9729): CheckJNI is OFF
D/ICU     ( 9729): No timezone override file found: /data/misc/zoneinfo/current/icu/icu_tzdata.dat
I/Radio-JNI( 9729): register_android_hardware_Radio DONE
D/AndroidRuntime( 9729): Calling main entry com.android.commands.settings.SettingsCmd
D/AndroidRuntime( 9729): Shutting down VM
D/AndroidRuntime( 9753): >>>>>> START com.android.internal.os.RuntimeInit uid 2000 <<<<<<
D/AndroidRuntime( 9753): CheckJNI is OFF
D/ICU     ( 9753): No timezone override file found: /data/misc/zoneinfo/current/icu/icu_tzdata.dat
I/Radio-JNI( 9753): register_android_hardware_Radio DONE
D/AndroidRuntime( 9753): Calling main entry com.android.commands.settings.SettingsCmd
D/AndroidRuntime( 9753): Shutting down VM
I/hubconnection(  925): sensorhub said: 'set_bias 3: -8.0640, 0.0000, 0.0000'
D/AndroidRuntime( 9777): >>>>>> START com.android.internal.os.RuntimeInit uid 2000 <<<<<<
D/AndroidRuntime( 9777): CheckJNI is OFF
D/ICU     ( 9777): No timezone override file found: /data/misc/zoneinfo/current/icu/icu_tzdata.dat
I/Radio-JNI( 9777): register_android_hardware_Radio DONE
D/AndroidRuntime( 9777): Calling main entry com.android.commands.settings.SettingsCmd
D/AndroidRuntime( 9777): Shutting down VM
D/AndroidRuntime( 9798): >>>>>> START com.android.internal.os.RuntimeInit uid 2000 <<<<<<
D/AndroidRuntime( 9798): CheckJNI is OFF
D/ICU     ( 9798): No timezone override file found: /data/misc/zoneinfo/current/icu/icu_tzdata.dat
I/Radio-JNI( 9798): register_android_hardware_Radio DONE
D/AndroidRuntime( 9798): Calling main entry com.android.commands.settings.SettingsCmd
D/AndroidRuntime( 9798): Shutting down VM
D/AndroidRuntime( 9821): >>>>>> START com.android.internal.os.RuntimeInit uid 2000 <<<<<<
D/AndroidRuntime( 9821): CheckJNI is OFF
D/ICU     ( 9821): No timezone override file found: /data/misc/zoneinfo/current/icu/icu_tzdata.dat
I/Radio-JNI( 9821): register_android_hardware_Radio DONE
D/AndroidRuntime( 9821): Calling main entry com.android.commands.appops.AppOpsCommand
D/AndroidRuntime( 9821): Shutting down VM
I/ThermalEngine(  516): ACTION: GPU - Setting GPU[0] to 450000000
D/AndroidRuntime( 9843): >>>>>> START com.android.internal.os.RuntimeInit uid 2000 <<<<<<
D/AndroidRuntime( 9843): CheckJNI is OFF
D/ICU     ( 9843): No timezone override file found: /data/misc/zoneinfo/current/icu/icu_tzdata.dat
I/Radio-JNI( 9843): register_android_hardware_Radio DONE
D/AndroidRuntime( 9843): Calling main entry com.android.commands.pm.Pm
I/art     ( 9843): System.exit called, status: 0
I/AndroidRuntime( 9843): VM exiting with result code 0.
I/ThermalEngine(  516): ACTION: GPU - Setting GPU[0] to 390000000
D/AndroidRuntime( 9896): >>>>>> START com.android.internal.os.RuntimeInit uid 2000 <<<<<<
D/AndroidRuntime( 9896): CheckJNI is OFF
D/ICU     ( 9896): No timezone override file found: /data/misc/zoneinfo/current/icu/icu_tzdata.dat
I/Radio-JNI( 9896): register_android_hardware_Radio DONE
D/AndroidRuntime( 9896): Calling main entry com.android.commands.pm.Pm
I/art     ( 9896): System.exit called, status: 0
I/AndroidRuntime( 9896): VM exiting with result code 0.
D/NetlinkSocketObserver(  925): NeighborEvent{elapsedMs=270320, 10.22.0.1, [B0FAEB975089], RTM_NEWNEIGH, NUD_STALE}
I/ThermalEngine(  516): ACTION: GPU - Setting GPU[0] to 450000000
D/AndroidRuntime( 9977): >>>>>> START com.android.internal.os.RuntimeInit uid 2000 <<<<<<
D/AndroidRuntime( 9977): CheckJNI is OFF
D/ICU     ( 9977): No timezone override file found: /data/misc/zoneinfo/current/icu/icu_tzdata.dat
I/Radio-JNI( 9977): register_android_hardware_Radio DONE
D/AndroidRuntime( 9977): Calling main entry com.android.commands.input.Input
I/Input   ( 9977): injectKeyEvent: KeyEvent { action=ACTION_DOWN, keyCode=KEYCODE_BACK, scanCode=0, metaState=0, flags=0x0, repeatCount=0, eventTime=274478, downTime=274478, deviceId=-1, source=0x101 }
I/Input   ( 9977): injectKeyEvent: KeyEvent { action=ACTION_UP, keyCode=KEYCODE_BACK, scanCode=0, metaState=0, flags=0x0, repeatCount=0, eventTime=274478, downTime=274478, deviceId=-1, source=0x101 }
D/EmojiAltPhysicalKeyDetector( 3394): onKeyUp() : KeyEvent { action=ACTION_UP, keyCode=KEYCODE_BACK, scanCode=0, metaState=0, flags=0x0, repeatCount=0, eventTime=274478, downTime=274478, deviceId=-1, source=0x101 }
D/EmojiAltPhysicalKeyDetector( 3394): onKeyUp() : Disabled
D/AndroidRuntime( 9977): Shutting down VM
D/Finsky  ( 9223): [400] AppStatesReplicator.handleContentSyncResponse: Completed 0 account content syncs with 0 successful.
D/Finsky  ( 9223): [1] ContentSyncService$5.onFinished: Installation state replication succeeded.
I/ThermalEngine(  516): ACTION: GPU - Setting GPU[0] to 390000000
I/ServiceManager(  538): Waiting for service AtCmdFwd...
D/AndroidRuntime(10033): >>>>>> START com.android.internal.os.RuntimeInit uid 2000 <<<<<<
D/AndroidRuntime(10033): CheckJNI is OFF
D/ICU     (10033): No timezone override file found: /data/misc/zoneinfo/current/icu/icu_tzdata.dat
I/Radio-JNI(10033): register_android_hardware_Radio DONE
D/AndroidRuntime(10033): Calling main entry com.android.commands.input.Input
I/Input   (10033): injectKeyEvent: KeyEvent { action=ACTION_DOWN, keyCode=KEYCODE_HOME, scanCode=0, metaState=0, flags=0x0, repeatCount=0, eventTime=276462, downTime=276462, deviceId=-1, source=0x101 }
I/Input   (10033): injectKeyEvent: KeyEvent { action=ACTION_UP, keyCode=KEYCODE_HOME, scanCode=0, metaState=0, flags=0x0, repeatCount=0, eventTime=276462, downTime=276462, deviceId=-1, source=0x101 }
I/ActivityManager(  925): START u0 {act=android.intent.action.MAIN cat=[android.intent.category.HOME] flg=0x10200000 cmp=com.google.android.googlequicksearchbox/com.google.android.launcher.GEL (has extras)} from uid 1000 on display 0
D/AndroidRuntime(10033): Shutting down VM
I/GEL     ( 3556): handleIntent(Intent { act=android.intent.action.MAIN cat=[android.intent.category.HOME] flg=0x10200000 cmp=com.google.android.googlequicksearchbox/com.google.android.launcher.GEL (has extras) })
I/ServiceManager(  538): Waiting for service AtCmdFwd...
D/AndroidRuntime(10068): >>>>>> START com.android.internal.os.RuntimeInit uid 2000 <<<<<<
D/AndroidRuntime(10068): CheckJNI is OFF
D/ICU     (10068): No timezone override file found: /data/misc/zoneinfo/current/icu/icu_tzdata.dat
I/Radio-JNI(10068): register_android_hardware_Radio DONE
D/AndroidRuntime(10068): Calling main entry com.android.commands.input.Input
I/Input   (10068): injectKeyEvent: KeyEvent { action=ACTION_DOWN, keyCode=KEYCODE_BACK, scanCode=0, metaState=0, flags=0x0, repeatCount=0, eventTime=278050, downTime=278050, deviceId=-1, source=0x101 }
I/Input   (10068): injectKeyEvent: KeyEvent { action=ACTION_UP, keyCode=KEYCODE_BACK, scanCode=0, metaState=0, flags=0x0, repeatCount=0, eventTime=278050, downTime=278050, deviceId=-1, source=0x101 }
D/EmojiAltPhysicalKeyDetector( 3394): onKeyUp() : KeyEvent { action=ACTION_UP, keyCode=KEYCODE_BACK, scanCode=0, metaState=0, flags=0x0, repeatCount=0, eventTime=278050, downTime=278050, deviceId=-1, source=0x101 }
D/EmojiAltPhysicalKeyDetector( 3394): onKeyUp() : Disabled
D/AndroidRuntime(10068): Shutting down VM
I/ServiceManager(  538): Waiting for service AtCmdFwd...
D/WifiStateMachine(  925): starting scan for "xtc-ag"WPA_PSK with 5240,5180,5220,5200
I/ServiceManager(  538): Waiting for service AtCmdFwd...
D/AndroidRuntime(10112): >>>>>> START com.android.internal.os.RuntimeInit uid 2000 <<<<<<
D/AndroidRuntime(10112): CheckJNI is OFF
D/ICU     (10112): No timezone override file found: /data/misc/zoneinfo/current/icu/icu_tzdata.dat
I/Radio-JNI(10112): register_android_hardware_Radio DONE
D/AndroidRuntime(10112): Calling main entry com.android.commands.am.Am
I/ActivityManager(  925): Force stopping com.careerbuilder.SugarDrone appid=16136 user=0: start instr
I/ActivityManager(  925): Start proc 10132:com.careerbuilder.SugarDrone/u0a6136 for added application com.careerbuilder.SugarDrone
I/art     (10132): Late-enabling -Xcheck:jni
E/dex2oat (10145): Failed to create oat file: /data/dalvik-cache/arm/data@app@com.careerbuilder.SugarDrone.test-1@base.apk@classes.dex: Permission denied
I/dex2oat (10145): dex2oat took 1.124ms (threads: 2) 
W/art     (10132): Failed execv(/system/bin/dex2oat --runtime-arg -classpath --runtime-arg  --instruction-set=arm --instruction-set-features=smp,div,-atomic_ldrd_strd --runtime-arg -Xrelocate --boot-image=/system/framework/boot.art --runtime-arg -Xms64m --runtime-arg -Xmx512m -j2 --instruction-set-variant=cortex-a7 --instruction-set-features=default --dex-file=/data/app/com.careerbuilder.SugarDrone.test-1/base.apk --oat-file=/data/dalvik-cache/arm/data@app@com.careerbuilder.SugarDrone.test-1@base.apk@classes.dex) because non-0 exit status
I/ServiceManager(  538): Waiting for service AtCmdFwd...
W/System  (10132): ClassLoader referenced unknown path: /data/app/com.careerbuilder.SugarDrone.test-1/lib/arm64
W/monodroid(10132): Using override path: /data/user/0/com.careerbuilder.SugarDrone/files/.__override__
W/monodroid(10132): Trying to load sgen from: /data/user/0/com.careerbuilder.SugarDrone/files/.__override__/libmonosgen-2.0.so
W/monodroid(10132): Trying to load sgen from: /storage/emulated/0/Android/data/com.careerbuilder.SugarDrone/files/.__override__/libmonosgen-2.0.so
W/monodroid(10132): Trying to load sgen from: /data/app/com.careerbuilder.SugarDrone-1/lib/arm/libmonosgen-2.0.so
D/Mono    (10132): Image addref mscorlib[0xef6a9020] -> mscorlib.dll[0xed1fbd00]: 2
D/Mono    (10132): Prepared to set up assembly 'mscorlib' (mscorlib.dll)
D/Mono    (10132): AOT module 'mscorlib.dll.so' not found: dlopen failed: library "/data/app/com.careerbuilder.SugarDrone-1/lib/arm/libaot-mscorlib.dll.so" not found
D/Mono    (10132): AOT module '/Users/builder/data/lanes/4009/3a62f1ea/source/monodroid/builds/install/mono-armv6/lib/mono/aot-cache/arm/mscorlib.dll.so' not found: dlopen failed: library "/data/app/com.careerbuilder.SugarDrone-1/lib/arm/libaot-mscorlib.dll.so" not found
D/Mono    (10132): Config attempting to parse: 'mscorlib.dll.config'.
D/Mono    (10132): Config attempting to parse: '/Users/builder/data/lanes/4009/3a62f1ea/source/monodroid/builds/install/mono-armv6/etc/mono/assemblies/mscorlib/mscorlib.config'.
D/Mono    (10132): Assembly mscorlib[0xef6a9020] added to domain RootDomain, ref_count=1
D/Mono    (10132): Image addref CareerBuilder_Search.Droid[0xef6a9080] -> CareerBuilder_Search.Droid.dll[0xed1fcc00]: 2
D/Mono    (10132): Prepared to set up assembly 'CareerBuilder_Search.Droid' (CareerBuilder_Search.Droid.dll)
D/Mono    (10132): Assembly CareerBuilder_Search.Droid[0xef6a9080] added to domain RootDomain, ref_count=1
D/Mono    (10132): AOT module 'CareerBuilder_Search.Droid.dll.so' not found: dlopen failed: library "/data/app/com.careerbuilder.SugarDrone-1/lib/arm/libaot-CareerBuilder_Search.Droid.dll.so" not found
D/Mono    (10132): AOT module '/Users/builder/data/lanes/4009/3a62f1ea/source/monodroid/builds/install/mono-armv6/lib/mono/aot-cache/arm/CareerBuilder_Search.Droid.dll.so' not found: dlopen failed: library "/data/app/com.careerbuilder.SugarDrone-1/lib/arm/libaot-CareerBuilder_Search.Droid.dll.so" not found
D/Mono    (10132): Config attempting to parse: 'CareerBuilder_Search.Droid.dll.config'.
D/Mono    (10132): Config attempting to parse: '/Users/builder/data/lanes/4009/3a62f1ea/source/monodroid/builds/install/mono-armv6/etc/mono/assemblies/CareerBuilder_Search.Droid/CareerBuilder_Search.Droid.config'.
D/Mono    (10132): Image addref AppsFlyerXamarinBindingAndroid[0xef6a90e0] -> AppsFlyerXamarinBindingAndroid.dll[0xed1fd100]: 2
D/Mono    (10132): Prepared to set up assembly 'AppsFlyerXamarinBindingAndroid' (AppsFlyerXamarinBindingAndroid.dll)
D/Mono    (10132): Assembly AppsFlyerXamarinBindingAndroid[0xef6a90e0] added to domain RootDomain, ref_count=1
D/Mono    (10132): AOT module 'AppsFlyerXamarinBindingAndroid.dll.so' not found: dlopen failed: library "/data/app/com.careerbuilder.SugarDrone-1/lib/arm/libaot-AppsFlyerXamarinBindingAndroid.dll.so" not found
D/Mono    (10132): AOT module '/Users/builder/data/lanes/4009/3a62f1ea/source/monodroid/builds/install/mono-armv6/lib/mono/aot-cache/arm/AppsFlyerXamarinBindingAndroid.dll.so' not found: dlopen failed: library "/data/app/com.careerbuilder.SugarDrone-1/lib/arm/libaot-AppsFlyerXamarinBindingAndroid.dll.so" not found
D/Mono    (10132): Config attempting to parse: 'AppsFlyerXamarinBindingAndroid.dll.config'.
D/Mono    (10132): Config attempting to parse: '/Users/builder/data/lanes/4009/3a62f1ea/source/monodroid/builds/install/mono-armv6/etc/mono/assemblies/AppsFlyerXamarinBindingAndroid/AppsFlyerXamarinBindingAndroid.config'.
D/Mono    (10132): Image addref HockeySDK[0xef6a9140] -> HockeySDK.dll[0xed1fd600]: 2
D/Mono    (10132): Prepared to set up assembly 'HockeySDK' (HockeySDK.dll)
D/Mono    (10132): Assembly HockeySDK[0xef6a9140] added to domain RootDomain, ref_count=1
D/Mono    (10132): AOT module 'HockeySDK.dll.so' not found: dlopen failed: library "/data/app/com.careerbuilder.SugarDrone-1/lib/arm/libaot-HockeySDK.dll.so" not found
D/Mono    (10132): AOT module '/Users/builder/data/lanes/4009/3a62f1ea/source/monodroid/builds/install/mono-armv6/lib/mono/aot-cache/arm/HockeySDK.dll.so' not found: dlopen failed: library "/data/app/com.careerbuilder.SugarDrone-1/lib/arm/libaot-HockeySDK.dll.so" not found
D/Mono    (10132): Config attempting to parse: 'HockeySDK.dll.config'.
D/Mono    (10132): Config attempting to parse: '/Users/builder/data/lanes/4009/3a62f1ea/source/monodroid/builds/install/mono-armv6/etc/mono/assemblies/HockeySDK/HockeySDK.config'.
D/Mono    (10132): Image addref Akavache[0xef6a91a0] -> Akavache.dll[0xed1fdb00]: 2
D/Mono    (10132): Prepared to set up assembly 'Akavache' (Akavache.dll)
D/Mono    (10132): Assembly Akavache[0xef6a91a0] added to domain RootDomain, ref_count=1
D/Mono    (10132): AOT module 'Akavache.dll.so' not found: dlopen failed: library "/data/app/com.careerbuilder.SugarDrone-1/lib/arm/libaot-Akavache.dll.so" not found
D/Mono    (10132): AOT module '/Users/builder/data/lanes/4009/3a62f1ea/source/monodroid/builds/install/mono-armv6/lib/mono/aot-cache/arm/Akavache.dll.so' not found: dlopen failed: library "/data/app/com.careerbuilder.SugarDrone-1/lib/arm/libaot-Akavache.dll.so" not found
D/Mono    (10132): Config attempting to parse: 'Akavache.dll.config'.
D/Mono    (10132): Config attempting to parse: '/Users/builder/data/lanes/4009/3a62f1ea/source/monodroid/builds/install/mono-armv6/etc/mono/assemblies/Akavache/Akavache.config'.
D/Mono    (10132): Image addref Akavache.Sqlite3[0xef6a9200] -> Akavache.Sqlite3.dll[0xf5376a00]: 2
D/Mono    (10132): Prepared to set up assembly 'Akavache.Sqlite3' (Akavache.Sqlite3.dll)
D/Mono    (10132): Assembly Akavache.Sqlite3[0xef6a9200] added to domain RootDomain, ref_count=1
D/Mono    (10132): AOT module 'Akavache.Sqlite3.dll.so' not found: dlopen failed: library "/data/app/com.careerbuilder.SugarDrone-1/lib/arm/libaot-Akavache.Sqlite3.dll.so" not found
D/Mono    (10132): AOT module '/Users/builder/data/lanes/4009/3a62f1ea/source/monodroid/builds/install/mono-armv6/lib/mono/aot-cache/arm/Akavache.Sqlite3.dll.so' not found: dlopen failed: library "/data/app/com.careerbuilder.SugarDrone-1/lib/arm/libaot-Akavache.Sqlite3.dll.so" not found
W/        (10132): Symbol file LoadedFromMemory doesn't match image Akavache.Sqlite3.dll
D/Mono    (10132): Config attempting to parse: 'Akavache.Sqlite3.dll.config'.
D/Mono    (10132): Config attempting to parse: '/Users/builder/data/lanes/4009/3a62f1ea/source/monodroid/builds/install/mono-armv6/etc/mono/assemblies/Akavache.Sqlite3/Akavache.Sqlite3.config'.
D/Mono    (10132): Image addref Splat[0xef6a9260] -> Splat.dll[0xf5376f00]: 2
D/Mono    (10132): Prepared to set up assembly 'Splat' (Splat.dll)
D/Mono    (10132): Assembly Splat[0xef6a9260] added to domain RootDomain, ref_count=1
D/Mono    (10132): AOT module 'Splat.dll.so' not found: dlopen failed: library "/data/app/com.careerbuilder.SugarDrone-1/lib/arm/libaot-Splat.dll.so" not found
D/Mono    (10132): AOT module '/Users/builder/data/lanes/4009/3a62f1ea/source/monodroid/builds/install/mono-armv6/lib/mono/aot-cache/arm/Splat.dll.so' not found: dlopen failed: library "/data/app/com.careerbuilder.SugarDrone-1/lib/arm/libaot-Splat.dll.so" not found
D/Mono    (10132): Config attempting to parse: 'Splat.dll.config'.
D/Mono    (10132): Config attempting to parse: '/Users/builder/data/lanes/4009/3a62f1ea/source/monodroid/builds/install/mono-armv6/etc/mono/assemblies/Splat/Splat.config'.
D/Mono    (10132): Image addref Microsoft.Practices.ServiceLocation[0xef6a92c0] -> Microsoft.Practices.ServiceLocation.dll[0xf5377400]: 2
D/Mono    (10132): Prepared to set up assembly 'Microsoft.Practices.ServiceLocation' (Microsoft.Practices.ServiceLocation.dll)
D/Mono    (10132): Assembly Microsoft.Practices.ServiceLocation[0xef6a92c0] added to domain RootDomain, ref_count=1
D/Mono    (10132): AOT module 'Microsoft.Practices.ServiceLocation.dll.so' not found: dlopen failed: library "/data/app/com.careerbuilder.SugarDrone-1/lib/arm/libaot-Microsoft.Practices.ServiceLocation.dll.so" not found
D/Mono    (10132): AOT module '/Users/builder/data/lanes/4009/3a62f1ea/source/monodroid/builds/install/mono-armv6/lib/mono/aot-cache/arm/Microsoft.Practices.ServiceLocation.dll.so' not found: dlopen failed: library "/data/app/com.careerbuilder.SugarDrone-1/lib/arm/libaot-Microsoft.Practices.ServiceLocation.dll.so" not found
D/Mono    (10132): Config attempting to parse: 'Microsoft.Practices.ServiceLocation.dll.config'.
D/Mono    (10132): Config attempting to parse: '/Users/builder/data/lanes/4009/3a62f1ea/source/monodroid/builds/install/mono-armv6/etc/mono/assemblies/Microsoft.Practices.ServiceLocation/Microsoft.Practices.ServiceLocation.config'.
D/Mono    (10132): Image addref Microsoft.Practices.Unity[0xef6a9320] -> Microsoft.Practices.Unity.dll[0xf5377900]: 2
D/Mono    (10132): Prepared to set up assembly 'Microsoft.Practices.Unity' (Microsoft.Practices.Unity.dll)
D/Mono    (10132): Assembly Microsoft.Practices.Unity[0xef6a9320] added to domain RootDomain, ref_count=1
D/Mono    (10132): AOT module 'Microsoft.Practices.Unity.dll.so' not found: dlopen failed: library "/data/app/com.careerbuilder.SugarDrone-1/lib/arm/libaot-Microsoft.Practices.Unity.dll.so" not found
D/Mono    (10132): AOT module '/Users/builder/data/lanes/4009/3a62f1ea/source/monodroid/builds/install/mono-armv6/lib/mono/aot-cache/arm/Microsoft.Practices.Unity.dll.so' not found: dlopen failed: library "/data/app/com.careerbuilder.SugarDrone-1/lib/arm/libaot-Microsoft.Practices.Unity.dll.so" not found
D/Mono    (10132): Config attempting to parse: 'Microsoft.Practices.Unity.dll.config'.
D/Mono    (10132): Config attempting to parse: '/Users/builder/data/lanes/4009/3a62f1ea/source/monodroid/builds/install/mono-armv6/etc/mono/assemblies/Microsoft.Practices.Unity/Microsoft.Practices.Unity.config'.
D/Mono    (10132): Image addref Plugin.CurrentActivity[0xef6a9380] -> Plugin.CurrentActivity.dll[0xeba8a000]: 2
D/Mono    (10132): Prepared to set up assembly 'Plugin.CurrentActivity' (Plugin.CurrentActivity.dll)
D/Mono    (10132): Assembly Plugin.CurrentActivity[0xef6a9380] added to domain RootDomain, ref_count=1
D/Mono    (10132): AOT module 'Plugin.CurrentActivity.dll.so' not found: dlopen failed: library "/data/app/com.careerbuilder.SugarDrone-1/lib/arm/libaot-Plugin.CurrentActivity.dll.so" not found
D/Mono    (10132): AOT module '/Users/builder/data/lanes/4009/3a62f1ea/source/monodroid/builds/install/mono-armv6/lib/mono/aot-cache/arm/Plugin.CurrentActivity.dll.so' not found: dlopen failed: library "/data/app/com.careerbuilder.SugarDrone-1/lib/arm/libaot-Plugin.CurrentActivity.dll.so" not found
D/Mono    (10132): Config attempting to parse: 'Plugin.CurrentActivity.dll.config'.
D/Mono    (10132): Config attempting to parse: '/Users/builder/data/lanes/4009/3a62f1ea/source/monodroid/builds/install/mono-armv6/etc/mono/assemblies/Plugin.CurrentActivity/Plugin.CurrentActivity.config'.
D/Mono    (10132): Image addref Plugin.Permissions[0xef6a93e0] -> Plugin.Permissions.dll[0xeba8a500]: 2
D/Mono    (10132): Prepared to set up assembly 'Plugin.Permissions' (Plugin.Permissions.dll)
D/Mono    (10132): Assembly Plugin.Permissions[0xef6a93e0] added to domain RootDomain, ref_count=1
D/Mono    (10132): AOT module 'Plugin.Permissions.dll.so' not found: dlopen failed: library "/data/app/com.careerbuilder.SugarDrone-1/lib/arm/libaot-Plugin.Permissions.dll.so" not found
D/Mono    (10132): AOT module '/Users/builder/data/lanes/4009/3a62f1ea/source/monodroid/builds/install/mono-armv6/lib/mono/aot-cache/arm/Plugin.Permissions.dll.so' not found: dlopen failed: library "/data/app/com.careerbuilder.SugarDrone-1/lib/arm/libaot-Plugin.Permissions.dll.so" not found
D/Mono    (10132): Config attempting to parse: 'Plugin.Permissions.dll.config'.
D/Mono    (10132): Config attempting to parse: '/Users/builder/data/lanes/4009/3a62f1ea/source/monodroid/builds/install/mono-armv6/etc/mono/assemblies/Plugin.Permissions/Plugin.Permissions.config'.
D/Mono    (10132): Image addref Plugin.Permissions.Abstractions[0xef6a9440] -> Plugin.Permissions.Abstractions.dll[0xeba8aa00]: 2
D/Mono    (10132): Prepared to set up assembly 'Plugin.Permissions.Abstractions' (Plugin.Permissions.Abstractions.dll)
D/Mono    (10132): Assembly Plugin.Permissions.Abstractions[0xef6a9440] added to domain RootDomain, ref_count=1
D/Mono    (10132): AOT module 'Plugin.Permissions.Abstractions.dll.so' not found: dlopen failed: library "/data/app/com.careerbuilder.SugarDrone-1/lib/arm/libaot-Plugin.Permissions.Abstractions.dll.so" not found
D/Mono    (10132): AOT module '/Users/builder/data/lanes/4009/3a62f1ea/source/monodroid/builds/install/mono-armv6/lib/mono/aot-cache/arm/Plugin.Permissions.Abstractions.dll.so' not found: dlopen failed: library "/data/app/com.careerbuilder.SugarDrone-1/lib/arm/libaot-Plugin.Permissions.Abstractions.dll.so" not found
D/Mono    (10132): Config attempting to parse: 'Plugin.Permissions.Abstractions.dll.config'.
D/Mono    (10132): Config attempting to parse: '/Users/builder/data/lanes/4009/3a62f1ea/source/monodroid/builds/install/mono-armv6/etc/mono/assemblies/Plugin.Permissions.Abstractions/Plugin.Permissions.Abstractions.config'.
D/Mono    (10132): Image addref Plugin.Geolocator[0xef6a94a0] -> Plugin.Geolocator.dll[0xeba8af00]: 2
D/Mono    (10132): Prepared to set up assembly 'Plugin.Geolocator' (Plugin.Geolocator.dll)
D/Mono    (10132): Assembly Plugin.Geolocator[0xef6a94a0] added to domain RootDomain, ref_count=1
D/Mono    (10132): AOT module 'Plugin.Geolocator.dll.so' not found: dlopen failed: library "/data/app/com.careerbuilder.SugarDrone-1/lib/arm/libaot-Plugin.Geolocator.dll.so" not found
D/Mono    (10132): AOT module '/Users/builder/data/lanes/4009/3a62f1ea/source/monodroid/builds/install/mono-armv6/lib/mono/aot-cache/arm/Plugin.Geolocator.dll.so' not found: dlopen failed: library "/data/app/com.careerbuilder.SugarDrone-1/lib/arm/libaot-Plugin.Geolocator.dll.so" not found
D/Mono    (10132): Config attempting to parse: 'Plugin.Geolocator.dll.config'.
D/Mono    (10132): Config attempting to parse: '/Users/builder/data/lanes/4009/3a62f1ea/source/monodroid/builds/install/mono-armv6/etc/mono/assemblies/Plugin.Geolocator/Plugin.Geolocator.config'.
D/Mono    (10132): Image addref Plugin.Geolocator.Abstractions[0xef6a9500] -> Plugin.Geolocator.Abstractions.dll[0xeba8b400]: 2
D/Mono    (10132): Prepared to set up assembly 'Plugin.Geolocator.Abstractions' (Plugin.Geolocator.Abstractions.dll)
D/Mono    (10132): Assembly Plugin.Geolocator.Abstractions[0xef6a9500] added to domain RootDomain, ref_count=1
D/Mono    (10132): AOT module 'Plugin.Geolocator.Abstractions.dll.so' not found: dlopen failed: library "/data/app/com.careerbuilder.SugarDrone-1/lib/arm/libaot-Plugin.Geolocator.Abstractions.dll.so" not found
D/Mono    (10132): AOT module '/Users/builder/data/lanes/4009/3a62f1ea/source/monodroid/builds/install/mono-armv6/lib/mono/aot-cache/arm/Plugin.Geolocator.Abstractions.dll.so' not found: dlopen failed: library "/data/app/com.careerbuilder.SugarDrone-1/lib/arm/libaot-Plugin.Geolocator.Abstractions.dll.so" not found
D/Mono    (10132): Config attempting to parse: 'Plugin.Geolocator.Abstractions.dll.config'.
D/Mono    (10132): Config attempting to parse: '/Users/builder/data/lanes/4009/3a62f1ea/source/monodroid/builds/install/mono-armv6/etc/mono/assemblies/Plugin.Geolocator.Abstractions/Plugin.Geolocator.Abstractions.config'.
D/Mono    (10132): Image addref Plugin.DeviceInfo[0xef6a9560] -> Plugin.DeviceInfo.dll[0xeba8b900]: 2
D/Mono    (10132): Prepared to set up assembly 'Plugin.DeviceInfo' (Plugin.DeviceInfo.dll)
D/Mono    (10132): Assembly Plugin.DeviceInfo[0xef6a9560] added to domain RootDomain, ref_count=1
D/Mono    (10132): AOT module 'Plugin.DeviceInfo.dll.so' not found: dlopen failed: library "/data/app/com.careerbuilder.SugarDrone-1/lib/arm/libaot-Plugin.DeviceInfo.dll.so" not found
D/Mono    (10132): AOT module '/Users/builder/data/lanes/4009/3a62f1ea/source/monodroid/builds/install/mono-armv6/lib/mono/aot-cache/arm/Plugin.DeviceInfo.dll.so' not found: dlopen failed: library "/data/app/com.careerbuilder.SugarDrone-1/lib/arm/libaot-Plugin.DeviceInfo.dll.so" not found
D/Mono    (10132): Config attempting to parse: 'Plugin.DeviceInfo.dll.config'.
D/Mono    (10132): Config attempting to parse: '/Users/builder/data/lanes/4009/3a62f1ea/source/monodroid/builds/install/mono-armv6/etc/mono/assemblies/Plugin.DeviceInfo/Plugin.DeviceInfo.config'.
D/Mono    (10132): Image addref Plugin.DeviceInfo.Abstractions[0xef6a95c0] -> Plugin.DeviceInfo.Abstractions.dll[0xeba8be00]: 2
D/Mono    (10132): Prepared to set up assembly 'Plugin.DeviceInfo.Abstractions' (Plugin.DeviceInfo.Abstractions.dll)
D/Mono    (10132): Assembly Plugin.DeviceInfo.Abstractions[0xef6a95c0] added to domain RootDomain, ref_count=1
D/Mono    (10132): AOT module 'Plugin.DeviceInfo.Abstractions.dll.so' not found: dlopen failed: library "/data/app/com.careerbuilder.SugarDrone-1/lib/arm/libaot-Plugin.DeviceInfo.Abstractions.dll.so" not found
D/Mono    (10132): AOT module '/Users/builder/data/lanes/4009/3a62f1ea/source/monodroid/builds/install/mono-armv6/lib/mono/aot-cache/arm/Plugin.DeviceInfo.Abstractions.dll.so' not found: dlopen failed: library "/data/app/com.careerbuilder.SugarDrone-1/lib/arm/libaot-Plugin.DeviceInfo.Abstractions.dll.so" not found
D/Mono    (10132): Config attempting to parse: 'Plugin.DeviceInfo.Abstractions.dll.config'.
D/Mono    (10132): Config attempting to parse: '/Users/builder/data/lanes/4009/3a62f1ea/source/monodroid/builds/install/mono-armv6/etc/mono/assemblies/Plugin.DeviceInfo.Abstractions/Plugin.DeviceInfo.Abstractions.config'.
D/Mono    (10132): Image addref Xamarin.GooglePlayServices.Analytics[0xef6a9620] -> Xamarin.GooglePlayServices.Analytics.dll[0xeba8c300]: 2
D/Mono    (10132): Prepared to set up assembly 'Xamarin.GooglePlayServices.Analytics' (Xamarin.GooglePlayServices.Analytics.dll)
D/Mono    (10132): Assembly Xamarin.GooglePlayServices.Analytics[0xef6a9620] added to domain RootDomain, ref_count=1
D/Mono    (10132): AOT module 'Xamarin.GooglePlayServices.Analytics.dll.so' not found: dlopen failed: library "/data/app/com.careerbuilder.SugarDrone-1/lib/arm/libaot-Xamarin.GooglePlayServices.Analytics.dll.so" not found
D/Mono    (10132): AOT module '/Users/builder/data/lanes/4009/3a62f1ea/source/monodroid/builds/install/mono-armv6/lib/mono/aot-cache/arm/Xamarin.GooglePlayServices.Analytics.dll.so' not found: dlopen failed: library "/data/app/com.careerbuilder.SugarDrone-1/lib/arm/libaot-Xamarin.GooglePlayServices.Analytics.dll.so" not found
D/Mono    (10132): Config attempting to parse: 'Xamarin.GooglePlayServices.Analytics.dll.config'.
