<![CDATA[I/ThermalEngine(  518): ACTION: GPU - Setting GPU[0] to 600000000

]]><xtc-scenario name="[0-1110]CareerBuilder_Search.DroidFeatureTests.SavedJobsTests.TappingFilterButtonWhileOpenClosesFilterMenu" id="[0-1110]CareerBuilder_Search.DroidFeatureTests.SavedJobsTests.TappingFilterButtonWhileOpenClosesFilterMenu"><![CDATA[
I/ThermalEngine(  518): ACTION: GPU - Setting GPU[0] to 510000000

]]><xtc-step name="[0-1110]CareerBuilder_Search.DroidFeatureTests.SavedJobsTests.TappingFilterButtonWhileOpenClosesFilterMenu-TappingFilterButtonWhileOpenClosesFilterMenu" id="[0-1110]CareerBuilder_Search.DroidFeatureTests.SavedJobsTests.TappingFilterButtonWhileOpenClosesFilterMenu-TappingFilterButtonWhileOpenClosesFilterMenu"><![CDATA[
I/ActivityManager(  928): Killing 7582:com.android.chrome/u0a39 (adj 15): empty #17
I/ServiceManager(  536): Waiting for service AtCmdFwd...
I/ServiceManager(  536): Waiting for service AtCmdFwd...
I/ThermalEngine(  518): ACTION: GPU - Setting GPU[0] to 450000000
I/ServiceManager(  536): Waiting for service AtCmdFwd...
I/ServiceManager(  536): Waiting for service AtCmdFwd...
D/AndroidRuntime( 8330): >>>>>> START com.android.internal.os.RuntimeInit uid 2000 <<<<<<
D/AndroidRuntime( 8330): CheckJNI is OFF
D/ICU     ( 8330): No timezone override file found: /data/misc/zoneinfo/current/icu/icu_tzdata.dat
I/Radio-JNI( 8330): register_android_hardware_Radio DONE
D/AndroidRuntime( 8330): Calling main entry com.android.commands.pm.Pm
I/art     ( 8330): System.exit called, status: 0
I/AndroidRuntime( 8330): VM exiting with result code 0.
I/ServiceManager(  536): Waiting for service AtCmdFwd...
W/Atfwd_Sendcmd(  536): AtCmdFwd service not published, waiting... retryCnt : 5
D/NetlinkSocketObserver(  928): NeighborEvent{elapsedMs=197600, 10.22.0.1, [B0FAEB975089], RTM_NEWNEIGH, NUD_STALE}
I/ThermalEngine(  518): ACTION: GPU - Setting GPU[0] to 390000000
I/ThermalEngine(  518): ACTION: GPU - Setting GPU[0] to 450000000
D/WifiStateMachine(  928): starting scan for "xtc-ag"WPA_PSK with 5240,5180,5220,5200
I/Keyboard.Facilitator.LanguageModelFlusher( 3506): run()
I/Keyboard.Facilitator( 3506): flushDynamicLanguageModels()
I/ThermalEngine(  518): ACTION: GPU - Setting GPU[0] to 390000000
I/Atfwd_Sendcmd(  536): AtCmdFwd service not ready - Exhausted retry attempts - :6
I/Atfwd_Daemon(  536): result : -1 	 ,Init step :2 	 ,qmiErrorCode: 0
I/ThermalEngine(  518): ACTION: GPU - Setting GPU[0] to 450000000
I/ThermalEngine(  518): ACTION: GPU - Setting GPU[0] to 390000000
I/ServiceManager(  536): Waiting for service AtCmdFwd...
I/ThermalEngine(  518): ACTION: GPU - Setting GPU[0] to 450000000
I/ServiceManager(  536): Waiting for service AtCmdFwd...
I/ServiceManager(  536): Waiting for service AtCmdFwd...
W/ip      ( 8909): type=1400 audit(0.0:73): avc: denied { search } for name="net" dev="dm-2" ino=3440648 scontext=u:r:shell:s0 tcontext=u:object_r:net_data_file:s0 tclass=dir permissive=0
I/ServiceManager(  536): Waiting for service AtCmdFwd...
I/ServiceManager(  536): Waiting for service AtCmdFwd...
I/ThermalEngine(  518): ACTION: GPU - Setting GPU[0] to 390000000
W/Atfwd_Sendcmd(  536): AtCmdFwd service not published, waiting... retryCnt : 1
I/ThermalEngine(  518): ACTION: GPU - Setting GPU[0] to 450000000
D/AndroidRuntime( 8989): >>>>>> START com.android.internal.os.RuntimeInit uid 2000 <<<<<<
D/AndroidRuntime( 8989): CheckJNI is OFF
D/ICU     ( 8989): No timezone override file found: /data/misc/zoneinfo/current/icu/icu_tzdata.dat
I/Radio-JNI( 8989): register_android_hardware_Radio DONE
D/AndroidRuntime( 8989): Calling main entry com.android.commands.am.Am
W/ActivityManager(  928): Invalid packageName: com.careerbuilder.SugarDrone
D/AndroidRuntime( 8989): Shutting down VM
I/ServiceManager(  536): Waiting for service AtCmdFwd...
I/ThermalEngine(  518): ACTION: GPU - Setting GPU[0] to 390000000
I/ServiceManager(  536): Waiting for service AtCmdFwd...
I/ServiceManager(  536): Waiting for service AtCmdFwd...
I/ServiceManager(  536): Waiting for service AtCmdFwd...
I/ServiceManager(  536): Waiting for service AtCmdFwd...
W/Atfwd_Sendcmd(  536): AtCmdFwd service not published, waiting... retryCnt : 2
I/ThermalEngine(  518): ACTION: GPU - Setting GPU[0] to 450000000
D/WifiStateMachine(  928): starting scan for "xtc-ag"WPA_PSK with 5240,5180,5220,5200
I/ThermalEngine(  518): ACTION: GPU - Setting GPU[0] to 390000000
I/ServiceManager(  536): Waiting for service AtCmdFwd...
I/ThermalEngine(  518): ACTION: GPU - Setting GPU[0] to 450000000
I/ServiceManager(  536): Waiting for service AtCmdFwd...
I/ServiceManager(  536): Waiting for service AtCmdFwd...
I/ServiceManager(  536): Waiting for service AtCmdFwd...
I/ThermalEngine(  518): ACTION: GPU - Setting GPU[0] to 390000000
I/ServiceManager(  536): Waiting for service AtCmdFwd...
W/Atfwd_Sendcmd(  536): AtCmdFwd service not published, waiting... retryCnt : 3
I/ThermalEngine(  518): ACTION: GPU - Setting GPU[0] to 450000000
D/AndroidRuntime( 9382): >>>>>> START com.android.internal.os.RuntimeInit uid 2000 <<<<<<
D/AndroidRuntime( 9382): CheckJNI is OFF
D/ICU     ( 9382): No timezone override file found: /data/misc/zoneinfo/current/icu/icu_tzdata.dat
I/Radio-JNI( 9382): register_android_hardware_Radio DONE
D/AndroidRuntime( 9382): Calling main entry com.android.commands.pm.Pm
I/ActivityManager(  928): Start proc 9401:com.android.defcontainer/u0a7 for service com.android.defcontainer/.DefaultContainerService
D/DefContainer( 9401): Copying /data/local/tmp/0000006490 to base.apk
I/ThermalEngine(  518): ACTION: GPU - Setting GPU[0] to 390000000
I/PackageManager.DexOptimizer(  928): Running dexopt (dex2oat) on: /data/app/vmdl223510551.tmp/base.apk pkg=com.careerbuilder.SugarDrone isa=arm vmSafeMode=false debuggable=true oatDir = /data/app/vmdl223510551.tmp/oat bootComplete=true
D/WifiStateMachine(  928): starting scan for "xtc-ag"WPA_PSK with 5240,5180,5220,5200
I/dex2oat ( 9438): /system/bin/dex2oat -j2 --debuggable
W/dex2oat ( 9438): Before Android 4.1, method android.graphics.PorterDuffColorFilter android.support.graphics.drawable.VectorDrawableCompat.updateTintFilter(android.graphics.PorterDuffColorFilter, android.content.res.ColorStateList, android.graphics.PorterDuff$Mode) would have incorrectly overridden the package-private method in android.graphics.drawable.Drawable
W/dex2oat ( 9438): Before Android 4.1, method int android.support.v7.widget.ListViewCompat.lookForSelectablePosition(int, boolean) would have incorrectly overridden the package-private method in android.widget.ListView
D/NetlinkSocketObserver(  928): NeighborEvent{elapsedMs=272890, 10.22.0.1, [B0FAEB975089], RTM_NEWNEIGH, NUD_PROBE}
I/dex2oat ( 9438): dex2oat took 5.499s (threads: 2) arena alloc=642KB java alloc=5MB native alloc=20MB free=3MB
W/PackageManager(  928): Not granting permission android.permission.MANAGE_DOCUMENTS to package com.careerbuilder.SugarDrone (protectionLevel=2 flags=0x3808be46)
W/PackageManager(  928): Not granting permission android.permission.MOUNT_UNMOUNT_FILESYSTEMS to package com.careerbuilder.SugarDrone (protectionLevel=18 flags=0x3808be46)
V/BackupManagerService(  928): restoreAtInstall pkg=com.careerbuilder.SugarDrone token=5 restoreSet=0
V/BackupManagerService(  928): Finishing install immediately
W/Settings(  928): Setting install_non_market_apps has moved from android.provider.Settings.Global to android.provider.Settings.Secure, returning read-only value.
I/art     (  928): Starting a blocking GC Explicit
I/art     (  928): Explicit concurrent mark sweep GC freed 26132(1696KB) AllocSpace objects, 4(80KB) LOS objects, 33% free, 30MB/45MB, paused 1.696ms total 96.900ms
I/art     ( 9382): System.exit called, status: 0
I/AndroidRuntime( 9382): VM exiting with result code 0.
I/InputReader(  928): Reconfiguring input devices.  changes=0x00000010
D/CarrierServiceBindHelper( 3641): Receive action: android.intent.action.PACKAGE_ADDED
D/CarrierServiceBindHelper( 3641): mHandler: 3
D/CarrierConfigLoader( 3641): mHandler: 9 phoneId: 0
I/ActivityManager(  928): Start proc 9526:com.android.musicfx/u0a21 for broadcast com.android.musicfx/.Compatibility$Receiver
W/System  ( 9526): ClassLoader referenced unknown path: /system/priv-app/MusicFX/lib/arm64
I/ActivityManager(  928): Start proc 9545:com.android.vending/u0a22 for broadcast com.android.vending/com.google.android.finsky.receivers.PackageMonitorReceiver$RegisteredReceiver
I/ActivityManager(  928): Killing 7456:com.google.android.music:main/u0a59 (adj 15): empty #17
W/System  ( 9545): ClassLoader referenced unknown path: /system/priv-app/Phonesky/lib/arm64
W/Finsky  ( 9545): [1] FinskyApp.getCurrentAccount: No account configured on this device.
D/Finsky  ( 9545): [1] FinskyApp.onCreate: Initializing network with DFE https://android.clients.google.com/fdfe/
W/Finsky  ( 9545): [1] FinskyApp.getCurrentAccount: No account configured on this device.
W/Finsky  ( 9545): [1] FinskyApp.getCurrentAccount: No account configured on this device.
W/Finsky  ( 9545): [1] FinskyApp.getCurrentAccount: No account configured on this device.
W/Finsky  ( 9545): [1] FinskyApp.getCurrentAccount: No account configured on this device.
W/Finsky  ( 9545): [1] FinskyApp.getCurrentAccount: No account configured on this device.
W/Finsky  ( 9545): [1] FinskyApp.getCurrentAccount: No account configured on this device.
W/Finsky  ( 9545): [1] FinskyApp.getCurrentAccount: No account configured on this device.
D/Finsky  ( 9545): [1] DailyHygiene.goMakeHygieneIfDirty: No need to run daily hygiene.
W/Settings( 9545): Setting download_manager_max_bytes_over_mobile has moved from android.provider.Settings.Secure to android.provider.Settings.Global.
W/Settings( 9545): Setting download_manager_recommended_max_bytes_over_mobile has moved from android.provider.Settings.Secure to android.provider.Settings.Global.
W/Finsky  ( 9545): [1] FinskyApp.getCurrentAccount: No account configured on this device.
W/Finsky  ( 9545): [1] FinskyApp.getCurrentAccount: No account configured on this device.
W/Finsky  ( 9545): [1] FinskyApp.getDfeApi: No account configured on this device.
W/Finsky  ( 9545): [1] FinskyApp.getCurrentAccount: No account configured on this device.
D/Ads     ( 9545): Skipping gmscore version check
I/ActivityManager(  928): Start proc 9586:com.google.android.apps.docs/u0a43 for broadcast com.google.android.apps.docs/.receivers.AppPackageAddRemoveReceiver
I/UpdateIcingCorporaServi( 7820): Updating corpora: APPS=com.careerbuilder.SugarDrone, CONTACTS=MAYBE
W/System  ( 9586): ClassLoader referenced unknown path: /system/app/Drive/lib/arm64
W/IcingInternalCorpora( 4452): getNumBytesRead when not calculated.
I/UpdateIcingCorporaServi( 7820): UpdateCorporaTask done [took 278 ms] updated apps [took 278 ms] 
D/Finsky  ( 9545): [1] ExternalReferrer.access$200: Package state data is missing for com.careerbuilder.SugarDrone
W/Finsky  ( 9545): [1] FinskyApp.getCurrentAccount: No account configured on this device.
W/Finsky  ( 9545): [1] FinskyApp.getCurrentAccount: No account configured on this device.
D/Finsky  ( 9545): [1] GmsCoreHelper.cleanupNlp: result=false type=4
I/Icing   ( 4452): Usage reports 0 indexed 0 rejected 0 imm upload true
D/Finsky  ( 9545): [1] RestoreTracker.stopServiceIfDone: Restore complete with 0 success and 0 failed.
D/AndroidRuntime( 9559): >>>>>> START com.android.internal.os.RuntimeInit uid 2000 <<<<<<
D/AndroidRuntime( 9559): CheckJNI is OFF
D/ICU     ( 9559): No timezone override file found: /data/misc/zoneinfo/current/icu/icu_tzdata.dat
I/GAv4    ( 9586): Google Analytics 7.8.95 is starting up. To enable debug logging on a device run:
I/GAv4    ( 9586):   adb shell setprop log.tag.GAv4 DEBUG
I/GAv4    ( 9586):   adb logcat -s GAv4
I/Radio-JNI( 9559): register_android_hardware_Radio DONE
W/GAv4    ( 9586): AnalyticsReceiver is not registered or is disabled. Register the receiver for reliable dispatching on non-Google Play devices. See http://goo.gl/8Rd3yj for instructions.
D/AndroidRuntime( 9559): Calling main entry com.android.commands.settings.SettingsCmd
D/AndroidRuntime( 9559): Shutting down VM
W/GAv4    ( 9586): CampaignTrackingReceiver is not registered, not exported or is disabled. Installation campaign tracking is not possible. See http://goo.gl/8Rd3yj for instructions.
W/AnalyticsTrackerProxyImpl( 9586): Analytics setup for ID UA-21125203-2, app name Drive, version 2.3.327.05.46
W/GAv4    ( 9586): AnalyticsService not registered in the app manifest. Hits might not be delivered reliably. See http://goo.gl/8Rd3yj for instructions.
I/ActivityManager(  928): Killing 7986:com.android.providers.calendar/u0a1 (adj 15): empty #17
I/ServiceManager(  536): Waiting for service AtCmdFwd...
D/Wear_Controller( 4452): Received broadcast action=android.intent.action.PACKAGE_ADDED and uri=com.careerbuilder.SugarDrone
I/PeopleContactsSync( 4452): triggerPendingContactsCleanup: no accounts
I/Icing   ( 4452): Usage reports 0 indexed 0 rejected 0 imm upload false
I/Icing   ( 4452): Usage reports 0 indexed 0 rejected 0 imm upload false
I/Icing   ( 4452): Indexing 28F82D1719B878795C499362459A54C53C07CE39 from com.google.android.googlequicksearchbox
I/Icing   ( 4452): Indexing done 28F82D1719B878795C499362459A54C53C07CE39
W/linker  ( 9586): /data/app/com.google.android.gms-2/lib/arm64/libconscrypt_gmscore_jni.so: unused DT entry: type 0x1d arg 0x80
V/JNIHelp ( 9586): Registering com/google/android/gms/org/conscrypt/NativeCrypto's 242 native methods...
I/art     ( 9586): Rejecting re-init on previously-failed class java.lang.Class<com.google.android.gms.org.conscrypt.OpenSSLExtendedSessionImpl>
I/art     ( 9586): Rejecting re-init on previously-failed class java.lang.Class<com.google.android.gms.org.conscrypt.OpenSSLExtendedSessionImpl>
I/ProviderInstaller( 9586): Installed default security provider GmsCore_OpenSSL
D/AndroidRuntime( 9649): >>>>>> START com.android.internal.os.RuntimeInit uid 2000 <<<<<<
D/AndroidRuntime( 9649): CheckJNI is OFF
D/ICU     ( 9649): No timezone override file found: /data/misc/zoneinfo/current/icu/icu_tzdata.dat
I/Radio-JNI( 9649): register_android_hardware_Radio DONE
D/AndroidRuntime( 9649): Calling main entry com.android.commands.settings.SettingsCmd
D/AndroidRuntime( 9649): Shutting down VM
I/ServiceManager(  536): Waiting for service AtCmdFwd...
I/Icing   ( 4452): Indexing 0469E070D22A38B042E767B0F2FFD16370CACCB7 from com.google.android.gms
I/Icing   ( 4452): Indexing done 0469E070D22A38B042E767B0F2FFD16370CACCB7
I/ActivityManager(  928): Killing 7108:com.google.android.talk/u0a53 (adj 15): empty #17
D/AndroidRuntime( 9680): >>>>>> START com.android.internal.os.RuntimeInit uid 2000 <<<<<<
D/AndroidRuntime( 9680): CheckJNI is OFF
D/ICU     ( 9680): No timezone override file found: /data/misc/zoneinfo/current/icu/icu_tzdata.dat
I/Radio-JNI( 9680): register_android_hardware_Radio DONE
D/AndroidRuntime( 9680): Calling main entry com.android.commands.settings.SettingsCmd
D/AndroidRuntime( 9680): Shutting down VM
I/ServiceManager(  536): Waiting for service AtCmdFwd...
D/AndroidRuntime( 9704): >>>>>> START com.android.internal.os.RuntimeInit uid 2000 <<<<<<
D/AndroidRuntime( 9704): CheckJNI is OFF
D/ICU     ( 9704): No timezone override file found: /data/misc/zoneinfo/current/icu/icu_tzdata.dat
I/Radio-JNI( 9704): register_android_hardware_Radio DONE
D/AndroidRuntime( 9704): Calling main entry com.android.commands.settings.SettingsCmd
D/AndroidRuntime( 9704): Shutting down VM
I/ServiceManager(  536): Waiting for service AtCmdFwd...
D/AndroidRuntime( 9725): >>>>>> START com.android.internal.os.RuntimeInit uid 2000 <<<<<<
D/AndroidRuntime( 9725): CheckJNI is OFF
D/ICU     ( 9725): No timezone override file found: /data/misc/zoneinfo/current/icu/icu_tzdata.dat
I/Radio-JNI( 9725): register_android_hardware_Radio DONE
D/AndroidRuntime( 9725): Calling main entry com.android.commands.settings.SettingsCmd
D/AndroidRuntime( 9725): Shutting down VM
I/ServiceManager(  536): Waiting for service AtCmdFwd...
D/AndroidRuntime( 9748): >>>>>> START com.android.internal.os.RuntimeInit uid 2000 <<<<<<
D/AndroidRuntime( 9748): CheckJNI is OFF
D/ICU     ( 9748): No timezone override file found: /data/misc/zoneinfo/current/icu/icu_tzdata.dat
I/Radio-JNI( 9748): register_android_hardware_Radio DONE
D/AndroidRuntime( 9748): Calling main entry com.android.commands.appops.AppOpsCommand
D/AndroidRuntime( 9748): Shutting down VM
W/Atfwd_Sendcmd(  536): AtCmdFwd service not published, waiting... retryCnt : 4
D/AndroidRuntime( 9770): >>>>>> START com.android.internal.os.RuntimeInit uid 2000 <<<<<<
D/AndroidRuntime( 9770): CheckJNI is OFF
D/ICU     ( 9770): No timezone override file found: /data/misc/zoneinfo/current/icu/icu_tzdata.dat
I/Radio-JNI( 9770): register_android_hardware_Radio DONE
D/AndroidRuntime( 9770): Calling main entry com.android.commands.pm.Pm
I/art     ( 9770): System.exit called, status: 0
I/AndroidRuntime( 9770): VM exiting with result code 0.
I/ActivityManager(  928): Killing 7612:com.google.android.apps.photos/u0a62 (adj 15): empty #17
D/AndroidRuntime( 9815): >>>>>> START com.android.internal.os.RuntimeInit uid 2000 <<<<<<
D/AndroidRuntime( 9815): CheckJNI is OFF
D/ICU     ( 9815): No timezone override file found: /data/misc/zoneinfo/current/icu/icu_tzdata.dat
I/Radio-JNI( 9815): register_android_hardware_Radio DONE
D/AndroidRuntime( 9815): Calling main entry com.android.commands.pm.Pm
I/art     ( 9815): System.exit called, status: 0
I/AndroidRuntime( 9815): VM exiting with result code 0.
D/AndroidRuntime( 9887): >>>>>> START com.android.internal.os.RuntimeInit uid 2000 <<<<<<
D/AndroidRuntime( 9887): CheckJNI is OFF
D/ICU     ( 9887): No timezone override file found: /data/misc/zoneinfo/current/icu/icu_tzdata.dat
I/Radio-JNI( 9887): register_android_hardware_Radio DONE
D/AndroidRuntime( 9887): Calling main entry com.android.commands.am.Am
W/ActivityManager(  928): Invalid packageName: com.careerbuilder.SugarDrone.test
D/AndroidRuntime( 9887): Shutting down VM
D/AndroidRuntime( 9915): >>>>>> START com.android.internal.os.RuntimeInit uid 2000 <<<<<<
D/AndroidRuntime( 9915): CheckJNI is OFF
D/ICU     ( 9915): No timezone override file found: /data/misc/zoneinfo/current/icu/icu_tzdata.dat
I/Radio-JNI( 9915): register_android_hardware_Radio DONE
D/AndroidRuntime( 9915): Calling main entry com.android.commands.pm.Pm
D/DefContainer( 9401): Copying /data/local/tmp/0000006491 to base.apk
I/PackageManager.DexOptimizer(  928): Running dexopt (dex2oat) on: /data/app/vmdl1376391744.tmp/base.apk pkg=com.careerbuilder.SugarDrone.test isa=arm64 vmSafeMode=false debuggable=false oatDir = /data/app/vmdl1376391744.tmp/oat bootComplete=true
I/dex2oat ( 9937): /system/bin/dex2oat -j2
W/dex2oat ( 9937): No verified method for method calling String.<init>: java.lang.String android.text.TextUtils.substring(java.lang.CharSequence, int, int)
W/dex2oat ( 9937): No verified method for method calling String.<init>: java.lang.String android.text.TextUtils.substring(java.lang.CharSequence, int, int)
D/Finsky  ( 9545): [397] AppStatesReplicator.handleContentSyncResponse: Completed 0 account content syncs with 0 successful.
D/Finsky  ( 9545): [1] ContentSyncService$5.onFinished: Installation state replication succeeded.
I/dex2oat ( 9937): Skipping compilation of void sh.calaba.org.codehaus.jackson.impl.Utf8StreamParser._skipString(): it contains a non natural loop
I/dex2oat ( 9937): dex2oat took 2.592s (threads: 2) arena alloc=2MB java alloc=2MB native alloc=9MB free=1680KB
W/PackageManager(  928): Not granting permission android.permission.ACCESS_MOCK_LOCATION to package com.careerbuilder.SugarDrone.test (protectionLevel=2 flags=0x1800be44)
V/BackupManagerService(  928): restoreAtInstall pkg=com.careerbuilder.SugarDrone.test token=6 restoreSet=0
V/BackupManagerService(  928): Finishing install immediately
W/Settings(  928): Setting install_non_market_apps has moved from android.provider.Settings.Global to android.provider.Settings.Secure, returning read-only value.
I/art     (  928): Starting a blocking GC Explicit
I/art     (  928): Explicit concurrent mark sweep GC freed 104922(6MB) AllocSpace objects, 18(444KB) LOS objects, 33% free, 30MB/45MB, paused 1.688ms total 102.569ms
I/art     ( 9915): System.exit called, status: 0
I/AndroidRuntime( 9915): VM exiting with result code 0.
I/InputReader(  928): Reconfiguring input devices.  changes=0x00000010
D/CarrierServiceBindHelper( 3641): Receive action: android.intent.action.PACKAGE_ADDED
D/CarrierServiceBindHelper( 3641): mHandler: 3
D/CarrierConfigLoader( 3641): mHandler: 9 phoneId: 0
D/Finsky  ( 9545): [1] ExternalReferrer.access$200: Package state data is missing for com.careerbuilder.SugarDrone.test
I/UpdateIcingCorporaServi( 7820): Updating corpora: APPS=com.careerbuilder.SugarDrone.test, CONTACTS=MAYBE
I/UpdateIcingCorporaServi( 7820): UpdateCorporaTask done [took 44 ms] updated apps [took 44 ms] 
D/Wear_Controller( 4452): Received broadcast action=android.intent.action.PACKAGE_ADDED and uri=com.careerbuilder.SugarDrone.test
I/PeopleContactsSync( 4452): triggerPendingContactsCleanup: no accounts
W/IcingInternalCorpora( 4452): getNumBytesRead when not calculated.
I/Icing   ( 4452): Usage reports 0 indexed 0 rejected 0 imm upload false
I/Icing   ( 4452): Usage reports 0 indexed 0 rejected 0 imm upload false
D/AndroidRuntime( 9998): >>>>>> START com.android.internal.os.RuntimeInit uid 2000 <<<<<<
D/AndroidRuntime( 9998): CheckJNI is OFF
D/ICU     ( 9998): No timezone override file found: /data/misc/zoneinfo/current/icu/icu_tzdata.dat
I/Radio-JNI( 9998): register_android_hardware_Radio DONE
D/AndroidRuntime( 9998): Calling main entry com.android.commands.settings.SettingsCmd
D/AndroidRuntime( 9998): Shutting down VM
W/ip      (10034): type=1400 audit(0.0:74): avc: denied { search } for name="net" dev="dm-2" ino=3440648 scontext=u:r:shell:s0 tcontext=u:object_r:net_data_file:s0 tclass=dir permissive=0
I/Icing   ( 4452): Indexing 0469E070D22A38B042E767B0F2FFD16370CACCB7 from com.google.android.gms
I/Icing   ( 4452): Indexing done 0469E070D22A38B042E767B0F2FFD16370CACCB7
D/AndroidRuntime(10036): >>>>>> START com.android.internal.os.RuntimeInit uid 2000 <<<<<<
D/AndroidRuntime(10036): CheckJNI is OFF
D/ICU     (10036): No timezone override file found: /data/misc/zoneinfo/current/icu/icu_tzdata.dat
I/Radio-JNI(10036): register_android_hardware_Radio DONE
D/AndroidRuntime(10036): Calling main entry com.android.commands.settings.SettingsCmd
D/AndroidRuntime(10036): Shutting down VM
D/AndroidRuntime(10060): >>>>>> START com.android.internal.os.RuntimeInit uid 2000 <<<<<<
D/AndroidRuntime(10060): CheckJNI is OFF
D/ICU     (10060): No timezone override file found: /data/misc/zoneinfo/current/icu/icu_tzdata.dat
I/Radio-JNI(10060): register_android_hardware_Radio DONE
D/AndroidRuntime(10060): Calling main entry com.android.commands.settings.SettingsCmd
D/AndroidRuntime(10060): Shutting down VM
D/AndroidRuntime(10084): >>>>>> START com.android.internal.os.RuntimeInit uid 2000 <<<<<<
D/AndroidRuntime(10084): CheckJNI is OFF
D/ICU     (10084): No timezone override file found: /data/misc/zoneinfo/current/icu/icu_tzdata.dat
I/Radio-JNI(10084): register_android_hardware_Radio DONE
D/AndroidRuntime(10084): Calling main entry com.android.commands.settings.SettingsCmd
D/AndroidRuntime(10084): Shutting down VM
D/AndroidRuntime(10104): >>>>>> START com.android.internal.os.RuntimeInit uid 2000 <<<<<<
D/AndroidRuntime(10104): CheckJNI is OFF
D/ICU     (10104): No timezone override file found: /data/misc/zoneinfo/current/icu/icu_tzdata.dat
I/Radio-JNI(10104): register_android_hardware_Radio DONE
D/AndroidRuntime(10104): Calling main entry com.android.commands.settings.SettingsCmd
D/AndroidRuntime(10104): Shutting down VM
D/AndroidRuntime(10126): >>>>>> START com.android.internal.os.RuntimeInit uid 2000 <<<<<<
D/AndroidRuntime(10126): CheckJNI is OFF
D/ICU     (10126): No timezone override file found: /data/misc/zoneinfo/current/icu/icu_tzdata.dat
I/Radio-JNI(10126): register_android_hardware_Radio DONE
D/AndroidRuntime(10126): Calling main entry com.android.commands.appops.AppOpsCommand
D/AndroidRuntime(10126): Shutting down VM
D/AndroidRuntime(10149): >>>>>> START com.android.internal.os.RuntimeInit uid 2000 <<<<<<
D/AndroidRuntime(10149): CheckJNI is OFF
D/ICU     (10149): No timezone override file found: /data/misc/zoneinfo/current/icu/icu_tzdata.dat
I/Radio-JNI(10149): register_android_hardware_Radio DONE
D/AndroidRuntime(10149): Calling main entry com.android.commands.pm.Pm
I/art     (10149): System.exit called, status: 0
I/AndroidRuntime(10149): VM exiting with result code 0.
D/NetlinkSocketObserver(  928): NeighborEvent{elapsedMs=298620, 10.22.0.1, [B0FAEB975089], RTM_NEWNEIGH, NUD_STALE}
I/ServiceManager(  536): Waiting for service AtCmdFwd...
D/AndroidRuntime(10195): >>>>>> START com.android.internal.os.RuntimeInit uid 2000 <<<<<<
D/AndroidRuntime(10195): CheckJNI is OFF
D/ICU     (10195): No timezone override file found: /data/misc/zoneinfo/current/icu/icu_tzdata.dat
I/Radio-JNI(10195): register_android_hardware_Radio DONE
D/AndroidRuntime(10195): Calling main entry com.android.commands.pm.Pm
I/art     (10195): System.exit called, status: 0
I/AndroidRuntime(10195): VM exiting with result code 0.
I/ServiceManager(  536): Waiting for service AtCmdFwd...
I/ServiceManager(  536): Waiting for service AtCmdFwd...
I/ServiceManager(  536): Waiting for service AtCmdFwd...
D/AndroidRuntime(10258): >>>>>> START com.android.internal.os.RuntimeInit uid 2000 <<<<<<
D/AndroidRuntime(10258): CheckJNI is OFF
D/ICU     (10258): No timezone override file found: /data/misc/zoneinfo/current/icu/icu_tzdata.dat
I/Radio-JNI(10258): register_android_hardware_Radio DONE
D/AndroidRuntime(10258): Calling main entry com.android.commands.input.Input
I/Input   (10258): injectKeyEvent: KeyEvent { action=ACTION_DOWN, keyCode=KEYCODE_BACK, scanCode=0, metaState=0, flags=0x0, repeatCount=0, eventTime=303610, downTime=303610, deviceId=-1, source=0x101 }
I/Input   (10258): injectKeyEvent: KeyEvent { action=ACTION_UP, keyCode=KEYCODE_BACK, scanCode=0, metaState=0, flags=0x0, repeatCount=0, eventTime=303610, downTime=303610, deviceId=-1, source=0x101 }
D/EmojiAltPhysicalKeyDetector( 3506): onKeyUp() : KeyEvent { action=ACTION_UP, keyCode=KEYCODE_BACK, scanCode=0, metaState=0, flags=0x0, repeatCount=0, eventTime=303610, downTime=303610, deviceId=-1, source=0x101 }
D/EmojiAltPhysicalKeyDetector( 3506): onKeyUp() : Disabled
D/AndroidRuntime(10258): Shutting down VM
I/ServiceManager(  536): Waiting for service AtCmdFwd...
W/Atfwd_Sendcmd(  536): AtCmdFwd service not published, waiting... retryCnt : 5
D/AndroidRuntime(10309): >>>>>> START com.android.internal.os.RuntimeInit uid 2000 <<<<<<
D/AndroidRuntime(10309): CheckJNI is OFF
D/ICU     (10309): No timezone override file found: /data/misc/zoneinfo/current/icu/icu_tzdata.dat
I/Radio-JNI(10309): register_android_hardware_Radio DONE
D/AndroidRuntime(10309): Calling main entry com.android.commands.input.Input
I/Input   (10309): injectKeyEvent: KeyEvent { action=ACTION_DOWN, keyCode=KEYCODE_HOME, scanCode=0, metaState=0, flags=0x0, repeatCount=0, eventTime=305627, downTime=305627, deviceId=-1, source=0x101 }
I/Input   (10309): injectKeyEvent: KeyEvent { action=ACTION_UP, keyCode=KEYCODE_HOME, scanCode=0, metaState=0, flags=0x0, repeatCount=0, eventTime=305627, downTime=305627, deviceId=-1, source=0x101 }
I/ActivityManager(  928): START u0 {act=android.intent.action.MAIN cat=[android.intent.category.HOME] flg=0x10200000 cmp=com.google.android.googlequicksearchbox/com.google.android.launcher.GEL (has extras)} from uid 1000 on display 0
D/AndroidRuntime(10309): Shutting down VM
I/GEL     ( 3685): handleIntent(Intent { act=android.intent.action.MAIN cat=[android.intent.category.HOME] flg=0x10200000 cmp=com.google.android.googlequicksearchbox/com.google.android.launcher.GEL (has extras) })
D/Finsky  ( 9545): [397] AppStatesReplicator.handleContentSyncResponse: Completed 0 account content syncs with 0 successful.
D/Finsky  ( 9545): [1] ContentSyncService$5.onFinished: Installation state replication succeeded.
D/AndroidRuntime(10345): >>>>>> START com.android.internal.os.RuntimeInit uid 2000 <<<<<<
D/AndroidRuntime(10345): CheckJNI is OFF
D/ICU     (10345): No timezone override file found: /data/misc/zoneinfo/current/icu/icu_tzdata.dat
I/Radio-JNI(10345): register_android_hardware_Radio DONE
D/AndroidRuntime(10345): Calling main entry com.android.commands.input.Input
I/Input   (10345): injectKeyEvent: KeyEvent { action=ACTION_DOWN, keyCode=KEYCODE_BACK, scanCode=0, metaState=0, flags=0x0, repeatCount=0, eventTime=307176, downTime=307176, deviceId=-1, source=0x101 }
I/Input   (10345): injectKeyEvent: KeyEvent { action=ACTION_UP, keyCode=KEYCODE_BACK, scanCode=0, metaState=0, flags=0x0, repeatCount=0, eventTime=307176, downTime=307176, deviceId=-1, source=0x101 }
D/EmojiAltPhysicalKeyDetector( 3506): onKeyUp() : KeyEvent { action=ACTION_UP, keyCode=KEYCODE_BACK, scanCode=0, metaState=0, flags=0x0, repeatCount=0, eventTime=307176, downTime=307176, deviceId=-1, source=0x101 }
D/EmojiAltPhysicalKeyDetector( 3506): onKeyUp() : Disabled
D/AndroidRuntime(10345): Shutting down VM
D/WifiStateMachine(  928): starting scan for "xtc-ag"WPA_PSK with 5240,5180,5220,5200
D/AndroidRuntime(10376): >>>>>> START com.android.internal.os.RuntimeInit uid 2000 <<<<<<
D/AndroidRuntime(10376): CheckJNI is OFF
D/ICU     (10376): No timezone override file found: /data/misc/zoneinfo/current/icu/icu_tzdata.dat
I/Radio-JNI(10376): register_android_hardware_Radio DONE
D/AndroidRuntime(10376): Calling main entry com.android.commands.am.Am
I/ActivityManager(  928): Force stopping com.careerbuilder.SugarDrone appid=19296 user=0: start instr
I/ActivityManager(  928): Start proc 10398:com.careerbuilder.SugarDrone/u0a9296 for added application com.careerbuilder.SugarDrone
I/art     (10398): Late-enabling -Xcheck:jni
E/dex2oat (10411): Failed to create oat file: /data/dalvik-cache/arm/data@app@com.careerbuilder.SugarDrone.test-1@base.apk@classes.dex: Permission denied
I/dex2oat (10411): dex2oat took 872.865us (threads: 2) 
W/art     (10398): Failed execv(/system/bin/dex2oat --runtime-arg -classpath --runtime-arg  --instruction-set=arm --instruction-set-features=smp,div,-atomic_ldrd_strd --runtime-arg -Xrelocate --boot-image=/system/framework/boot.art --runtime-arg -Xms64m --runtime-arg -Xmx512m -j2 --instruction-set-variant=cortex-a7 --instruction-set-features=default --dex-file=/data/app/com.careerbuilder.SugarDrone.test-1/base.apk --oat-file=/data/dalvik-cache/arm/data@app@com.careerbuilder.SugarDrone.test-1@base.apk@classes.dex) because non-0 exit status
W/System  (10398): ClassLoader referenced unknown path: /data/app/com.careerbuilder.SugarDrone.test-1/lib/arm64
W/monodroid(10398): Using override path: /data/user/0/com.careerbuilder.SugarDrone/files/.__override__
W/monodroid(10398): Trying to load sgen from: /data/user/0/com.careerbuilder.SugarDrone/files/.__override__/libmonosgen-2.0.so
W/monodroid(10398): Trying to load sgen from: /storage/emulated/0/Android/data/com.careerbuilder.SugarDrone/files/.__override__/libmonosgen-2.0.so
W/monodroid(10398): Trying to load sgen from: /data/app/com.careerbuilder.SugarDrone-1/lib/arm/libmonosgen-2.0.so
D/Mono    (10398): Image addref mscorlib[0xeaa5dea0] -> mscorlib.dll[0xed3b9a00]: 2
D/Mono    (10398): Prepared to set up assembly 'mscorlib' (mscorlib.dll)
D/Mono    (10398): AOT module 'mscorlib.dll.so' not found: dlopen failed: library "/data/app/com.careerbuilder.SugarDrone-1/lib/arm/libaot-mscorlib.dll.so" not found
D/Mono    (10398): AOT module '/Users/builder/data/lanes/4009/3a62f1ea/source/monodroid/builds/install/mono-armv6/lib/mono/aot-cache/arm/mscorlib.dll.so' not found: dlopen failed: library "/data/app/com.careerbuilder.SugarDrone-1/lib/arm/libaot-mscorlib.dll.so" not found
D/Mono    (10398): Config attempting to parse: 'mscorlib.dll.config'.
D/Mono    (10398): Config attempting to parse: '/Users/builder/data/lanes/4009/3a62f1ea/source/monodroid/builds/install/mono-armv6/etc/mono/assemblies/mscorlib/mscorlib.config'.
D/Mono    (10398): Assembly mscorlib[0xeaa5dea0] added to domain RootDomain, ref_count=1
D/Mono    (10398): Image addref CareerBuilder_Search.Droid[0xeaa5df00] -> CareerBuilder_Search.Droid.dll[0xed3bc700]: 2
D/Mono    (10398): Prepared to set up assembly 'CareerBuilder_Search.Droid' (CareerBuilder_Search.Droid.dll)
D/Mono    (10398): Assembly CareerBuilder_Search.Droid[0xeaa5df00] added to domain RootDomain, ref_count=1
D/Mono    (10398): AOT module 'CareerBuilder_Search.Droid.dll.so' not found: dlopen failed: library "/data/app/com.careerbuilder.SugarDrone-1/lib/arm/libaot-CareerBuilder_Search.Droid.dll.so" not found
D/Mono    (10398): AOT module '/Users/builder/data/lanes/4009/3a62f1ea/source/monodroid/builds/install/mono-armv6/lib/mono/aot-cache/arm/CareerBuilder_Search.Droid.dll.so' not found: dlopen failed: library "/data/app/com.careerbuilder.SugarDrone-1/lib/arm/libaot-CareerBuilder_Search.Droid.dll.so" not found
D/Mono    (10398): Config attempting to parse: 'CareerBuilder_Search.Droid.dll.config'.
D/Mono    (10398): Config attempting to parse: '/Users/builder/data/lanes/4009/3a62f1ea/source/monodroid/builds/install/mono-armv6/etc/mono/assemblies/CareerBuilder_Search.Droid/CareerBuilder_Search.Droid.config'.
D/Mono    (10398): Image addref AppsFlyerXamarinBindingAndroid[0xeaa5df60] -> AppsFlyerXamarinBindingAndroid.dll[0xed3bcc00]: 2
D/Mono    (10398): Prepared to set up assembly 'AppsFlyerXamarinBindingAndroid' (AppsFlyerXamarinBindingAndroid.dll)
D/Mono    (10398): Assembly AppsFlyerXamarinBindingAndroid[0xeaa5df60] added to domain RootDomain, ref_count=1
D/Mono    (10398): AOT module 'AppsFlyerXamarinBindingAndroid.dll.so' not found: dlopen failed: library "/data/app/com.careerbuilder.SugarDrone-1/lib/arm/libaot-AppsFlyerXamarinBindingAndroid.dll.so" not found
D/Mono    (10398): AOT module '/Users/builder/data/lanes/4009/3a62f1ea/source/monodroid/builds/install/mono-armv6/lib/mono/aot-cache/arm/AppsFlyerXamarinBindingAndroid.dll.so' not found: dlopen failed: library "/data/app/com.careerbuilder.SugarDrone-1/lib/arm/libaot-AppsFlyerXamarinBindingAndroid.dll.so" not found
D/Mono    (10398): Config attempting to parse: 'AppsFlyerXamarinBindingAndroid.dll.config'.
D/Mono    (10398): Config attempting to parse: '/Users/builder/data/lanes/4009/3a62f1ea/source/monodroid/builds/install/mono-armv6/etc/mono/assemblies/AppsFlyerXamarinBindingAndroid/AppsFlyerXamarinBindingAndroid.config'.
D/Mono    (10398): Image addref HockeySDK[0xeaa5dfc0] -> HockeySDK.dll[0xed3bd100]: 2
D/Mono    (10398): Prepared to set up assembly 'HockeySDK' (HockeySDK.dll)
D/Mono    (10398): Assembly HockeySDK[0xeaa5dfc0] added to domain RootDomain, ref_count=1
D/Mono    (10398): AOT module 'HockeySDK.dll.so' not found: dlopen failed: library "/data/app/com.careerbuilder.SugarDrone-1/lib/arm/libaot-HockeySDK.dll.so" not found
D/Mono    (10398): AOT module '/Users/builder/data/lanes/4009/3a62f1ea/source/monodroid/builds/install/mono-armv6/lib/mono/aot-cache/arm/HockeySDK.dll.so' not found: dlopen failed: library "/data/app/com.careerbuilder.SugarDrone-1/lib/arm/libaot-HockeySDK.dll.so" not found
D/Mono    (10398): Config attempting to parse: 'HockeySDK.dll.config'.
D/Mono    (10398): Config attempting to parse: '/Users/builder/data/lanes/4009/3a62f1ea/source/monodroid/builds/install/mono-armv6/etc/mono/assemblies/HockeySDK/HockeySDK.config'.
D/Mono    (10398): Image addref Akavache[0xeaa5e020] -> Akavache.dll[0xed3bd600]: 2
D/Mono    (10398): Prepared to set up assembly 'Akavache' (Akavache.dll)
D/Mono    (10398): Assembly Akavache[0xeaa5e020] added to domain RootDomain, ref_count=1
D/Mono    (10398): AOT module 'Akavache.dll.so' not found: dlopen failed: library "/data/app/com.careerbuilder.SugarDrone-1/lib/arm/libaot-Akavache.dll.so" not found
D/Mono    (10398): AOT module '/Users/builder/data/lanes/4009/3a62f1ea/source/monodroid/builds/install/mono-armv6/lib/mono/aot-cache/arm/Akavache.dll.so' not found: dlopen failed: library "/data/app/com.careerbuilder.SugarDrone-1/lib/arm/libaot-Akavache.dll.so" not found
D/Mono    (10398): Config attempting to parse: 'Akavache.dll.config'.
D/Mono    (10398): Config attempting to parse: '/Users/builder/data/lanes/4009/3a62f1ea/source/monodroid/builds/install/mono-armv6/etc/mono/assemblies/Akavache/Akavache.config'.
D/Mono    (10398): Image addref Akavache.Sqlite3[0xeaa5e080] -> Akavache.Sqlite3.dll[0xed3bdb00]: 2
D/Mono    (10398): Prepared to set up assembly 'Akavache.Sqlite3' (Akavache.Sqlite3.dll)
D/Mono    (10398): Assembly Akavache.Sqlite3[0xeaa5e080] added to domain RootDomain, ref_count=1
D/Mono    (10398): AOT module 'Akavache.Sqlite3.dll.so' not found: dlopen failed: library "/data/app/com.careerbuilder.SugarDrone-1/lib/arm/libaot-Akavache.Sqlite3.dll.so" not found
D/Mono    (10398): AOT module '/Users/builder/data/lanes/4009/3a62f1ea/source/monodroid/builds/install/mono-armv6/lib/mono/aot-cache/arm/Akavache.Sqlite3.dll.so' not found: dlopen failed: library "/data/app/com.careerbuilder.SugarDrone-1/lib/arm/libaot-Akavache.Sqlite3.dll.so" not found
W/        (10398): Symbol file LoadedFromMemory doesn't match image Akavache.Sqlite3.dll
D/Mono    (10398): Config attempting to parse: 'Akavache.Sqlite3.dll.config'.
D/Mono    (10398): Config attempting to parse: '/Users/builder/data/lanes/4009/3a62f1ea/source/monodroid/builds/install/mono-armv6/etc/mono/assemblies/Akavache.Sqlite3/Akavache.Sqlite3.config'.
D/Mono    (10398): Image addref Splat[0xeaa5e0e0] -> Splat.dll[0xf54f6a00]: 2
D/Mono    (10398): Prepared to set up assembly 'Splat' (Splat.dll)
D/Mono    (10398): Assembly Splat[0xeaa5e0e0] added to domain RootDomain, ref_count=1
D/Mono    (10398): AOT module 'Splat.dll.so' not found: dlopen failed: library "/data/app/com.careerbuilder.SugarDrone-1/lib/arm/libaot-Splat.dll.so" not found
D/Mono    (10398): AOT module '/Users/builder/data/lanes/4009/3a62f1ea/source/monodroid/builds/install/mono-armv6/lib/mono/aot-cache/arm/Splat.dll.so' not found: dlopen failed: library "/data/app/com.careerbuilder.SugarDrone-1/lib/arm/libaot-Splat.dll.so" not found
D/Mono    (10398): Config attempting to parse: 'Splat.dll.config'.
D/Mono    (10398): Config attempting to parse: '/Users/builder/data/lanes/4009/3a62f1ea/source/monodroid/builds/install/mono-armv6/etc/mono/assemblies/Splat/Splat.config'.
D/Mono    (10398): Image addref Microsoft.Practices.ServiceLocation[0xeaa5e140] -> Microsoft.Practices.ServiceLocation.dll[0xf54f6f00]: 2
D/Mono    (10398): Prepared to set up assembly 'Microsoft.Practices.ServiceLocation' (Microsoft.Practices.ServiceLocation.dll)
D/Mono    (10398): Assembly Microsoft.Practices.ServiceLocation[0xeaa5e140] added to domain RootDomain, ref_count=1
D/Mono    (10398): AOT module 'Microsoft.Practices.ServiceLocation.dll.so' not found: dlopen failed: library "/data/app/com.careerbuilder.SugarDrone-1/lib/arm/libaot-Microsoft.Practices.ServiceLocation.dll.so" not found
D/Mono    (10398): AOT module '/Users/builder/data/lanes/4009/3a62f1ea/source/monodroid/builds/install/mono-armv6/lib/mono/aot-cache/arm/Microsoft.Practices.ServiceLocation.dll.so' not found: dlopen failed: library "/data/app/com.careerbuilder.SugarDrone-1/lib/arm/libaot-Microsoft.Practices.ServiceLocation.dll.so" not found
D/Mono    (10398): Config attempting to parse: 'Microsoft.Practices.ServiceLocation.dll.config'.
D/Mono    (10398): Config attempting to parse: '/Users/builder/data/lanes/4009/3a62f1ea/source/monodroid/builds/install/mono-armv6/etc/mono/assemblies/Microsoft.Practices.ServiceLocation/Microsoft.Practices.ServiceLocation.config'.
D/Mono    (10398): Image addref Microsoft.Practices.Unity[0xeaa5e1a0] -> Microsoft.Practices.Unity.dll[0xf54f7400]: 2
D/Mono    (10398): Prepared to set up assembly 'Microsoft.Practices.Unity' (Microsoft.Practices.Unity.dll)
D/Mono    (10398): Assembly Microsoft.Practices.Unity[0xeaa5e1a0] added to domain RootDomain, ref_count=1
D/Mono    (10398): AOT module 'Microsoft.Practices.Unity.dll.so' not found: dlopen failed: library "/data/app/com.careerbuilder.SugarDrone-1/lib/arm/libaot-Microsoft.Practices.Unity.dll.so" not found
D/Mono    (10398): AOT module '/Users/builder/data/lanes/4009/3a62f1ea/source/monodroid/builds/install/mono-armv6/lib/mono/aot-cache/arm/Microsoft.Practices.Unity.dll.so' not found: dlopen failed: library "/data/app/com.careerbuilder.SugarDrone-1/lib/arm/libaot-Microsoft.Practices.Unity.dll.so" not found
D/Mono    (10398): Config attempting to parse: 'Microsoft.Practices.Unity.dll.config'.
D/Mono    (10398): Config attempting to parse: '/Users/builder/data/lanes/4009/3a62f1ea/source/monodroid/builds/install/mono-armv6/etc/mono/assemblies/Microsoft.Practices.Unity/Microsoft.Practices.Unity.config'.
D/Mono    (10398): Image addref Plugin.CurrentActivity[0xeaa5e200] -> Plugin.CurrentActivity.dll[0xf54f7900]: 2
D/Mono    (10398): Prepared to set up assembly 'Plugin.CurrentActivity' (Plugin.CurrentActivity.dll)
D/Mono    (10398): Assembly Plugin.CurrentActivity[0xeaa5e200] added to domain RootDomain, ref_count=1
D/Mono    (10398): AOT module 'Plugin.CurrentActivity.dll.so' not found: dlopen failed: library "/data/app/com.careerbuilder.SugarDrone-1/lib/arm/libaot-Plugin.CurrentActivity.dll.so" not found
D/Mono    (10398): AOT module '/Users/builder/data/lanes/4009/3a62f1ea/source/monodroid/builds/install/mono-armv6/lib/mono/aot-cache/arm/Plugin.CurrentActivity.dll.so' not found: dlopen failed: library "/data/app/com.careerbuilder.SugarDrone-1/lib/arm/libaot-Plugin.CurrentActivity.dll.so" not found
D/Mono    (10398): Config attempting to parse: 'Plugin.CurrentActivity.dll.config'.
D/Mono    (10398): Config attempting to parse: '/Users/builder/data/lanes/4009/3a62f1ea/source/monodroid/builds/install/mono-armv6/etc/mono/assemblies/Plugin.CurrentActivity/Plugin.CurrentActivity.config'.
D/Mono    (10398): Image addref Plugin.Permissions[0xeaa5e260] -> Plugin.Permissions.dll[0xea914000]: 2
D/Mono    (10398): Prepared to set up assembly 'Plugin.Permissions' (Plugin.Permissions.dll)
D/Mono    (10398): Assembly Plugin.Permissions[0xeaa5e260] added to domain RootDomain, ref_count=1
D/Mono    (10398): AOT module 'Plugin.Permissions.dll.so' not found: dlopen failed: library "/data/app/com.careerbuilder.SugarDrone-1/lib/arm/libaot-Plugin.Permissions.dll.so" not found
D/Mono    (10398): AOT module '/Users/builder/data/lanes/4009/3a62f1ea/source/monodroid/builds/install/mono-armv6/lib/mono/aot-cache/arm/Plugin.Permissions.dll.so' not found: dlopen failed: library "/data/app/com.careerbuilder.SugarDrone-1/lib/arm/libaot-Plugin.Permissions.dll.so" not found
D/Mono    (10398): Config attempting to parse: 'Plugin.Permissions.dll.config'.
D/Mono    (10398): Config attempting to parse: '/Users/builder/data/lanes/4009/3a62f1ea/source/monodroid/builds/install/mono-armv6/etc/mono/assemblies/Plugin.Permissions/Plugin.Permissions.config'.
D/Mono    (10398): Image addref Plugin.Permissions.Abstractions[0xeaa5e2c0] -> Plugin.Permissions.Abstractions.dll[0xea914500]: 2
D/Mono    (10398): Prepared to set up assembly 'Plugin.Permissions.Abstractions' (Plugin.Permissions.Abstractions.dll)
D/Mono    (10398): Assembly Plugin.Permissions.Abstractions[0xeaa5e2c0] added to domain RootDomain, ref_count=1
D/Mono    (10398): AOT module 'Plugin.Permissions.Abstractions.dll.so' not found: dlopen failed: library "/data/app/com.careerbuilder.SugarDrone-1/lib/arm/libaot-Plugin.Permissions.Abstractions.dll.so" not found
D/Mono    (10398): AOT module '/Users/builder/data/lanes/4009/3a62f1ea/source/monodroid/builds/install/mono-armv6/lib/mono/aot-cache/arm/Plugin.Permissions.Abstractions.dll.so' not found: dlopen failed: library "/data/app/com.careerbuilder.SugarDrone-1/lib/arm/libaot-Plugin.Permissions.Abstractions.dll.so" not found
D/Mono    (10398): Config attempting to parse: 'Plugin.Permissions.Abstractions.dll.config'.
D/Mono    (10398): Config attempting to parse: '/Users/builder/data/lanes/4009/3a62f1ea/source/monodroid/builds/install/mono-armv6/etc/mono/assemblies/Plugin.Permissions.Abstractions/Plugin.Permissions.Abstractions.config'.
D/Mono    (10398): Image addref Plugin.Geolocator[0xeaa5e320] -> Plugin.Geolocator.dll[0xea914a00]: 2
D/Mono    (10398): Prepared to set up assembly 'Plugin.Geolocator' (Plugin.Geolocator.dll)
D/Mono    (10398): Assembly Plugin.Geolocator[0xeaa5e320] added to domain RootDomain, ref_count=1
D/Mono    (10398): AOT module 'Plugin.Geolocator.dll.so' not found: dlopen failed: library "/data/app/com.careerbuilder.SugarDrone-1/lib/arm/libaot-Plugin.Geolocator.dll.so" not found
D/Mono    (10398): AOT module '/Users/builder/data/lanes/4009/3a62f1ea/source/monodroid/builds/install/mono-armv6/lib/mono/aot-cache/arm/Plugin.Geolocator.dll.so' not found: dlopen failed: library "/data/app/com.careerbuilder.SugarDrone-1/lib/arm/libaot-Plugin.Geolocator.dll.so" not found
D/Mono    (10398): Config attempting to parse: 'Plugin.Geolocator.dll.config'.
D/Mono    (10398): Config attempting to parse: '/Users/builder/data/lanes/4009/3a62f1ea/source/monodroid/builds/install/mono-armv6/etc/mono/assemblies/Plugin.Geolocator/Plugin.Geolocator.config'.
D/Mono    (10398): Image addref Plugin.Geolocator.Abstractions[0xeaa5e380] -> Plugin.Geolocator.Abstractions.dll[0xea914f00]: 2
D/Mono    (10398): Prepared to set up assembly 'Plugin.Geolocator.Abstractions' (Plugin.Geolocator.Abstractions.dll)
D/Mono    (10398): Assembly Plugin.Geolocator.Abstractions[0xeaa5e380] added to domain RootDomain, ref_count=1
D/Mono    (10398): AOT module 'Plugin.Geolocator.Abstractions.dll.so' not found: dlopen failed: library "/data/app/com.careerbuilder.SugarDrone-1/lib/arm/libaot-Plugin.Geolocator.Abstractions.dll.so" not found
D/Mono    (10398): AOT module '/Users/builder/data/lanes/4009/3a62f1ea/source/monodroid/builds/install/mono-armv6/lib/mono/aot-cache/arm/Plugin.Geolocator.Abstractions.dll.so' not found: dlopen failed: library "/data/app/com.careerbuilder.SugarDrone-1/lib/arm/libaot-Plugin.Geolocator.Abstractions.dll.so" not found
D/Mono    (10398): Config attempting to parse: 'Plugin.Geolocator.Abstractions.dll.config'.
D/Mono    (10398): Config attempting to parse: '/Users/builder/data/lanes/4009/3a62f1ea/source/monodroid/builds/install/mono-armv6/etc/mono/assemblies/Plugin.Geolocator.Abstractions/Plugin.Geolocator.Abstractions.config'.
D/Mono    (10398): Image addref Plugin.DeviceInfo[0xeaa5e3e0] -> Plugin.DeviceInfo.dll[0xea915400]: 2
D/Mono    (10398): Prepared to set up assembly 'Plugin.DeviceInfo' (Plugin.DeviceInfo.dll)
D/Mono    (10398): Assembly Plugin.DeviceInfo[0xeaa5e3e0] added to domain RootDomain, ref_count=1
D/Mono    (10398): AOT module 'Plugin.DeviceInfo.dll.so' not found: dlopen failed: library "/data/app/com.careerbuilder.SugarDrone-1/lib/arm/libaot-Plugin.DeviceInfo.dll.so" not found
D/Mono    (10398): AOT module '/Users/builder/data/lanes/4009/3a62f1ea/source/monodroid/builds/install/mono-armv6/lib/mono/aot-cache/arm/Plugin.DeviceInfo.dll.so' not found: dlopen failed: library "/data/app/com.careerbuilder.SugarDrone-1/lib/arm/libaot-Plugin.DeviceInfo.dll.so" not found
D/Mono    (10398): Config attempting to parse: 'Plugin.DeviceInfo.dll.config'.
D/Mono    (10398): Config attempting to parse: '/Users/builder/data/lanes/4009/3a62f1ea/source/monodroid/builds/install/mono-armv6/etc/mono/assemblies/Plugin.DeviceInfo/Plugin.DeviceInfo.config'.
D/Mono    (10398): Image addref Plugin.DeviceInfo.Abstractions[0xeaa5e440] -> Plugin.DeviceInfo.Abstractions.dll[0xea915900]: 2
D/Mono    (10398): Prepared to set up assembly 'Plugin.DeviceInfo.Abstractions' (Plugin.DeviceInfo.Abstractions.dll)
D/Mono    (10398): Assembly Plugin.DeviceInfo.Abstractions[0xeaa5e440] added to domain RootDomain, ref_count=1
D/Mono    (10398): AOT module 'Plugin.DeviceInfo.Abstractions.dll.so' not found: dlopen failed: library "/data/app/com.careerbuilder.SugarDrone-1/lib/arm/libaot-Plugin.DeviceInfo.Abstractions.dll.so" not found
D/Mono    (10398): AOT module '/Users/builder/data/lanes/4009/3a62f1ea/source/monodroid/builds/install/mono-armv6/lib/mono/aot-cache/arm/Plugin.DeviceInfo.Abstractions.dll.so' not found: dlopen failed: library "/data/app/com.careerbuilder.SugarDrone-1/lib/arm/libaot-Plugin.DeviceInfo.Abstractions.dll.so" not found
D/Mono    (10398): Config attempting to parse: 'Plugin.DeviceInfo.Abstractions.dll.config'.
D/Mono    (10398): Config attempting to parse: '/Users/builder/data/lanes/4009/3a62f1ea/source/monodroid/builds/install/mono-armv6/etc/mono/assemblies/Plugin.DeviceInfo.Abstractions/Plugin.DeviceInfo.Abstractions.config'.
D/Mono    (10398): Image addref Xamarin.GooglePlayServices.Analytics[0xeaa5e4a0] -> Xamarin.GooglePlayServices.Analytics.dll[0xea915e00]: 2
D/Mono    (10398): Prepared to set up assembly 'Xamarin.GooglePlayServices.Analytics' (Xamarin.GooglePlayServices.Analytics.dll)
D/Mono    (10398): Assembly Xamarin.GooglePlayServices.Analytics[0xeaa5e4a0] added to domain RootDomain, ref_count=1
D/Mono    (10398): AOT module 'Xamarin.GooglePlayServices.Analytics.dll.so' not found: dlopen failed: library "/data/app/com.careerbuilder.SugarDrone-1/lib/arm/libaot-Xamarin.GooglePlayServices.Analytics.dll.so" not found
D/Mono    (10398): AOT module '/Users/builder/data/lanes/4009/3a62f1ea/source/monodroid/builds/install/mono-armv6/lib/mono/aot-cache/arm/Xamarin.GooglePlayServices.Analytics.dll.so' not found: dlopen failed: library "/data/app/com.careerbuilder.SugarDrone-1/lib/arm/libaot-Xamarin.GooglePlayServices.Analytics.dll.so" not found
D/Mono    (10398): Config attempting to parse: 'Xamarin.GooglePlayServices.Analytics.dll.config'.
D/Mono    (10398): Config attempting to parse: '/Users/builder/data/lanes/4009/3a62f1ea/source/monodroid/builds/install/mono-armv6/etc/mono/assemblies/Xamarin.GooglePlayServices.Analytics/Xamarin.GooglePlayServices.Analytics.config'.
