W/FragmentManager( 9619): moveToState: Fragment state for ValuePropFragment{7d8892 #0 id=0x7f0a0148 android:switcher:2131362120:1} not updated inline; expected state 3 found 2
D/audio_hw_primary(  513): disable_audio_route: reset and update mixer path: low-latency-playback speaker
D/audio_hw_primary(  513): disable_snd_device: snd_device(2: speaker)
I/soundtrigger(  513): audio_extn_sound_trigger_update_device_status: device 0x2 of type 0 for Event 0
I/ActivityManager(  927): Displayed com.careerbuilder.SugarDrone/md537fd6201b6818e2e180d2f7606e21a83.ValuePropActivity: +634ms
I/Keyboard.Facilitator( 3510): onFinishInput()
I/System.out( 9619): URI: /backdoor
I/System.out( 9619): params: {json={"method_name":"MyCBBackdoor","arguments":[]}
I/System.out( 9619): }
D/Mono    ( 9619): Assembly Ref addref CareerBuilder_Search.Droid[0xef7a9080] -> Xamarin.Android.Support.Design[0xef7a9c20]: 2
I/calabash( 9619): execStartActivity 4
I/ActivityManager(  927): START u0 {cmp=com.careerbuilder.SugarDrone/md5a4824aa66c0dc4d104077b72c1916a44.MasterNavActivity} from uid 16076 on display 0
I/calabash( 9619): newActivity1
W/SurfaceFlinger(  382): couldn't log to binary event log: overflow.
D/Mono    ( 9619): DllImport searching in: '__Internal' ('(null)').
D/Mono    ( 9619): Searching for 'java_interop_jnienv_call_int_method'.
D/Mono    ( 9619): Probing 'java_interop_jnienv_call_int_method'.
D/Mono    ( 9619): Found as 'java_interop_jnienv_call_int_method'.
I/art     ( 9619): Starting a blocking GC Explicit
D/Mono    ( 9619): Unloading image System.dll [0xd8ec3400].
D/Mono    ( 9619): Image addref System[0xd9ccd2a0] -> System.dll[0xeadf1100]: 5
D/Mono    ( 9619): Config attempting to parse: 'System.dll.config'.
D/Mono    ( 9619): Config attempting to parse: '/Users/builder/data/lanes/4009/3a62f1ea/source/monodroid/builds/install/mono-armv6/etc/mono/assemblies/System/System.config'.
D/Mono    ( 9619): Unloading image System.dll [0xd8ec3400].
D/Mono    ( 9619): Image addref System[0xd9ccd1e0] -> System.dll[0xeadf1100]: 6
D/Mono    ( 9619): Config attempting to parse: 'System.dll.config'.
D/Mono    ( 9619): Config attempting to parse: '/Users/builder/data/lanes/4009/3a62f1ea/source/monodroid/builds/install/mono-armv6/etc/mono/assemblies/System/System.config'.
D/Mono    ( 9619): Unloading image System.dll [0xd8ec3400].
D/Mono    ( 9619): Image addref System[0xd9ccd1e0] -> System.dll[0xeadf1100]: 7
D/Mono    ( 9619): Config attempting to parse: 'System.dll.config'.
D/Mono    ( 9619): Config attempting to parse: '/Users/builder/data/lanes/4009/3a62f1ea/source/monodroid/builds/install/mono-armv6/etc/mono/assemblies/System/System.config'.
I/art     ( 9619): Explicit concurrent mark sweep GC freed 22247(1143KB) AllocSpace objects, 2(40KB) LOS objects, 33% free, 32MB/48MB, paused 368us total 16.508ms
D/Mono    ( 9619): Unloading image System.dll [0xd8ec3400].
D/Mono    ( 9619): Image addref System[0xd9ccd1e0] -> System.dll[0xeadf1100]: 8
D/Mono    ( 9619): Config attempting to parse: 'System.dll.config'.
D/Mono    ( 9619): Config attempting to parse: '/Users/builder/data/lanes/4009/3a62f1ea/source/monodroid/builds/install/mono-armv6/etc/mono/assemblies/System/System.config'.
I/art     ( 9619): Starting a blocking GC Explicit
I/art     ( 9619): Explicit concurrent mark sweep GC freed 660(30KB) AllocSpace objects, 0(0B) LOS objects, 33% free, 32MB/48MB, paused 360us total 13.962ms
I/art     ( 9619): Starting a blocking GC Explicit
I/System.out( 9619): URI: /map
I/System.out( 9619): params: {json={"query":"* marked:'Skip'","operation":{"method_name":"query","arguments":[]}}
I/System.out( 9619): }
I/art     ( 9619): Explicit concurrent mark sweep GC freed 806(30KB) AllocSpace objects, 1(20KB) LOS objects, 33% free, 32MB/48MB, paused 476us total 14.630ms
D/Mono    ( 9619): DllImport searching in: '__Internal' ('(null)').
D/Mono    ( 9619): Searching for 'java_interop_jnienv_is_assignable_from'.
D/Mono    ( 9619): Probing 'java_interop_jnienv_is_assignable_from'.
D/Mono    ( 9619): Found as 'java_interop_jnienv_is_assignable_from'.
D/Mono    ( 9619): DllImport searching in: '__Internal' ('(null)').
D/Mono    ( 9619): Searching for 'java_interop_jnienv_get_byte_array_region'.
D/Mono    ( 9619): Probing 'java_interop_jnienv_get_byte_array_region'.
D/Mono    ( 9619): Found as 'java_interop_jnienv_get_byte_array_region'.
D/Mono    ( 9619): DllImport searching in: '__Internal' ('(null)').
D/Mono    ( 9619): Searching for 'java_interop_jnienv_set_byte_array_region'.
D/Mono    ( 9619): Probing 'java_interop_jnienv_set_byte_array_region'.
D/Mono    ( 9619): Found as 'java_interop_jnienv_set_byte_array_region'.
I/art     ( 9619): Starting a blocking GC Explicit
D/Mono    ( 9619): Assembly Ref addref Xamarin.Android.Support.Design[0xef7a9c20] -> Xamarin.Android.Support.v4[0xef7a9a40]: 4
D/Mono    ( 9619): Assembly Ref addref CareerBuilder_Search.Droid[0xef7a9080] -> Xamarin.Android.Support.v7.RecyclerView[0xef7a9aa0]: 2
D/Mono    ( 9619): Assembly Ref addref Xamarin.Android.Support.v7.RecyclerView[0xef7a9aa0] -> Xamarin.Android.Support.v4[0xef7a9a40]: 5
D/Mono    ( 9619): Assembly Ref addref CareerBuilder_Search.Droid[0xef7a9080] -> FloatingActionButton-Xamarin[0xef7a99e0]: 2
I/art     ( 9619): Explicit concurrent mark sweep GC freed 7504(312KB) AllocSpace objects, 0(0B) LOS objects, 33% free, 32MB/48MB, paused 612us total 15.391ms
I/art     ( 9619): Starting a blocking GC Explicit
I/art     ( 9619): Explicit concurrent mark sweep GC freed 9539(428KB) AllocSpace objects, 0(0B) LOS objects, 33% free, 32MB/48MB, paused 561us total 15.362ms
D/Mono    ( 9619): Unloading image System.IO.dll [0xda26e700].
D/Mono    ( 9619): Image addref System.IO[0xd9b0a440] -> System.IO.dll[0xd8024a00]: 6
D/Mono    ( 9619): Config attempting to parse: 'System.IO.dll.config'.
D/Mono    ( 9619): Config attempting to parse: '/Users/builder/data/lanes/4009/3a62f1ea/source/monodroid/builds/install/mono-armv6/etc/mono/assemblies/System.IO/System.IO.config'.
D/Mono    ( 9619): Assembly Ref addref CareerBuilder_Search[0xef7aa0a0] -> System.IO[0xdadf5f00]: 4
W/Mono    ( 9619): The request to load the assembly System.Core v4.0.0.0 was remapped to v2.0.5.0
D/Mono    ( 9619): Unloading image System.Core.dll [0xd734a900].
D/Mono    ( 9619): Image addref System.Core[0xd782d140] -> System.Core.dll[0xdc487000]: 5
D/Mono    ( 9619): Config attempting to parse: 'System.Core.dll.config'.
D/Mono    ( 9619): Config attempting to parse: '/Users/builder/data/lanes/4009/3a62f1ea/source/monodroid/builds/install/mono-armv6/etc/mono/assemblies/System.Core/System.Core.config'.
W/Mono    ( 9619): The request to load the assembly System.Core v4.0.0.0 was remapped to v2.0.5.0
D/Mono    ( 9619): Unloading image System.Core.dll [0xd734a900].
D/Mono    ( 9619): Image addref System.Core[0xd782eb20] -> System.Core.dll[0xdc487000]: 6
D/Mono    ( 9619): Config attempting to parse: 'System.Core.dll.config'.
D/Mono    ( 9619): Config attempting to parse: '/Users/builder/data/lanes/4009/3a62f1ea/source/monodroid/builds/install/mono-armv6/etc/mono/assemblies/System.Core/System.Core.config'.
W/FragmentManager( 9619): moveToState: Fragment state for SavedJobsFragment{e767c88 #0 id=0x7f0a0148 android:switcher:2131362120:1} not updated inline; expected state 3 found 2
D/Mono    ( 9619): Assembly Ref addref CareerBuilder_Search.Droid[0xef7a9080] -> System[0xef7aa3a0]: 13
W/FragmentManager( 9619): moveToState: Fragment state for ResumeManagementFragment{c74835d #1 id=0x7f0a0148 android:switcher:2131362120:2} not updated inline; expected state 3 found 2
D/Mono    ( 9619): [0xd6dff930] worker starting
D/Mono    ( 9619): Unloading image System.Linq.dll [0xd734a900].
D/Mono    ( 9619): Image addref System.Linq[0xd782d1a0] -> System.Linq.dll[0xdc488e00]: 9
D/Mono    ( 9619): Config attempting to parse: 'System.Linq.dll.config'.
D/Mono    ( 9619): Config attempting to parse: '/Users/builder/data/lanes/4009/3a62f1ea/source/monodroid/builds/install/mono-armv6/etc/mono/assemblies/System.Linq/System.Linq.config'.
D/Mono    ( 9619): Assembly Ref addref CareerBuilder_Search[0xef7aa0a0] -> System.Linq[0xef7aa580]: 7
D/Mono    ( 9619): DllImport attempting to load: '/system/lib/liblog.so'.
D/Mono    ( 9619): DllImport loaded library '/system/lib/liblog.so'.
D/Mono    ( 9619): DllImport searching in: '/system/lib/liblog.so' ('/system/lib/liblog.so').
D/Mono    ( 9619): Searching for '__android_log_print'.
D/Mono    ( 9619): Probing '__android_log_print'.
D/Mono    ( 9619): Found as '__android_log_print'.
I/mono-stdout( 9619): uri is: https://api.careerbuilder.com/consumer/resumes?OAuthToken=&HostSite=US&DeveloperKey=WDHR8FC6P2JZ1Y61KLM5
D/Mono    ( 9619): Unloading image System.Collections.dll [0xd8ec5700].
D/Mono    ( 9619): Image addref System.Collections[0xd782d140] -> System.Collections.dll[0xeadf1b00]: 10
D/Mono    ( 9619): Config attempting to parse: 'System.Collections.dll.config'.
D/Mono    ( 9619): Config attempting to parse: '/Users/builder/data/lanes/4009/3a62f1ea/source/monodroid/builds/install/mono-armv6/etc/mono/assemblies/System.Collections/System.Collections.config'.
D/Mono    ( 9619): Assembly Ref addref System.Reactive.Linq[0xef7a9e60] -> System.Collections[0xef7aa460]: 8
D/Mono    ( 9619): DllImport searching in: '__Internal' ('(null)').
D/Mono    ( 9619): Searching for 'java_interop_jnienv_call_nonvirtual_void_method'.
D/Mono    ( 9619): Probing 'java_interop_jnienv_call_nonvirtual_void_method'.
D/Mono    ( 9619): Found as 'java_interop_jnienv_call_nonvirtual_void_method'.
D/Mono    ( 9619): Image addref System.Net.Primitives[0xd782eb20] -> System.Net.Primitives.dll[0xd93d7700]: 2
D/Mono    ( 9619): Prepared to set up assembly 'System.Net.Primitives' (System.Net.Primitives.dll)
D/Mono    ( 9619): Assembly System.Net.Primitives[0xd782eb20] added to domain RootDomain, ref_count=1
I/mono-stdout( 9619): uri is: https://api.careerbuilder.com/consumer/saved-jobs/?DeveloperKey=WDHR8FC6P2JZ1Y61KLM5
I/mono-stdout( 9619): uri is: https://api.careerbuilder.com/consumer/jobs/search/?Keywords=&Location=&UseFacets=true&PageNumber=1&ExcludeNational=true&DeveloperKey=WDHR8FC6P2JZ1Y61KLM5
D/Mono    ( 9619): AOT module 'System.Net.Primitives.dll.so' not found: dlopen failed: library "/data/app/com.careerbuilder.SugarDrone-1/lib/arm/libaot-System.Net.Primitives.dll.so" not found
D/Mono    ( 9619): Unloading image System.Net.Primitives.dll [0xd93d6800].
D/Mono    ( 9619): AOT module '/Users/builder/data/lanes/4009/3a62f1ea/source/monodroid/builds/install/mono-armv6/lib/mono/aot-cache/arm/System.Net.Primitives.dll.so' not found: dlopen failed: library "/data/app/com.careerbuilder.SugarDrone-1/lib/arm/libaot-System.Net.Primitives.dll.so" not found
D/Mono    ( 9619): Config attempting to parse: 'System.Net.Primitives.dll.config'.
D/Mono    ( 9619): Unloading image System.Net.Primitives.dll [0xda26b000].
D/Mono    ( 9619): Config attempting to parse: '/Users/builder/data/lanes/4009/3a62f1ea/source/monodroid/builds/install/mono-armv6/etc/mono/assemblies/System.Net.Primitives/System.Net.Primitives.config'.
D/Mono    ( 9619): Assembly Ref addref CareerBuilder_Search[0xef7aa0a0] -> System.Net.Primitives[0xd782eb20]: 2
D/Mono    ( 9619): Image addref System.Net.Primitives[0xdadf7ee0] -> System.Net.Primitives.dll[0xd93d7700]: 6
D/Mono    ( 9619): Config attempting to parse: 'System.Net.Primitives.dll.config'.
D/Mono    ( 9619): Assembly Ref addref System.Net.Primitives[0xd782eb20] -> System[0xef7aa3a0]: 14
D/Mono    ( 9619): Config attempting to parse: '/Users/builder/data/lanes/4009/3a62f1ea/source/monodroid/builds/install/mono-armv6/etc/mono/assemblies/System.Net.Primitives/System.Net.Primitives.config'.
D/Mono    ( 9619): Image addref System.Net.Primitives[0xdadf5c00] -> System.Net.Primitives.dll[0xd93d7700]: 6
D/Mono    ( 9619): Config attempting to parse: 'System.Net.Primitives.dll.config'.
D/Mono    ( 9619): Config attempting to parse: '/Users/builder/data/lanes/4009/3a62f1ea/source/monodroid/builds/install/mono-armv6/etc/mono/assemblies/System.Net.Primitives/System.Net.Primitives.config'.
D/Mono    ( 9619): Unloading image System.Text.Encoding.dll [0xd93d6800].
D/Mono    ( 9619): Image addref System.Text.Encoding[0xdadf7e80] -> System.Text.Encoding.dll[0xd8024000]: 5
D/Mono    ( 9619): Config attempting to parse: 'System.Text.Encoding.dll.config'.
D/Mono    ( 9619): Config attempting to parse: '/Users/builder/data/lanes/4009/3a62f1ea/source/monodroid/builds/install/mono-armv6/etc/mono/assemblies/System.Text.Encoding/System.Text.Encoding.config'.
D/Mono    ( 9619): Assembly Ref addref CareerBuilder_Search[0xef7aa0a0] -> System.Text.Encoding[0xdadf56c0]: 3
D/Mono    ( 9619): Unloading image System.Text.Encoding.dll [0xda26b000].
D/Mono    ( 9619): Image addref System.Text.Encoding[0xdadf5300] -> System.Text.Encoding.dll[0xd8024000]: 6
D/Mono    ( 9619): Config attempting to parse: 'System.Text.Encoding.dll.config'.
D/Mono    ( 9619): Config attempting to parse: '/Users/builder/data/lanes/4009/3a62f1ea/source/monodroid/builds/install/mono-armv6/etc/mono/assemblies/System.Text.Encoding/System.Text.Encoding.config'.
I/mono-stdout( 9619): uri is: https://api.careerbuilder.com/consumer/resumes?OAuthToken=&HostSite=US&DeveloperKey=WDHR8FC6P2JZ1Y61KLM5
D/Mono    ( 9619): Unloading image System.Text.Encoding.dll [0xd8ec5200].
D/Mono    ( 9619): Image addref System.Text.Encoding[0xd782d1a0] -> System.Text.Encoding.dll[0xd8024000]: 7
D/Mono    ( 9619): Config attempting to parse: 'System.Text.Encoding.dll.config'.
D/Mono    ( 9619): Config attempting to parse: '/Users/builder/data/lanes/4009/3a62f1ea/source/monodroid/builds/install/mono-armv6/etc/mono/assemblies/System.Text.Encoding/System.Text.Encoding.config'.
I/mono-stdout( 9619): making api call to: /consumer/jobs/search/?Keywords=&Location=&UseFacets=true&PageNumber=1&ExcludeNational=true&DeveloperKey=WDHR8FC6P2JZ1Y61KLM5
I/mono-stdout( 9619): making api call to: /consumer/saved-jobs/?DeveloperKey=WDHR8FC6P2JZ1Y61KLM5
I/mono-stdout( 9619): making api call to: /consumer/resumes?OAuthToken=&HostSite=US&DeveloperKey=WDHR8FC6P2JZ1Y61KLM5
I/mono-stdout( 9619): making api call to: /consumer/resumes?OAuthToken=&HostSite=US&DeveloperKey=WDHR8FC6P2JZ1Y61KLM5
I/mono-stdout( 9619): Method: GET, RequestUri: 'https://api.careerbuilder.com/consumer/saved-jobs/?DeveloperKey=WDHR8FC6P2JZ1Y61KLM5', Version: 1.1, Content: <null>, Headers:

I/mono-stdout( 9619): {

I/mono-stdout( 9619): DeveloperKey: WDHR8FC6P2JZ1Y61KLM5

I/mono-stdout( 9619): Accept: application/json

I/mono-stdout( 9619): Authorization: Bearer test

I/mono-stdout( 9619): HostSite: US

I/mono-stdout( 9619): }
I/mono-stdout( 9619): Current State = 1,2,6,7
I/mono-stdout( 9619): applied jobs = 6
I/mono-stdout( 9619): expired jobs = 7
I/mono-stdout( 9619): saved jobs = Saved,Saved,Applied,Saved
D/Mono    ( 9619): DllImport searching in: '__Internal' ('(null)').
D/Mono    ( 9619): Searching for 'java_interop_jnienv_new_byte_array'.
D/Mono    ( 9619): Probing 'java_interop_jnienv_new_byte_array'.
D/Mono    ( 9619): Found as 'java_interop_jnienv_new_byte_array'.
D/Mono    ( 9619): [0xd68fb930] worker starting
D/Mono    ( 9619): [0xd68fb930] hill climbing, change max number of threads 9
D/Mono    ( 9619): [0xd67fa930] worker starting
I/mono-stdout( 9619): done making call to: /consumer/resumes?OAuthToken=&HostSite=US&DeveloperKey=WDHR8FC6P2JZ1Y61KLM5
I/mono-stdout( 9619): done making call to: /consumer/resumes?OAuthToken=&HostSite=US&DeveloperKey=WDHR8FC6P2JZ1Y61KLM5
I/mono-stdout( 9619): The resume  with hash has been set as latest
I/mono-stdout( 9619): The resume  with hash has been set as latest
I/art     ( 9619): Starting a blocking GC Explicit
I/mono-stdout( 9619): done making call to: /consumer/saved-jobs/?DeveloperKey=WDHR8FC6P2JZ1Y61KLM5
I/art     ( 9619): Explicit concurrent mark sweep GC freed 4061(290KB) AllocSpace objects, 1(20KB) LOS objects, 29% free, 38MB/54MB, paused 432us total 17.466ms
D/Mono    ( 9619): GC_TAR_BRIDGE bridges 173 objects 371 opaque 122 colors 173 colors-bridged 173 colors-visible 173 xref 5 cache-hit 0 cache-semihit 0 cache-miss 0 setup 0.06ms tarjan 0.30ms scc-setup 0.08ms gather-xref 0.01ms xref-setup 0.01ms cleanup 0.08ms
D/Mono    ( 9619): GC_BRIDGE: Complete, was running for 20.00ms
D/Mono    ( 9619): GC_MINOR: (Nursery full) time 15.20ms, stw 15.64ms promoted 894K major size: 1904K in use: 1173K los size: 1024K in use: 370K
I/mono-stdout( 9619): done making call to: /consumer/jobs/search/?Keywords=&Location=&UseFacets=true&PageNumber=1&ExcludeNational=true&DeveloperKey=WDHR8FC6P2JZ1Y61KLM5
I/mono-stdout( 9619): uri is: https://api.careerbuilder.com/consumer/saved-jobs/?DeveloperKey=WDHR8FC6P2JZ1Y61KLM5
I/mono-stdout( 9619): making api call to: /consumer/saved-jobs/?DeveloperKey=WDHR8FC6P2JZ1Y61KLM5
I/mono-stdout( 9619): Method: GET, RequestUri: 'https://api.careerbuilder.com/consumer/saved-jobs/?DeveloperKey=WDHR8FC6P2JZ1Y61KLM5', Version: 1.1, Content: <null>, Headers:

I/mono-stdout( 9619): {

I/mono-stdout( 9619): DeveloperKey: WDHR8FC6P2JZ1Y61KLM5

I/mono-stdout( 9619): Accept: application/json

I/mono-stdout( 9619): Authorization: Bearer test

I/mono-stdout( 9619): HostSite: US

I/mono-stdout( 9619): }
I/mono-stdout( 9619): Current State = 1,2,6,7
I/mono-stdout( 9619): applied jobs = 6
I/mono-stdout( 9619): expired jobs = 7
I/mono-stdout( 9619): saved jobs = Saved,Saved,Applied,Saved
E/RecyclerView( 9619): No adapter attached; skipping layout
W/art     ( 9619): JNI RegisterNativeMethods: attempt to register 0 native methods for md539c3d548fb000cea9f34163fa7e112ea.ProgressListItemViewHolder
W/ResourceType( 9619): No known package when getting name for resource number 0xffffffff
W/ResourceType( 9619): No known package when getting name for resource number 0xffffffff
W/ResourceType( 9619): No known package when getting name for resource number 0xffffffff
W/ResourceType( 9619): No known package when getting name for resource number 0xffffffff
W/ResourceType( 9619): No known package when getting name for resource number 0xffffffff
W/ResourceType( 9619): No known package when getting name for resource number 0xffffffff
W/ResourceType( 9619): No known package when getting name for resource number 0xffffffff
W/ResourceType( 9619): No known package when getting name for resource number 0xffffffff
W/ResourceType( 9619): No known package when getting name for resource number 0xffffffff
W/ResourceType( 9619): No known package when getting name for resource number 0xffffffff
W/ResourceType( 9619): No known package when getting name for resource number 0xffffffff
W/ResourceType( 9619): No known package when getting name for resource number 0xffffffff
W/ResourceType( 9619): No known package when getting name for resource number 0xffffffff
W/ResourceType( 9619): No known package when getting name for resource number 0xffffffff
W/ResourceType( 9619): No known package when getting name for resource number 0xffffffff
W/ResourceType( 9619): No known package when getting name for resource number 0xffffffff
W/ResourceType( 9619): No known package when getting name for resource number 0xffffffff
D/Mono    ( 9619): Assembly Ref addref Xamarin.Android.Support.v7.AppCompat[0xef7a9bc0] -> System.Core[0xef7aa700]: 15
I/Choreographer( 9619): Skipped 74 frames!  The application may be doing too much work on its main thread.
E/RecyclerView( 9619): No adapter attached; skipping layout
I/System.out( 9619): URI: /map
I/System.out( 9619): params: {json={"query":"* marked:'Job 1'","operation":{"method_name":"query","arguments":[]}}
I/System.out( 9619): }
D/Mono    ( 9619): DllImport searching in: '__Internal' ('(null)').
D/Mono    ( 9619): Searching for 'java_interop_jnienv_call_void_method'.
D/Mono    ( 9619): Probing 'java_interop_jnienv_call_void_method'.
D/Mono    ( 9619): Found as 'java_interop_jnienv_call_void_method'.
I/ActivityManager(  927): Displayed com.careerbuilder.SugarDrone/md5a4824aa66c0dc4d104077b72c1916a44.MasterNavActivity: +1s626ms
I/Keyboard.Facilitator( 3510): onFinishInput()
E/RecyclerView( 9619): No adapter attached; skipping layout
W/ResourceType( 9619): No known package when getting name for resource number 0xffffffff
W/ResourceType( 9619): No known package when getting name for resource number 0xffffffff
W/ResourceType( 9619): No known package when getting name for resource number 0xffffffff
W/ResourceType( 9619): No known package when getting name for resource number 0xffffffff
W/ResourceType( 9619): No known package when getting name for resource number 0xffffffff
W/ResourceType( 9619): No known package when getting name for resource number 0xffffffff
W/ResourceType( 9619): No known package when getting name for resource number 0xffffffff
W/ResourceType( 9619): No known package when getting name for resource number 0xffffffff
W/ResourceType( 9619): No known package when getting name for resource number 0xffffffff
W/ResourceType( 9619): No known package when getting name for resource number 0xffffffff
W/ResourceType( 9619): No known package when getting name for resource number 0xffffffff
W/ResourceType( 9619): No known package when getting name for resource number 0xffffffff
W/ResourceType( 9619): No known package when getting name for resource number 0xffffffff
W/ResourceType( 9619): No known package when getting name for resource number 0xffffffff
W/ResourceType( 9619): No known package when getting name for resource number 0xffffffff
W/ResourceType( 9619): No known package when getting name for resource number 0xffffffff
W/ResourceType( 9619): No known package when getting name for resource number 0xffffffff
W/ResourceType( 9619): No known package when getting name for resource number 0xffffffff
W/ResourceType( 9619): No known package when getting name for resource number 0xffffffff
W/ResourceType( 9619): No known package when getting name for resource number 0xffffffff
W/ResourceType( 9619): No known package when getting name for resource number 0xffffffff
W/ResourceType( 9619): No known package when getting name for resource number 0xffffffff
W/ResourceType( 9619): No known package when getting name for resource number 0xffffffff
W/ResourceType( 9619): No known package when getting name for resource number 0xffffffff
W/ResourceType( 9619): No known package when getting name for resource number 0xffffffff
W/ResourceType( 9619): No known package when getting name for resource number 0xffffffff
W/ResourceType( 9619): No known package when getting name for resource number 0xffffffff
W/ResourceType( 9619): No known package when getting name for resource number 0xffffffff
W/ResourceType( 9619): No known package when getting name for resource number 0xffffffff
W/ResourceType( 9619): No known package when getting name for resource number 0xffffffff
W/ResourceType( 9619): No known package when getting name for resource number 0xffffffff
W/ResourceType( 9619): No known package when getting name for resource number 0xffffffff
W/ResourceType( 9619): No known package when getting name for resource number 0xffffffff
W/ResourceType( 9619): No known package when getting name for resource number 0xffffffff
W/ResourceType( 9619): No known package when getting name for resource number 0xffffffff
W/ResourceType( 9619): No known package when getting name for resource number 0xffffffff
W/ResourceType( 9619): No known package when getting name for resource number 0xffffffff
W/ResourceType( 9619): No known package when getting name for resource number 0xffffffff
W/ResourceType( 9619): No known package when getting name for resource number 0xffffffff
W/ResourceType( 9619): No known package when getting name for resource number 0xffffffff
W/ResourceType( 9619): No known package when getting name for resource number 0xffffffff
W/ResourceType( 9619): No known package when getting name for resource number 0xffffffff
W/ResourceType( 9619): No known package when getting name for resource number 0xffffffff
W/ResourceType( 9619): No known package when getting name for resource number 0xffffffff
W/ResourceType( 9619): No known package when getting name for resource number 0xffffffff
W/ResourceType( 9619): No known package when getting name for resource number 0xffffffff
W/ResourceType( 9619): No known package when getting name for resource number 0xffffffff
W/ResourceType( 9619): No known package when getting name for resource number 0xffffffff
W/ResourceType( 9619): No known package when getting name for resource number 0xffffffff
W/ResourceType( 9619): No known package when getting name for resource number 0xffffffff
W/ResourceType( 9619): No known package when getting name for resource number 0xffffffff
W/ResourceType( 9619): No known package when getting name for resource number 0xffffffff
W/ResourceType( 9619): No known package when getting name for resource number 0xffffffff
I/mono-stdout( 9619): done making call to: /consumer/saved-jobs/?DeveloperKey=WDHR8FC6P2JZ1Y61KLM5
E/RecyclerView( 9619): No adapter attached; skipping layout
I/System.out( 9619): URI: /map
I/System.out( 9619): params: {json={"query":"* marked:'Job 2'","operation":{"method_name":"query","arguments":[]}}
I/System.out( 9619): }
D/Mono    ( 9619): DllImport searching in: '__Internal' ('(null)').
D/Mono    ( 9619): Searching for 'java_interop_jnienv_set_int_field'.
D/Mono    ( 9619): Probing 'java_interop_jnienv_set_int_field'.
D/Mono    ( 9619): Found as 'java_interop_jnienv_set_int_field'.
E/RecyclerView( 9619): No adapter attached; skipping layout
W/art     ( 9619): JNI RegisterNativeMethods: attempt to register 0 native methods for md539c3d548fb000cea9f34163fa7e112ea.JobResultViewHolder
W/art     ( 9619): JNI RegisterNativeMethods: attempt to register 0 native methods for md543b91ad655f5c020e54c78f692da973f.SnapshotView
W/ResourceType( 9619): No known package when getting name for resource number 0xffffffff
W/ResourceType( 9619): No known package when getting name for resource number 0xffffffff
W/ResourceType( 9619): No known package when getting name for resource number 0xffffffff
W/ResourceType( 9619): No known package when getting name for resource number 0xffffffff
W/ResourceType( 9619): No known package when getting name for resource number 0xffffffff
W/ResourceType( 9619): No known package when getting name for resource number 0xffffffff
W/ResourceType( 9619): No known package when getting name for resource number 0xffffffff
W/ResourceType( 9619): No known package when getting name for resource number 0xffffffff
W/ResourceType( 9619): No known package when getting name for resource number 0xffffffff
W/ResourceType( 9619): No known package when getting name for resource number 0xffffffff
W/ResourceType( 9619): No known package when getting name for resource number 0xffffffff
W/ResourceType( 9619): No known package when getting name for resource number 0xffffffff
W/ResourceType( 9619): No known package when getting name for resource number 0xffffffff
W/ResourceType( 9619): No known package when getting name for resource number 0xffffffff
W/ResourceType( 9619): No known package when getting name for resource number 0xffffffff
W/ResourceType( 9619): No known package when getting name for resource number 0xffffffff
W/ResourceType( 9619): No known package when getting name for resource number 0xffffffff
W/ResourceType( 9619): No known package when getting name for resource number 0xffffffff
W/ResourceType( 9619): No known package when getting name for resource number 0xffffffff
W/ResourceType( 9619): No known package when getting name for resource number 0xffffffff
W/ResourceType( 9619): No known package when getting name for resource number 0xffffffff
W/ResourceType( 9619): No known package when getting name for resource number 0xffffffff
W/ResourceType( 9619): No known package when getting name for resource number 0xffffffff
W/ResourceType( 9619): No known package when getting name for resource number 0xffffffff
W/ResourceType( 9619): No known package when getting name for resource number 0xffffffff
W/ResourceType( 9619): No known package when getting name for resource number 0xffffffff
W/ResourceType( 9619): No known package when getting name for resource number 0xffffffff
W/ResourceType( 9619): No known package when getting name for resource number 0xffffffff
W/ResourceType( 9619): No known package when getting name for resource number 0xffffffff
W/ResourceType( 9619): No known package when getting name for resource number 0xffffffff
W/ResourceType( 9619): No known package when getting name for resource number 0xffffffff
W/ResourceType( 9619): No known package when getting name for resource number 0xffffffff
W/ResourceType( 9619): No known package when getting name for resource number 0xffffffff
W/ResourceType( 9619): No known package when getting name for resource number 0xffffffff
W/ResourceType( 9619): No known package when getting name for resource number 0xffffffff
W/ResourceType( 9619): No known package when getting name for resource number 0xffffffff
W/ResourceType( 9619): No known package when getting name for resource number 0xffffffff
W/ResourceType( 9619): No known package when getting name for resource number 0xffffffff
W/ResourceType( 9619): No known package when getting name for resource number 0xffffffff
W/ResourceType( 9619): No known package when getting name for resource number 0xffffffff
W/ResourceType( 9619): No known package when getting name for resource number 0xffffffff
W/ResourceType( 9619): No known package when getting name for resource number 0xffffffff
W/ResourceType( 9619): No known package when getting name for resource number 0xffffffff
W/ResourceType( 9619): No known package when getting name for resource number 0xffffffff
W/ResourceType( 9619): No known package when getting name for resource number 0xffffffff
W/ResourceType( 9619): No known package when getting name for resource number 0xffffffff
W/ResourceType( 9619): No known package when getting name for resource number 0xffffffff
W/ResourceType( 9619): No known package when getting name for resource number 0xffffffff
W/ResourceType( 9619): No known package when getting name for resource number 0xffffffff
W/ResourceType( 9619): No known package when getting name for resource number 0xffffffff
W/ResourceType( 9619): No known package when getting name for resource number 0xffffffff
W/ResourceType( 9619): No known package when getting name for resource number 0xffffffff
W/ResourceType( 9619): No known package when getting name for resource number 0xffffffff
W/ResourceType( 9619): No known package when getting name for resource number 0xffffffff
W/ResourceType( 9619): No known package when getting name for resource number 0xffffffff
W/ResourceType( 9619): No known package when getting name for resource number 0xffffffff
W/ResourceType( 9619): No known package when getting name for resource number 0xffffffff
W/ResourceType( 9619): No known package when getting name for resource number 0xffffffff
W/ResourceType( 9619): No known package when getting name for resource number 0xffffffff
W/ResourceType( 9619): No known package when getting name for resource number 0xffffffff
W/ResourceType( 9619): No known package when getting name for resource number 0xffffffff
W/ResourceType( 9619): No known package when getting name for resource number 0xffffffff
W/ResourceType( 9619): No known package when getting name for resource number 0xffffffff
W/ResourceType( 9619): No known package when getting name for resource number 0xffffffff
W/ResourceType( 9619): No known package when getting name for resource number 0xffffffff
W/ResourceType( 9619): No known package when getting name for resource number 0xffffffff
W/ResourceType( 9619): No known package when getting name for resource number 0xffffffff
W/ResourceType( 9619): No known package when getting name for resource number 0xffffffff
W/ResourceType( 9619): No known package when getting name for resource number 0xffffffff
W/ResourceType( 9619): No known package when getting name for resource number 0xffffffff
W/ResourceType( 9619): No known package when getting name for resource number 0xffffffff
W/ResourceType( 9619): No known package when getting name for resource number 0xffffffff
W/ResourceType( 9619): No known package when getting name for resource number 0xffffffff
I/System.out( 9619): URI: /map
I/System.out( 9619): params: {json={"query":"* marked:'Job 2'","operation":{"method_name":"query","arguments":[]}}
I/System.out( 9619): }
W/ResourceType( 9619): No known package when getting name for resource number 0xffffffff
W/ResourceType( 9619): No known package when getting name for resource number 0xffffffff
W/ResourceType( 9619): No known package when getting name for resource number 0xffffffff
W/ResourceType( 9619): No known package when getting name for resource number 0xffffffff
W/ResourceType( 9619): No known package when getting name for resource number 0xffffffff
W/ResourceType( 9619): No known package when getting name for resource number 0xffffffff
W/ResourceType( 9619): No known package when getting name for resource number 0xffffffff
W/ResourceType( 9619): No known package when getting name for resource number 0xffffffff
W/ResourceType( 9619): No known package when getting name for resource number 0xffffffff
W/ResourceType( 9619): No known package when getting name for resource number 0xffffffff
W/ResourceType( 9619): No known package when getting name for resource number 0xffffffff
W/ResourceType( 9619): No known package when getting name for resource number 0xffffffff
W/ResourceType( 9619): No known package when getting name for resource number 0xffffffff
W/ResourceType( 9619): No known package when getting name for resource number 0xffffffff
W/ResourceType( 9619): No known package when getting name for resource number 0xffffffff
W/ResourceType( 9619): No known package when getting name for resource number 0xffffffff
W/ResourceType( 9619): No known package when getting name for resource number 0xffffffff
W/ResourceType( 9619): No known package when getting name for resource number 0xffffffff
W/ResourceType( 9619): No known package when getting name for resource number 0xffffffff
W/ResourceType( 9619): No known package when getting name for resource number 0xffffffff
W/ResourceType( 9619): No known package when getting name for resource number 0xffffffff
W/ResourceType( 9619): No known package when getting name for resource number 0xffffffff
W/ResourceType( 9619): No known package when getting name for resource number 0xffffffff
W/ResourceType( 9619): No known package when getting name for resource number 0xffffffff
W/ResourceType( 9619): No known package when getting name for resource number 0xffffffff
W/ResourceType( 9619): No known package when getting name for resource number 0xffffffff
W/ResourceType( 9619): No known package when getting name for resource number 0xffffffff
W/ResourceType( 9619): No known package when getting name for resource number 0xffffffff
W/ResourceType( 9619): No known package when getting name for resource number 0xffffffff
W/ResourceType( 9619): No known package when getting name for resource number 0xffffffff
W/ResourceType( 9619): No known package when getting name for resource number 0xffffffff
W/ResourceType( 9619): No known package when getting name for resource number 0xffffffff
W/ResourceType( 9619): No known package when getting name for resource number 0xffffffff
W/ResourceType( 9619): No known package when getting name for resource number 0xffffffff
W/ResourceType( 9619): No known package when getting name for resource number 0xffffffff
W/ResourceType( 9619): No known package when getting name for resource number 0xffffffff
W/ResourceType( 9619): No known package when getting name for resource number 0xffffffff
W/ResourceType( 9619): No known package when getting name for resource number 0xffffffff
W/ResourceType( 9619): No known package when getting name for resource number 0xffffffff
W/ResourceType( 9619): No known package when getting name for resource number 0xffffffff
W/ResourceType( 9619): No known package when getting name for resource number 0xffffffff
W/ResourceType( 9619): No known package when getting name for resource number 0xffffffff
W/ResourceType( 9619): No known package when getting name for resource number 0xffffffff
W/ResourceType( 9619): No known package when getting name for resource number 0xffffffff
W/ResourceType( 9619): No known package when getting name for resource number 0xffffffff
W/ResourceType( 9619): No known package when getting name for resource number 0xffffffff
W/ResourceType( 9619): No known package when getting name for resource number 0xffffffff
W/ResourceType( 9619): No known package when getting name for resource number 0xffffffff
W/ResourceType( 9619): No known package when getting name for resource number 0xffffffff
W/ResourceType( 9619): No known package when getting name for resource number 0xffffffff
W/ResourceType( 9619): No known package when getting name for resource number 0xffffffff
W/ResourceType( 9619): No known package when getting name for resource number 0xffffffff
W/ResourceType( 9619): No known package when getting name for resource number 0xffffffff
W/ResourceType( 9619): No known package when getting name for resource number 0xffffffff
W/ResourceType( 9619): No known package when getting name for resource number 0xffffffff
W/ResourceType( 9619): No known package when getting name for resource number 0xffffffff
W/ResourceType( 9619): No known package when getting name for resource number 0xffffffff
W/ResourceType( 9619): No known package when getting name for resource number 0xffffffff
W/ResourceType( 9619): No known package when getting name for resource number 0xffffffff
W/ResourceType( 9619): No known package when getting name for resource number 0xffffffff
W/ResourceType( 9619): No known package when getting name for resource number 0xffffffff
W/ResourceType( 9619): No known package when getting name for resource number 0xffffffff
W/ResourceType( 9619): No known package when getting name for resource number 0xffffffff
W/ResourceType( 9619): No known package when getting name for resource number 0xffffffff
W/ResourceType( 9619): No known package when getting name for resource number 0xffffffff
W/ResourceType( 9619): No known package when getting name for resource number 0xffffffff
D/WifiStateMachine(  927): starting scan for "xtc-ag"WPA_PSK with 5240,5180,5220,5200
I/ServiceManager(  591): Waiting for service AtCmdFwd...
I/System.out( 9619): URI: /map
I/System.out( 9619): params: {json={"query":"* marked:'Job 2'","operation":{"method_name":"query","arguments":[]}}
I/System.out( 9619): }
W/ResourceType( 9619): No known package when getting name for resource number 0xffffffff
W/ResourceType( 9619): No known package when getting name for resource number 0xffffffff
W/ResourceType( 9619): No known package when getting name for resource number 0xffffffff
W/ResourceType( 9619): No known package when getting name for resource number 0xffffffff
W/ResourceType( 9619): No known package when getting name for resource number 0xffffffff
W/ResourceType( 9619): No known package when getting name for resource number 0xffffffff
W/ResourceType( 9619): No known package when getting name for resource number 0xffffffff
W/ResourceType( 9619): No known package when getting name for resource number 0xffffffff
W/ResourceType( 9619): No known package when getting name for resource number 0xffffffff
W/ResourceType( 9619): No known package when getting name for resource number 0xffffffff
W/ResourceType( 9619): No known package when getting name for resource number 0xffffffff
W/ResourceType( 9619): No known package when getting name for resource number 0xffffffff
W/ResourceType( 9619): No known package when getting name for resource number 0xffffffff
W/ResourceType( 9619): No known package when getting name for resource number 0xffffffff
W/ResourceType( 9619): No known package when getting name for resource number 0xffffffff
W/ResourceType( 9619): No known package when getting name for resource number 0xffffffff
W/ResourceType( 9619): No known package when getting name for resource number 0xffffffff
W/ResourceType( 9619): No known package when getting name for resource number 0xffffffff
W/ResourceType( 9619): No known package when getting name for resource number 0xffffffff
W/ResourceType( 9619): No known package when getting name for resource number 0xffffffff
W/ResourceType( 9619): No known package when getting name for resource number 0xffffffff
W/ResourceType( 9619): No known package when getting name for resource number 0xffffffff
W/ResourceType( 9619): No known package when getting name for resource number 0xffffffff
W/ResourceType( 9619): No known package when getting name for resource number 0xffffffff
W/ResourceType( 9619): No known package when getting name for resource number 0xffffffff
W/ResourceType( 9619): No known package when getting name for resource number 0xffffffff
W/ResourceType( 9619): No known package when getting name for resource number 0xffffffff
W/ResourceType( 9619): No known package when getting name for resource number 0xffffffff
W/ResourceType( 9619): No known package when getting name for resource number 0xffffffff
W/ResourceType( 9619): No known package when getting name for resource number 0xffffffff
W/ResourceType( 9619): No known package when getting name for resource number 0xffffffff
W/ResourceType( 9619): No known package when getting name for resource number 0xffffffff
W/ResourceType( 9619): No known package when getting name for resource number 0xffffffff
W/ResourceType( 9619): No known package when getting name for resource number 0xffffffff
W/ResourceType( 9619): No known package when getting name for resource number 0xffffffff
W/ResourceType( 9619): No known package when getting name for resource number 0xffffffff
W/ResourceType( 9619): No known package when getting name for resource number 0xffffffff
W/ResourceType( 9619): No known package when getting name for resource number 0xffffffff
W/ResourceType( 9619): No known package when getting name for resource number 0xffffffff
W/ResourceType( 9619): No known package when getting name for resource number 0xffffffff
W/ResourceType( 9619): No known package when getting name for resource number 0xffffffff
W/ResourceType( 9619): No known package when getting name for resource number 0xffffffff
W/ResourceType( 9619): No known package when getting name for resource number 0xffffffff
W/ResourceType( 9619): No known package when getting name for resource number 0xffffffff
W/ResourceType( 9619): No known package when getting name for resource number 0xffffffff
W/ResourceType( 9619): No known package when getting name for resource number 0xffffffff
W/ResourceType( 9619): No known package when getting name for resource number 0xffffffff
W/ResourceType( 9619): No known package when getting name for resource number 0xffffffff
W/ResourceType( 9619): No known package when getting name for resource number 0xffffffff
W/ResourceType( 9619): No known package when getting name for resource number 0xffffffff
W/ResourceType( 9619): No known package when getting name for resource number 0xffffffff
W/ResourceType( 9619): No known package when getting name for resource number 0xffffffff
W/ResourceType( 9619): No known package when getting name for resource number 0xffffffff
W/ResourceType( 9619): No known package when getting name for resource number 0xffffffff
W/ResourceType( 9619): No known package when getting name for resource number 0xffffffff
W/ResourceType( 9619): No known package when getting name for resource number 0xffffffff
W/ResourceType( 9619): No known package when getting name for resource number 0xffffffff
W/ResourceType( 9619): No known package when getting name for resource number 0xffffffff
W/ResourceType( 9619): No known package when getting name for resource number 0xffffffff
W/ResourceType( 9619): No known package when getting name for resource number 0xffffffff
W/ResourceType( 9619): No known package when getting name for resource number 0xffffffff
W/ResourceType( 9619): No known package when getting name for resource number 0xffffffff
W/ResourceType( 9619): No known package when getting name for resource number 0xffffffff
W/ResourceType( 9619): No known package when getting name for resource number 0xffffffff
W/ResourceType( 9619): No known package when getting name for resource number 0xffffffff
W/ResourceType( 9619): No known package when getting name for resource number 0xffffffff
I/System.out( 9619): URI: /
I/System.out( 9619): params: {json={"command":"touch_coordinate","arguments":[683.0,1394.0]}
I/System.out( 9619): }
I/System.out( 9619): header: {content-length=57, host=devicehost151.prod, x-session-token=token-token-a7880594-8edb-4b64-92f4-7063474865c4, x-forwarded-for=10.222.150.24, content-type=application/json; charset=utf-8, connection=close}
I/System.out( 9619): params: {json={"command":"touch_coordinate","arguments":[683.0,1394.0]}
I/System.out( 9619): }
I/System.out( 9619): ProP json = {"command":"touch_coordinate","arguments":[683.0,1394.0]}
I/System.out( 9619): files: {}
I/System.out( 9619): command: {"command":"touch_coordinate","arguments":[683.0,1394.0]}
I/InstrumentationBackend( 9619): Got command:'Command:'Line:null,touch_coordinate', arguments:'[683.0, 1394.0]'
I/ServiceManager(  591): Waiting for service AtCmdFwd...
D/audio_hw_primary(  513): out_set_parameters: enter: usecase(1: low-latency-playback) kvpairs: routing=2
D/audio_hw_primary(  513): select_devices: out_snd_device(2: speaker) in_snd_device(0: none)
D/msm8974_platform(  513): platform_send_audio_calibration: sending audio calibration for snd_device(2) acdb_id(15)
I/soundtrigger(  513): audio_extn_sound_trigger_update_device_status: device 0x2 of type 0 for Event 1
D/Mono    ( 9619): Assembly Ref addref CareerBuilder_Search.Droid[0xef7a9080] -> Xamarin.Android.Support.v7.CardView[0xef7a9c80]: 2
D/audio_hw_primary(  513): enable_snd_device: snd_device(2: speaker)
D/audio_hw_primary(  513): enable_audio_route: apply and update mixer path: low-latency-playback speaker
I/calabash( 9619): execStartActivity 4
I/ActivityManager(  927): START u0 {cmp=com.careerbuilder.SugarDrone/md5a4824aa66c0dc4d104077b72c1916a44.JobDisplayPageActivity (has extras)} from uid 16076 on display 0
I/calabash( 9619): newActivity1
I/WebViewFactory( 9619): Loading com.google.android.webview version 44.0.2403.117 (code 246011750)
I/System.out( 9619): result:{"bonusInformation":[],"message":"","success":true}
W/System  ( 9619): ClassLoader referenced unknown path: /system/app/WebViewGoogle/lib/arm
I/LibraryLoader( 9619): Time to load native libraries: 61 ms (timestamps 5358-5419)
I/LibraryLoader( 9619): Expected native library version number "",actual native library version number ""
V/WebViewChromiumFactoryProvider( 9619): Binding Chromium to main looper Looper (main, tid 1) {2e78650}
I/LibraryLoader( 9619): Expected native library version number "",actual native library version number ""
I/chromium( 9619): [INFO:library_loader_hooks.cc(120)] Chromium logging enabled: level = 0, default verbosity = 0
I/BrowserStartupController( 9619): Initializing chromium process, singleProcess=true
W/art     ( 9619): Attempt to remove non-JNI local reference, dumping thread
E/SysUtils( 9619): ApplicationContext is null in ApplicationStatus
I/System.out( 9619): URI: /map
I/System.out( 9619): params: {json={"query":"* marked:'travelCard'","operation":{"method_name":"query","arguments":[]}}
I/System.out( 9619): }
W/chromium( 9619): [WARNING:resource_bundle.cc(285)] locale_file_path.empty()
E/libEGL  ( 9619): validate_display:255 error 3008 (EGL_BAD_DISPLAY)
E/libEGL  ( 9619): validate_display:255 error 3008 (EGL_BAD_DISPLAY)
W/AudioManagerAndroid( 9619): Requires BLUETOOTH permission
D/Mono    ( 9619): Unloading image System.Runtime.Extensions.dll [0xd9460400].
D/Mono    ( 9619): Image addref System.Runtime.Extensions[0xd956e2c0] -> System.Runtime.Extensions.dll[0xda587b00]: 8
D/Mono    ( 9619): Config attempting to parse: 'System.Runtime.Extensions.dll.config'.
D/Mono    ( 9619): Config attempting to parse: '/Users/builder/data/lanes/4009/3a62f1ea/source/monodroid/builds/install/mono-armv6/etc/mono/assemblies/System.Runtime.Extensions/System.Runtime.Extensions.config'.
D/Mono    ( 9619): Assembly Ref addref CareerBuilder_Search[0xef7aa0a0] -> System.Runtime.Extensions[0xef518900]: 6
I/mono-stdout( 9619): uri is: https://api.careerbuilder.com/v3/job?DID=job2&outputjson=true&ShowApplyRequirements=true&DeveloperKey=WDHR8FC6P2JZ1Y61KLM5
I/mono-stdout( 9619): making api call to: /v3/job?DID=job2&outputjson=true&ShowApplyRequirements=true&DeveloperKey=WDHR8FC6P2JZ1Y61KLM5
I/mono-stdout( 9619): uri is: https://api.careerbuilder.com/consumer/saved-jobs/?DeveloperKey=WDHR8FC6P2JZ1Y61KLM5
I/mono-stdout( 9619): making api call to: /consumer/saved-jobs/?DeveloperKey=WDHR8FC6P2JZ1Y61KLM5
I/mono-stdout( 9619): Method: GET, RequestUri: 'https://api.careerbuilder.com/consumer/saved-jobs/?DeveloperKey=WDHR8FC6P2JZ1Y61KLM5', Version: 1.1, Content: <null>, Headers:

I/mono-stdout( 9619): {

I/mono-stdout( 9619): DeveloperKey: WDHR8FC6P2JZ1Y61KLM5

I/mono-stdout( 9619): Accept: application/json

I/mono-stdout( 9619): Authorization: Bearer test

I/mono-stdout( 9619): HostSite: US

I/mono-stdout( 9619): }
I/mono-stdout( 9619): Current State = 1,2,6,7
I/mono-stdout( 9619): applied jobs = 6
I/mono-stdout( 9619): expired jobs = 7
I/mono-stdout( 9619): saved jobs = Saved,Saved,Applied,Saved
I/ActivityManager(  927): Displayed com.careerbuilder.SugarDrone/md5a4824aa66c0dc4d104077b72c1916a44.JobDisplayPageActivity: +428ms
I/Keyboard.Facilitator( 3510): onFinishInput()
W/ResourceType( 9619): No known package when getting name for resource number 0xffffffff
W/ResourceType( 9619): No known package when getting name for resource number 0xffffffff
W/ResourceType( 9619): No known package when getting name for resource number 0xffffffff
